---
source: src/tui/tests.rs
expression: render_snapshot(&mut app)
---
┌ Task ────────────────────────────────────────────────────────────────────────────────────────┐
│TASK-001 Question card                                                                        │
│Status: todo │ Session: - │ Interactive: true                                                 │
│Backend: default │ Model: - │ Effort: - │ Agent: - │ Chain: -                                 │
│Created: <timestamp> │ Updated: <timestamp>                     │
│Description:                                                                                  │
│Needs an answer                                                                               │
└──────────────────────────────────────────────────────────────────────────────────────────────┘
┌ Thread ──────────────────────────────────────────────────────────────────────────────────────▲
│MSG-001 · system · open                                                                       █
│Task created: Question card                                                                   █
│Status: todo                                                                                  █
│Created at: <timestamp>                                                        █
│                                                                                              █
│MSG-002 · task · open                                                                         █
│Needs an answer                                                                               █
│                                                                                              █
│» MSG-003 · question · open                                                                   ║
└──────────────────────────────────────────────────────────────────────────────────────────────▼
┌ Answer question 1/1 · ←→ question · ↑↓ variant · Enter send ─────────────────────────────────┐
│Choose a route?                                                                               │
│› Custom answer: (type to fill)                                                               │
│  1. Fast path                                                                                │
│  2. Safe path                                                                                │
│                                                                                              │
└──────────────────────────────────────────────────────────────────────────────────────────────┘
[ ▶ Run r ] [ Answer w ] [ Edit e ] [ Move m ] [ +Ctx c ] [ Del d ]                             
 ? 1 questions  TUI ready │ r run · w answer · y approve · Tab editor · q/Esc back              

--- style runs ---
0:0-96 Style::new().fg(Color::Rgb(106, 153, 255)).bg(Color::Rgb(18, 18, 22)).underline_color(Color::Reset)
1:0-1 Style::new().fg(Color::Rgb(106, 153, 255)).bg(Color::Rgb(18, 18, 22)).underline_color(Color::Reset)
1:1-9 Style::new().fg(Color::Rgb(106, 153, 255)).bg(Color::Rgb(18, 18, 22)).underline_color(Color::Reset).bold()
1:9-95 Style::new().fg(Color::Rgb(230, 230, 235)).bg(Color::Rgb(18, 18, 22)).underline_color(Color::Reset)
1:95-96 Style::new().fg(Color::Rgb(106, 153, 255)).bg(Color::Rgb(18, 18, 22)).underline_color(Color::Reset)
2:0-1 Style::new().fg(Color::Rgb(106, 153, 255)).bg(Color::Rgb(18, 18, 22)).underline_color(Color::Reset)
2:1-95 Style::new().fg(Color::Rgb(230, 230, 235)).bg(Color::Rgb(18, 18, 22)).underline_color(Color::Reset)
2:95-96 Style::new().fg(Color::Rgb(106, 153, 255)).bg(Color::Rgb(18, 18, 22)).underline_color(Color::Reset)
3:0-1 Style::new().fg(Color::Rgb(106, 153, 255)).bg(Color::Rgb(18, 18, 22)).underline_color(Color::Reset)
3:1-95 Style::new().fg(Color::Rgb(230, 230, 235)).bg(Color::Rgb(18, 18, 22)).underline_color(Color::Reset)
3:95-96 Style::new().fg(Color::Rgb(106, 153, 255)).bg(Color::Rgb(18, 18, 22)).underline_color(Color::Reset)
4:0-1 Style::new().fg(Color::Rgb(106, 153, 255)).bg(Color::Rgb(18, 18, 22)).underline_color(Color::Reset)
4:1-95 Style::new().fg(Color::Rgb(230, 230, 235)).bg(Color::Rgb(18, 18, 22)).underline_color(Color::Reset)
4:95-96 Style::new().fg(Color::Rgb(106, 153, 255)).bg(Color::Rgb(18, 18, 22)).underline_color(Color::Reset)
5:0-1 Style::new().fg(Color::Rgb(106, 153, 255)).bg(Color::Rgb(18, 18, 22)).underline_color(Color::Reset)
5:1-13 Style::new().fg(Color::Rgb(130, 133, 145)).bg(Color::Rgb(18, 18, 22)).underline_color(Color::Reset).bold()
5:13-95 Style::new().fg(Color::Rgb(230, 230, 235)).bg(Color::Rgb(18, 18, 22)).underline_color(Color::Reset)
5:95-96 Style::new().fg(Color::Rgb(106, 153, 255)).bg(Color::Rgb(18, 18, 22)).underline_color(Color::Reset)
6:0-1 Style::new().fg(Color::Rgb(106, 153, 255)).bg(Color::Rgb(18, 18, 22)).underline_color(Color::Reset)
6:1-95 Style::new().fg(Color::Rgb(230, 230, 235)).bg(Color::Rgb(18, 18, 22)).underline_color(Color::Reset)
6:95-96 Style::new().fg(Color::Rgb(106, 153, 255)).bg(Color::Rgb(18, 18, 22)).underline_color(Color::Reset)
7:0-96 Style::new().fg(Color::Rgb(106, 153, 255)).bg(Color::Rgb(18, 18, 22)).underline_color(Color::Reset)
8:0-96 Style::new().fg(Color::Rgb(106, 153, 255)).bg(Color::Rgb(18, 18, 22)).underline_color(Color::Reset)
9:0-1 Style::new().fg(Color::Rgb(106, 153, 255)).bg(Color::Rgb(18, 18, 22)).underline_color(Color::Reset)
9:1-24 Style::new().fg(Color::Rgb(130, 133, 145)).bg(Color::Rgb(18, 18, 22)).underline_color(Color::Reset)
9:24-95 Style::new().fg(Color::Rgb(230, 230, 235)).bg(Color::Rgb(18, 18, 22)).underline_color(Color::Reset)
9:95-96 Style::new().fg(Color::Rgb(106, 153, 255)).bg(Color::Rgb(18, 18, 22)).underline_color(Color::Reset)
10:0-1 Style::new().fg(Color::Rgb(106, 153, 255)).bg(Color::Rgb(18, 18, 22)).underline_color(Color::Reset)
10:1-95 Style::new().fg(Color::Rgb(230, 230, 235)).bg(Color::Rgb(18, 18, 22)).underline_color(Color::Reset)
10:95-96 Style::new().fg(Color::Rgb(106, 153, 255)).bg(Color::Rgb(18, 18, 22)).underline_color(Color::Reset)
11:0-1 Style::new().fg(Color::Rgb(106, 153, 255)).bg(Color::Rgb(18, 18, 22)).underline_color(Color::Reset)
11:1-95 Style::new().fg(Color::Rgb(230, 230, 235)).bg(Color::Rgb(18, 18, 22)).underline_color(Color::Reset)
11:95-96 Style::new().fg(Color::Rgb(106, 153, 255)).bg(Color::Rgb(18, 18, 22)).underline_color(Color::Reset)
12:0-1 Style::new().fg(Color::Rgb(106, 153, 255)).bg(Color::Rgb(18, 18, 22)).underline_color(Color::Reset)
12:1-95 Style::new().fg(Color::Rgb(230, 230, 235)).bg(Color::Rgb(18, 18, 22)).underline_color(Color::Reset)
12:95-96 Style::new().fg(Color::Rgb(106, 153, 255)).bg(Color::Rgb(18, 18, 22)).underline_color(Color::Reset)
13:0-1 Style::new().fg(Color::Rgb(106, 153, 255)).bg(Color::Rgb(18, 18, 22)).underline_color(Color::Reset)
13:1-95 Style::new().fg(Color::Rgb(230, 230, 235)).bg(Color::Rgb(18, 18, 22)).underline_color(Color::Reset)
13:95-96 Style::new().fg(Color::Rgb(106, 153, 255)).bg(Color::Rgb(18, 18, 22)).underline_color(Color::Reset)
14:0-1 Style::new().fg(Color::Rgb(106, 153, 255)).bg(Color::Rgb(18, 18, 22)).underline_color(Color::Reset)
14:1-22 Style::new().fg(Color::Rgb(100, 210, 140)).bg(Color::Rgb(18, 18, 22)).underline_color(Color::Reset)
14:22-95 Style::new().fg(Color::Rgb(230, 230, 235)).bg(Color::Rgb(18, 18, 22)).underline_color(Color::Reset)
14:95-96 Style::new().fg(Color::Rgb(106, 153, 255)).bg(Color::Rgb(18, 18, 22)).underline_color(Color::Reset)
15:0-1 Style::new().fg(Color::Rgb(106, 153, 255)).bg(Color::Rgb(18, 18, 22)).underline_color(Color::Reset)
15:1-95 Style::new().fg(Color::Rgb(230, 230, 235)).bg(Color::Rgb(18, 18, 22)).underline_color(Color::Reset)
15:95-96 Style::new().fg(Color::Rgb(106, 153, 255)).bg(Color::Rgb(18, 18, 22)).underline_color(Color::Reset)
16:0-1 Style::new().fg(Color::Rgb(106, 153, 255)).bg(Color::Rgb(18, 18, 22)).underline_color(Color::Reset)
16:1-95 Style::new().fg(Color::Rgb(230, 230, 235)).bg(Color::Rgb(18, 18, 22)).underline_color(Color::Reset)
16:95-96 Style::new().fg(Color::Rgb(106, 153, 255)).bg(Color::Rgb(18, 18, 22)).underline_color(Color::Reset)
17:0-1 Style::new().fg(Color::Rgb(106, 153, 255)).bg(Color::Rgb(18, 18, 22)).underline_color(Color::Reset)
17:1-28 Style::new().fg(Color::Rgb(245, 190, 80)).bg(Color::Rgb(18, 18, 22)).underline_color(Color::Reset).bold().reversed()
17:28-95 Style::new().fg(Color::Rgb(230, 230, 235)).bg(Color::Rgb(18, 18, 22)).underline_color(Color::Reset)
17:95-96 Style::new().fg(Color::Rgb(106, 153, 255)).bg(Color::Rgb(18, 18, 22)).underline_color(Color::Reset)
18:0-96 Style::new().fg(Color::Rgb(106, 153, 255)).bg(Color::Rgb(18, 18, 22)).underline_color(Color::Reset)
19:0-96 Style::new().fg(Color::Rgb(245, 190, 80)).bg(Color::Rgb(18, 18, 22)).underline_color(Color::Reset)
20:0-1 Style::new().fg(Color::Rgb(245, 190, 80)).bg(Color::Rgb(18, 18, 22)).underline_color(Color::Reset)
20:1-16 Style::new().fg(Color::Rgb(245, 190, 80)).bg(Color::Rgb(18, 18, 22)).underline_color(Color::Reset).bold()
20:16-95 Style::new().fg(Color::Rgb(230, 230, 235)).bg(Color::Rgb(18, 18, 22)).underline_color(Color::Reset)
20:95-96 Style::new().fg(Color::Rgb(245, 190, 80)).bg(Color::Rgb(18, 18, 22)).underline_color(Color::Reset)
21:0-1 Style::new().fg(Color::Rgb(245, 190, 80)).bg(Color::Rgb(18, 18, 22)).underline_color(Color::Reset)
21:1-32 Style::new().fg(Color::Rgb(230, 230, 235)).bg(Color::Rgb(18, 18, 22)).underline_color(Color::Reset).bold()
21:32-95 Style::new().fg(Color::Rgb(230, 230, 235)).bg(Color::Rgb(18, 18, 22)).underline_color(Color::Reset)
21:95-96 Style::new().fg(Color::Rgb(245, 190, 80)).bg(Color::Rgb(18, 18, 22)).underline_color(Color::Reset)
22:0-1 Style::new().fg(Color::Rgb(245, 190, 80)).bg(Color::Rgb(18, 18, 22)).underline_color(Color::Reset)
22:1-95 Style::new().fg(Color::Rgb(230, 230, 235)).bg(Color::Rgb(18, 18, 22)).underline_color(Color::Reset)
22:95-96 Style::new().fg(Color::Rgb(245, 190, 80)).bg(Color::Rgb(18, 18, 22)).underline_color(Color::Reset)
23:0-1 Style::new().fg(Color::Rgb(245, 190, 80)).bg(Color::Rgb(18, 18, 22)).underline_color(Color::Reset)
23:1-95 Style::new().fg(Color::Rgb(230, 230, 235)).bg(Color::Rgb(18, 18, 22)).underline_color(Color::Reset)
23:95-96 Style::new().fg(Color::Rgb(245, 190, 80)).bg(Color::Rgb(18, 18, 22)).underline_color(Color::Reset)
24:0-1 Style::new().fg(Color::Rgb(245, 190, 80)).bg(Color::Rgb(18, 18, 22)).underline_color(Color::Reset)
24:1-95 Style::new().fg(Color::Rgb(230, 230, 235)).bg(Color::Rgb(18, 18, 22)).underline_color(Color::Reset)
24:95-96 Style::new().fg(Color::Rgb(245, 190, 80)).bg(Color::Rgb(18, 18, 22)).underline_color(Color::Reset)
25:0-96 Style::new().fg(Color::Rgb(245, 190, 80)).bg(Color::Rgb(18, 18, 22)).underline_color(Color::Reset)
26:0-11 Style::new().fg(Color::Rgb(230, 230, 235)).bg(Color::Rgb(72, 76, 92)).underline_color(Color::Reset)
26:11-12 Style::new().fg(Color::Reset).bg(Color::Rgb(18, 18, 22)).underline_color(Color::Reset)
26:12-24 Style::new().fg(Color::Rgb(230, 230, 235)).bg(Color::Rgb(72, 76, 92)).underline_color(Color::Reset)
26:24-25 Style::new().fg(Color::Reset).bg(Color::Rgb(18, 18, 22)).underline_color(Color::Reset)
26:25-35 Style::new().fg(Color::Rgb(230, 230, 235)).bg(Color::Rgb(72, 76, 92)).underline_color(Color::Reset)
26:35-36 Style::new().fg(Color::Reset).bg(Color::Rgb(18, 18, 22)).underline_color(Color::Reset)
26:36-46 Style::new().fg(Color::Rgb(230, 230, 235)).bg(Color::Rgb(72, 76, 92)).underline_color(Color::Reset)
26:46-47 Style::new().fg(Color::Reset).bg(Color::Rgb(18, 18, 22)).underline_color(Color::Reset)
26:47-57 Style::new().fg(Color::Rgb(230, 230, 235)).bg(Color::Rgb(72, 76, 92)).underline_color(Color::Reset)
26:57-58 Style::new().fg(Color::Reset).bg(Color::Rgb(18, 18, 22)).underline_color(Color::Reset)
26:58-67 Style::new().fg(Color::Rgb(230, 230, 235)).bg(Color::Rgb(72, 76, 92)).underline_color(Color::Reset)
26:67-96 Style::new().fg(Color::Reset).bg(Color::Rgb(18, 18, 22)).underline_color(Color::Reset)
27:0-15 Style::new().fg(Color::Rgb(245, 190, 80)).bg(Color::Rgb(72, 76, 92)).underline_color(Color::Reset)
27:15-96 Style::new().fg(Color::Rgb(230, 230, 235)).bg(Color::Rgb(72, 76, 92)).underline_color(Color::Reset)
