---
source: src/tui/tests.rs
expression: rendered
---
┌ To Do (1) ────────────┐┌ In Progress (0) ──────┐┌ Review (1) ───────────┐┌ Done (0) ─── ▸ Kanban ┐
│┌─────────────────────┐││No tasks               ││┌─────────────────────┐││No tasks               │
││TASK-001 Question car│││                       │││TASK-002 Implement se│││                       │
││? Choose a route?    │││                       │││Dropdown work        │││                       │
││☑ interactive ? quest│││                       ││└─────────────────────┘││                       │
│└─────────────────────┘││                       ││                       ││                       │
│              ┌ New task ──────────────────────────────────────────────────────────┐              │
│              │┌ A┌ Primary agent settings ────────────────────────────────────┐──┐│              │
│              ││de│┌ Backend ─────────────────────────────────────────────────┐│  ││              │
│              │└──││/ type to filter                                          ││──┘│              │
│              │┌ C││› Default backend (opencode)                              ││──┐│              │
│              ││/ ││  opencode                                                ││  ││              │
│              ││› ││  claude                                                  ││  ││              │
│              ││  │└──────────────────────────────────────────────────────────┘│  ││              │
│              ││  │┌ Model ───────────────────────────────────────────────────┐│  ││              │
│              │└──││/ type to filter                                          ││──┘│              │
│              │┌ O││› Default model                                           ││──┐│              │
│              ││☐ ││  openai/gpt-5.5                                          ││  ││              │
│              │└──││  opencode-go/deepseek-v4-flash                           ││──┘│              │
│              │┌ D│└──────────────────────────────────────────────────────────┘│──┐│              │
│              ││☐ │┌ Effort ──────────────────────────────────────────────────┐│  ││              │
│              │└──││› Default effort                                          ││──┘│              │
│              │┌ R││                                                          ││──┐│              │
│              ││☐ │└──────────────────────────────────────────────────────────┘│  ││              │
│              │└──│┌ Agent ───────────────────────────────────────────────────┐│──┘│              │
│              │   ││› Default agent                                           ││   │              │
│              │   ││  sisyphus                                                ││   │              │
│              │   │└──────────────────────────────────────────────────────────┘│   │              │
│              │   │┌──────────────────────────────────────────────────────────┐│   │              │
│              │┌──││[ Save ]  [ Cancel ]                                      ││──┐│              │
│              ││[ ││(Ctrl + S)       use Tab, Enter or Shift + Tab to navigate││  ││              │
│              ││(C│└──────────────────────────────────────────────────────────┘│te││              │
│              │└──└────────────────────────────────────────────────────────────┘──┘│              │
│              └────────────────────────────────────────────────────────────────────┘              │
│                       ││                       ││                       ││                       │
│                       ││                       ││                       ││                       │
│                       ││                       ││                       ││                       │
│                       ││                       ││                       ││                       │
└───────────────────────┘└───────────────────────┘└───────────────────────┘└───────────────────────┘
 ? 1 questions  TUI ready │ n new · e edit · r queue · Q queue · m move · / filter · ? help         

--- style runs ---
0:0-25 Style::new().fg(Color::Rgb(106, 153, 255)).bg(Color::Rgb(18, 18, 22)).underline_color(Color::Reset)
0:25-89 Style::new().fg(Color::Rgb(72, 76, 92)).bg(Color::Rgb(18, 18, 22)).underline_color(Color::Reset)
0:89-92 Style::new().fg(Color::Rgb(130, 133, 145)).bg(Color::Rgb(18, 18, 22)).underline_color(Color::Reset)
0:92-98 Style::new().fg(Color::Rgb(230, 230, 235)).bg(Color::Rgb(18, 18, 22)).underline_color(Color::Reset).bold()
0:98-100 Style::new().fg(Color::Rgb(72, 76, 92)).bg(Color::Rgb(18, 18, 22)).underline_color(Color::Reset)
1:0-1 Style::new().fg(Color::Rgb(106, 153, 255)).bg(Color::Rgb(18, 18, 22)).underline_color(Color::Reset)
1:1-24 Style::new().fg(Color::Rgb(245, 190, 80)).bg(Color::Rgb(18, 18, 22)).underline_color(Color::Reset)
1:24-25 Style::new().fg(Color::Rgb(106, 153, 255)).bg(Color::Rgb(18, 18, 22)).underline_color(Color::Reset)
1:25-26 Style::new().fg(Color::Rgb(72, 76, 92)).bg(Color::Rgb(18, 18, 22)).underline_color(Color::Reset)
1:26-49 Style::new().fg(Color::Rgb(130, 133, 145)).bg(Color::Rgb(18, 18, 22)).underline_color(Color::Reset)
1:49-76 Style::new().fg(Color::Rgb(72, 76, 92)).bg(Color::Rgb(18, 18, 22)).underline_color(Color::Reset)
1:76-99 Style::new().fg(Color::Rgb(130, 133, 145)).bg(Color::Rgb(18, 18, 22)).underline_color(Color::Reset)
1:99-100 Style::new().fg(Color::Rgb(72, 76, 92)).bg(Color::Rgb(18, 18, 22)).underline_color(Color::Reset)
2:0-1 Style::new().fg(Color::Rgb(106, 153, 255)).bg(Color::Rgb(18, 18, 22)).underline_color(Color::Reset)
2:1-2 Style::new().fg(Color::Rgb(245, 190, 80)).bg(Color::Rgb(18, 18, 22)).underline_color(Color::Reset)
2:2-10 Style::new().fg(Color::Rgb(106, 153, 255)).bg(Color::Rgb(18, 18, 22)).underline_color(Color::Reset).bold()
2:10-23 Style::new().fg(Color::Rgb(230, 230, 235)).bg(Color::Rgb(18, 18, 22)).underline_color(Color::Reset)
2:23-24 Style::new().fg(Color::Rgb(245, 190, 80)).bg(Color::Rgb(18, 18, 22)).underline_color(Color::Reset)
2:24-25 Style::new().fg(Color::Rgb(106, 153, 255)).bg(Color::Rgb(18, 18, 22)).underline_color(Color::Reset)
2:25-26 Style::new().fg(Color::Rgb(72, 76, 92)).bg(Color::Rgb(18, 18, 22)).underline_color(Color::Reset)
2:26-49 Style::new().fg(Color::Rgb(130, 133, 145)).bg(Color::Rgb(18, 18, 22)).underline_color(Color::Reset)
2:49-52 Style::new().fg(Color::Rgb(72, 76, 92)).bg(Color::Rgb(18, 18, 22)).underline_color(Color::Reset)
2:52-60 Style::new().fg(Color::Rgb(130, 133, 145)).bg(Color::Rgb(18, 18, 22)).underline_color(Color::Reset)
2:60-73 Style::new().fg(Color::Rgb(230, 230, 235)).bg(Color::Rgb(18, 18, 22)).underline_color(Color::Reset)
2:73-76 Style::new().fg(Color::Rgb(72, 76, 92)).bg(Color::Rgb(18, 18, 22)).underline_color(Color::Reset)
2:76-99 Style::new().fg(Color::Rgb(130, 133, 145)).bg(Color::Rgb(18, 18, 22)).underline_color(Color::Reset)
2:99-100 Style::new().fg(Color::Rgb(72, 76, 92)).bg(Color::Rgb(18, 18, 22)).underline_color(Color::Reset)
3:0-1 Style::new().fg(Color::Rgb(106, 153, 255)).bg(Color::Rgb(18, 18, 22)).underline_color(Color::Reset)
3:1-2 Style::new().fg(Color::Rgb(245, 190, 80)).bg(Color::Rgb(18, 18, 22)).underline_color(Color::Reset)
3:2-19 Style::new().fg(Color::Rgb(245, 190, 80)).bg(Color::Rgb(18, 18, 22)).underline_color(Color::Reset).bold()
3:19-23 Style::new().fg(Color::Rgb(230, 230, 235)).bg(Color::Rgb(18, 18, 22)).underline_color(Color::Reset)
3:23-24 Style::new().fg(Color::Rgb(245, 190, 80)).bg(Color::Rgb(18, 18, 22)).underline_color(Color::Reset)
3:24-25 Style::new().fg(Color::Rgb(106, 153, 255)).bg(Color::Rgb(18, 18, 22)).underline_color(Color::Reset)
3:25-26 Style::new().fg(Color::Rgb(72, 76, 92)).bg(Color::Rgb(18, 18, 22)).underline_color(Color::Reset)
3:26-49 Style::new().fg(Color::Rgb(130, 133, 145)).bg(Color::Rgb(18, 18, 22)).underline_color(Color::Reset)
3:49-52 Style::new().fg(Color::Rgb(72, 76, 92)).bg(Color::Rgb(18, 18, 22)).underline_color(Color::Reset)
3:52-65 Style::new().fg(Color::Rgb(130, 133, 145)).bg(Color::Rgb(18, 18, 22)).underline_color(Color::Reset)
3:65-73 Style::new().fg(Color::Rgb(230, 230, 235)).bg(Color::Rgb(18, 18, 22)).underline_color(Color::Reset)
3:73-76 Style::new().fg(Color::Rgb(72, 76, 92)).bg(Color::Rgb(18, 18, 22)).underline_color(Color::Reset)
3:76-99 Style::new().fg(Color::Rgb(130, 133, 145)).bg(Color::Rgb(18, 18, 22)).underline_color(Color::Reset)
3:99-100 Style::new().fg(Color::Rgb(72, 76, 92)).bg(Color::Rgb(18, 18, 22)).underline_color(Color::Reset)
4:0-1 Style::new().fg(Color::Rgb(106, 153, 255)).bg(Color::Rgb(18, 18, 22)).underline_color(Color::Reset)
4:1-2 Style::new().fg(Color::Rgb(245, 190, 80)).bg(Color::Rgb(18, 18, 22)).underline_color(Color::Reset)
4:2-15 Style::new().fg(Color::Rgb(100, 210, 140)).bg(Color::Rgb(18, 18, 22)).underline_color(Color::Reset)
4:15-16 Style::new().fg(Color::Rgb(230, 230, 235)).bg(Color::Rgb(18, 18, 22)).underline_color(Color::Reset)
4:16-24 Style::new().fg(Color::Rgb(245, 190, 80)).bg(Color::Rgb(18, 18, 22)).underline_color(Color::Reset)
4:24-25 Style::new().fg(Color::Rgb(106, 153, 255)).bg(Color::Rgb(18, 18, 22)).underline_color(Color::Reset)
4:25-26 Style::new().fg(Color::Rgb(72, 76, 92)).bg(Color::Rgb(18, 18, 22)).underline_color(Color::Reset)
4:26-49 Style::new().fg(Color::Rgb(130, 133, 145)).bg(Color::Rgb(18, 18, 22)).underline_color(Color::Reset)
4:49-76 Style::new().fg(Color::Rgb(72, 76, 92)).bg(Color::Rgb(18, 18, 22)).underline_color(Color::Reset)
4:76-99 Style::new().fg(Color::Rgb(130, 133, 145)).bg(Color::Rgb(18, 18, 22)).underline_color(Color::Reset)
4:99-100 Style::new().fg(Color::Rgb(72, 76, 92)).bg(Color::Rgb(18, 18, 22)).underline_color(Color::Reset)
5:0-1 Style::new().fg(Color::Rgb(106, 153, 255)).bg(Color::Rgb(18, 18, 22)).underline_color(Color::Reset)
5:1-24 Style::new().fg(Color::Rgb(245, 190, 80)).bg(Color::Rgb(18, 18, 22)).underline_color(Color::Reset)
5:24-25 Style::new().fg(Color::Rgb(106, 153, 255)).bg(Color::Rgb(18, 18, 22)).underline_color(Color::Reset)
5:25-26 Style::new().fg(Color::Rgb(72, 76, 92)).bg(Color::Rgb(18, 18, 22)).underline_color(Color::Reset)
5:26-49 Style::new().fg(Color::Rgb(130, 133, 145)).bg(Color::Rgb(18, 18, 22)).underline_color(Color::Reset)
5:49-51 Style::new().fg(Color::Rgb(72, 76, 92)).bg(Color::Rgb(18, 18, 22)).underline_color(Color::Reset)
5:51-74 Style::new().fg(Color::Rgb(230, 230, 235)).bg(Color::Rgb(18, 18, 22)).underline_color(Color::Reset)
5:74-76 Style::new().fg(Color::Rgb(72, 76, 92)).bg(Color::Rgb(18, 18, 22)).underline_color(Color::Reset)
5:76-99 Style::new().fg(Color::Rgb(130, 133, 145)).bg(Color::Rgb(18, 18, 22)).underline_color(Color::Reset)
5:99-100 Style::new().fg(Color::Rgb(72, 76, 92)).bg(Color::Rgb(18, 18, 22)).underline_color(Color::Reset)
6:0-1 Style::new().fg(Color::Rgb(106, 153, 255)).bg(Color::Rgb(18, 18, 22)).underline_color(Color::Reset)
6:1-15 Style::new().fg(Color::Rgb(230, 230, 235)).bg(Color::Rgb(18, 18, 22)).underline_color(Color::Reset)
6:15-85 Style::new().fg(Color::Rgb(106, 153, 255)).bg(Color::Rgb(18, 18, 22)).underline_color(Color::Reset)
6:85-99 Style::new().fg(Color::Rgb(130, 133, 145)).bg(Color::Rgb(18, 18, 22)).underline_color(Color::Reset)
6:99-100 Style::new().fg(Color::Rgb(72, 76, 92)).bg(Color::Rgb(18, 18, 22)).underline_color(Color::Reset)
7:0-1 Style::new().fg(Color::Rgb(106, 153, 255)).bg(Color::Rgb(18, 18, 22)).underline_color(Color::Reset)
7:1-15 Style::new().fg(Color::Rgb(230, 230, 235)).bg(Color::Rgb(18, 18, 22)).underline_color(Color::Reset)
7:15-16 Style::new().fg(Color::Rgb(106, 153, 255)).bg(Color::Rgb(18, 18, 22)).underline_color(Color::Reset)
7:16-19 Style::new().fg(Color::Rgb(72, 76, 92)).bg(Color::Rgb(18, 18, 22)).underline_color(Color::Reset)
7:19-81 Style::new().fg(Color::Rgb(106, 153, 255)).bg(Color::Rgb(18, 18, 22)).underline_color(Color::Reset)
7:81-84 Style::new().fg(Color::Rgb(72, 76, 92)).bg(Color::Rgb(18, 18, 22)).underline_color(Color::Reset)
7:84-85 Style::new().fg(Color::Rgb(106, 153, 255)).bg(Color::Rgb(18, 18, 22)).underline_color(Color::Reset)
7:85-99 Style::new().fg(Color::Rgb(130, 133, 145)).bg(Color::Rgb(18, 18, 22)).underline_color(Color::Reset)
7:99-100 Style::new().fg(Color::Rgb(72, 76, 92)).bg(Color::Rgb(18, 18, 22)).underline_color(Color::Reset)
8:0-1 Style::new().fg(Color::Rgb(106, 153, 255)).bg(Color::Rgb(18, 18, 22)).underline_color(Color::Reset)
8:1-15 Style::new().fg(Color::Rgb(230, 230, 235)).bg(Color::Rgb(18, 18, 22)).underline_color(Color::Reset)
8:15-16 Style::new().fg(Color::Rgb(106, 153, 255)).bg(Color::Rgb(18, 18, 22)).underline_color(Color::Reset)
8:16-17 Style::new().fg(Color::Rgb(72, 76, 92)).bg(Color::Rgb(18, 18, 22)).underline_color(Color::Reset)
8:17-19 Style::new().fg(Color::Rgb(230, 230, 235)).bg(Color::Rgb(18, 18, 22)).underline_color(Color::Reset)
8:19-81 Style::new().fg(Color::Rgb(106, 153, 255)).bg(Color::Rgb(18, 18, 22)).underline_color(Color::Reset)
8:81-83 Style::new().fg(Color::Rgb(230, 230, 235)).bg(Color::Rgb(18, 18, 22)).underline_color(Color::Reset)
8:83-84 Style::new().fg(Color::Rgb(72, 76, 92)).bg(Color::Rgb(18, 18, 22)).underline_color(Color::Reset)
8:84-85 Style::new().fg(Color::Rgb(106, 153, 255)).bg(Color::Rgb(18, 18, 22)).underline_color(Color::Reset)
8:85-99 Style::new().fg(Color::Rgb(130, 133, 145)).bg(Color::Rgb(18, 18, 22)).underline_color(Color::Reset)
8:99-100 Style::new().fg(Color::Rgb(72, 76, 92)).bg(Color::Rgb(18, 18, 22)).underline_color(Color::Reset)
9:0-1 Style::new().fg(Color::Rgb(106, 153, 255)).bg(Color::Rgb(18, 18, 22)).underline_color(Color::Reset)
9:1-15 Style::new().fg(Color::Rgb(230, 230, 235)).bg(Color::Rgb(18, 18, 22)).underline_color(Color::Reset)
9:15-16 Style::new().fg(Color::Rgb(106, 153, 255)).bg(Color::Rgb(18, 18, 22)).underline_color(Color::Reset)
9:16-19 Style::new().fg(Color::Rgb(72, 76, 92)).bg(Color::Rgb(18, 18, 22)).underline_color(Color::Reset)
9:19-21 Style::new().fg(Color::Rgb(106, 153, 255)).bg(Color::Rgb(18, 18, 22)).underline_color(Color::Reset)
9:21-23 Style::new().fg(Color::Rgb(130, 133, 145)).bg(Color::Rgb(18, 18, 22)).underline_color(Color::Reset)
9:23-37 Style::new().fg(Color::Rgb(130, 133, 145)).bg(Color::Rgb(18, 18, 22)).underline_color(Color::Reset).italic()
9:37-79 Style::new().fg(Color::Rgb(230, 230, 235)).bg(Color::Rgb(18, 18, 22)).underline_color(Color::Reset)
9:79-81 Style::new().fg(Color::Rgb(106, 153, 255)).bg(Color::Rgb(18, 18, 22)).underline_color(Color::Reset)
9:81-84 Style::new().fg(Color::Rgb(72, 76, 92)).bg(Color::Rgb(18, 18, 22)).underline_color(Color::Reset)
9:84-85 Style::new().fg(Color::Rgb(106, 153, 255)).bg(Color::Rgb(18, 18, 22)).underline_color(Color::Reset)
9:85-99 Style::new().fg(Color::Rgb(130, 133, 145)).bg(Color::Rgb(18, 18, 22)).underline_color(Color::Reset)
9:99-100 Style::new().fg(Color::Rgb(72, 76, 92)).bg(Color::Rgb(18, 18, 22)).underline_color(Color::Reset)
10:0-1 Style::new().fg(Color::Rgb(106, 153, 255)).bg(Color::Rgb(18, 18, 22)).underline_color(Color::Reset)
10:1-15 Style::new().fg(Color::Rgb(230, 230, 235)).bg(Color::Rgb(18, 18, 22)).underline_color(Color::Reset)
10:15-16 Style::new().fg(Color::Rgb(106, 153, 255)).bg(Color::Rgb(18, 18, 22)).underline_color(Color::Reset)
10:16-19 Style::new().fg(Color::Rgb(72, 76, 92)).bg(Color::Rgb(18, 18, 22)).underline_color(Color::Reset)
10:19-21 Style::new().fg(Color::Rgb(106, 153, 255)).bg(Color::Rgb(18, 18, 22)).underline_color(Color::Reset)
10:21-79 Style::new().fg(Color::Rgb(106, 153, 255)).bg(Color::Rgb(18, 18, 22)).underline_color(Color::Reset).bold()
10:79-81 Style::new().fg(Color::Rgb(106, 153, 255)).bg(Color::Rgb(18, 18, 22)).underline_color(Color::Reset)
10:81-84 Style::new().fg(Color::Rgb(72, 76, 92)).bg(Color::Rgb(18, 18, 22)).underline_color(Color::Reset)
10:84-85 Style::new().fg(Color::Rgb(106, 153, 255)).bg(Color::Rgb(18, 18, 22)).underline_color(Color::Reset)
10:85-99 Style::new().fg(Color::Rgb(130, 133, 145)).bg(Color::Rgb(18, 18, 22)).underline_color(Color::Reset)
10:99-100 Style::new().fg(Color::Rgb(72, 76, 92)).bg(Color::Rgb(18, 18, 22)).underline_color(Color::Reset)
11:0-1 Style::new().fg(Color::Rgb(106, 153, 255)).bg(Color::Rgb(18, 18, 22)).underline_color(Color::Reset)
11:1-15 Style::new().fg(Color::Rgb(230, 230, 235)).bg(Color::Rgb(18, 18, 22)).underline_color(Color::Reset)
11:15-16 Style::new().fg(Color::Rgb(106, 153, 255)).bg(Color::Rgb(18, 18, 22)).underline_color(Color::Reset)
11:16-17 Style::new().fg(Color::Rgb(72, 76, 92)).bg(Color::Rgb(18, 18, 22)).underline_color(Color::Reset)
11:17-19 Style::new().fg(Color::Rgb(130, 133, 145)).bg(Color::Rgb(18, 18, 22)).underline_color(Color::Reset)
11:19-21 Style::new().fg(Color::Rgb(106, 153, 255)).bg(Color::Rgb(18, 18, 22)).underline_color(Color::Reset)
11:21-79 Style::new().fg(Color::Rgb(230, 230, 235)).bg(Color::Rgb(18, 18, 22)).underline_color(Color::Reset)
11:79-81 Style::new().fg(Color::Rgb(106, 153, 255)).bg(Color::Rgb(18, 18, 22)).underline_color(Color::Reset)
11:81-83 Style::new().fg(Color::Rgb(230, 230, 235)).bg(Color::Rgb(18, 18, 22)).underline_color(Color::Reset)
11:83-84 Style::new().fg(Color::Rgb(72, 76, 92)).bg(Color::Rgb(18, 18, 22)).underline_color(Color::Reset)
11:84-85 Style::new().fg(Color::Rgb(106, 153, 255)).bg(Color::Rgb(18, 18, 22)).underline_color(Color::Reset)
11:85-99 Style::new().fg(Color::Rgb(130, 133, 145)).bg(Color::Rgb(18, 18, 22)).underline_color(Color::Reset)
11:99-100 Style::new().fg(Color::Rgb(72, 76, 92)).bg(Color::Rgb(18, 18, 22)).underline_color(Color::Reset)
12:0-1 Style::new().fg(Color::Rgb(106, 153, 255)).bg(Color::Rgb(18, 18, 22)).underline_color(Color::Reset)
12:1-15 Style::new().fg(Color::Rgb(230, 230, 235)).bg(Color::Rgb(18, 18, 22)).underline_color(Color::Reset)
12:15-16 Style::new().fg(Color::Rgb(106, 153, 255)).bg(Color::Rgb(18, 18, 22)).underline_color(Color::Reset)
12:16-17 Style::new().fg(Color::Rgb(72, 76, 92)).bg(Color::Rgb(18, 18, 22)).underline_color(Color::Reset)
12:17-19 Style::new().fg(Color::Rgb(106, 153, 255)).bg(Color::Rgb(18, 18, 22)).underline_color(Color::Reset).bold()
12:19-21 Style::new().fg(Color::Rgb(106, 153, 255)).bg(Color::Rgb(18, 18, 22)).underline_color(Color::Reset)
12:21-79 Style::new().fg(Color::Rgb(230, 230, 235)).bg(Color::Rgb(18, 18, 22)).underline_color(Color::Reset)
12:79-81 Style::new().fg(Color::Rgb(106, 153, 255)).bg(Color::Rgb(18, 18, 22)).underline_color(Color::Reset)
12:81-83 Style::new().fg(Color::Rgb(106, 153, 255)).bg(Color::Rgb(18, 18, 22)).underline_color(Color::Reset).bold()
12:83-84 Style::new().fg(Color::Rgb(72, 76, 92)).bg(Color::Rgb(18, 18, 22)).underline_color(Color::Reset)
12:84-85 Style::new().fg(Color::Rgb(106, 153, 255)).bg(Color::Rgb(18, 18, 22)).underline_color(Color::Reset)
12:85-99 Style::new().fg(Color::Rgb(130, 133, 145)).bg(Color::Rgb(18, 18, 22)).underline_color(Color::Reset)
12:99-100 Style::new().fg(Color::Rgb(72, 76, 92)).bg(Color::Rgb(18, 18, 22)).underline_color(Color::Reset)
13:0-1 Style::new().fg(Color::Rgb(106, 153, 255)).bg(Color::Rgb(18, 18, 22)).underline_color(Color::Reset)
13:1-15 Style::new().fg(Color::Rgb(230, 230, 235)).bg(Color::Rgb(18, 18, 22)).underline_color(Color::Reset)
13:15-16 Style::new().fg(Color::Rgb(106, 153, 255)).bg(Color::Rgb(18, 18, 22)).underline_color(Color::Reset)
13:16-17 Style::new().fg(Color::Rgb(72, 76, 92)).bg(Color::Rgb(18, 18, 22)).underline_color(Color::Reset)
13:17-19 Style::new().fg(Color::Rgb(230, 230, 235)).bg(Color::Rgb(18, 18, 22)).underline_color(Color::Reset)
13:19-81 Style::new().fg(Color::Rgb(106, 153, 255)).bg(Color::Rgb(18, 18, 22)).underline_color(Color::Reset)
13:81-83 Style::new().fg(Color::Rgb(230, 230, 235)).bg(Color::Rgb(18, 18, 22)).underline_color(Color::Reset)
13:83-84 Style::new().fg(Color::Rgb(72, 76, 92)).bg(Color::Rgb(18, 18, 22)).underline_color(Color::Reset)
13:84-85 Style::new().fg(Color::Rgb(106, 153, 255)).bg(Color::Rgb(18, 18, 22)).underline_color(Color::Reset)
13:85-99 Style::new().fg(Color::Rgb(130, 133, 145)).bg(Color::Rgb(18, 18, 22)).underline_color(Color::Reset)
13:99-100 Style::new().fg(Color::Rgb(72, 76, 92)).bg(Color::Rgb(18, 18, 22)).underline_color(Color::Reset)
14:0-1 Style::new().fg(Color::Rgb(106, 153, 255)).bg(Color::Rgb(18, 18, 22)).underline_color(Color::Reset)
14:1-15 Style::new().fg(Color::Rgb(230, 230, 235)).bg(Color::Rgb(18, 18, 22)).underline_color(Color::Reset)
14:15-16 Style::new().fg(Color::Rgb(106, 153, 255)).bg(Color::Rgb(18, 18, 22)).underline_color(Color::Reset)
14:16-17 Style::new().fg(Color::Rgb(72, 76, 92)).bg(Color::Rgb(18, 18, 22)).underline_color(Color::Reset)
14:17-19 Style::new().fg(Color::Rgb(230, 230, 235)).bg(Color::Rgb(18, 18, 22)).underline_color(Color::Reset)
14:19-20 Style::new().fg(Color::Rgb(106, 153, 255)).bg(Color::Rgb(18, 18, 22)).underline_color(Color::Reset)
14:20-80 Style::new().fg(Color::Rgb(72, 76, 92)).bg(Color::Rgb(18, 18, 22)).underline_color(Color::Reset)
14:80-81 Style::new().fg(Color::Rgb(106, 153, 255)).bg(Color::Rgb(18, 18, 22)).underline_color(Color::Reset)
14:81-83 Style::new().fg(Color::Rgb(230, 230, 235)).bg(Color::Rgb(18, 18, 22)).underline_color(Color::Reset)
14:83-84 Style::new().fg(Color::Rgb(72, 76, 92)).bg(Color::Rgb(18, 18, 22)).underline_color(Color::Reset)
14:84-85 Style::new().fg(Color::Rgb(106, 153, 255)).bg(Color::Rgb(18, 18, 22)).underline_color(Color::Reset)
14:85-99 Style::new().fg(Color::Rgb(130, 133, 145)).bg(Color::Rgb(18, 18, 22)).underline_color(Color::Reset)
14:99-100 Style::new().fg(Color::Rgb(72, 76, 92)).bg(Color::Rgb(18, 18, 22)).underline_color(Color::Reset)
15:0-1 Style::new().fg(Color::Rgb(106, 153, 255)).bg(Color::Rgb(18, 18, 22)).underline_color(Color::Reset)
15:1-15 Style::new().fg(Color::Rgb(230, 230, 235)).bg(Color::Rgb(18, 18, 22)).underline_color(Color::Reset)
15:15-16 Style::new().fg(Color::Rgb(106, 153, 255)).bg(Color::Rgb(18, 18, 22)).underline_color(Color::Reset)
15:16-19 Style::new().fg(Color::Rgb(72, 76, 92)).bg(Color::Rgb(18, 18, 22)).underline_color(Color::Reset)
15:19-20 Style::new().fg(Color::Rgb(106, 153, 255)).bg(Color::Rgb(18, 18, 22)).underline_color(Color::Reset)
15:20-21 Style::new().fg(Color::Rgb(72, 76, 92)).bg(Color::Rgb(18, 18, 22)).underline_color(Color::Reset)
15:21-23 Style::new().fg(Color::Rgb(130, 133, 145)).bg(Color::Rgb(18, 18, 22)).underline_color(Color::Reset)
15:23-37 Style::new().fg(Color::Rgb(130, 133, 145)).bg(Color::Rgb(18, 18, 22)).underline_color(Color::Reset).italic()
15:37-79 Style::new().fg(Color::Rgb(230, 230, 235)).bg(Color::Rgb(18, 18, 22)).underline_color(Color::Reset)
15:79-80 Style::new().fg(Color::Rgb(72, 76, 92)).bg(Color::Rgb(18, 18, 22)).underline_color(Color::Reset)
15:80-81 Style::new().fg(Color::Rgb(106, 153, 255)).bg(Color::Rgb(18, 18, 22)).underline_color(Color::Reset)
15:81-84 Style::new().fg(Color::Rgb(72, 76, 92)).bg(Color::Rgb(18, 18, 22)).underline_color(Color::Reset)
15:84-85 Style::new().fg(Color::Rgb(106, 153, 255)).bg(Color::Rgb(18, 18, 22)).underline_color(Color::Reset)
15:85-99 Style::new().fg(Color::Rgb(130, 133, 145)).bg(Color::Rgb(18, 18, 22)).underline_color(Color::Reset)
15:99-100 Style::new().fg(Color::Rgb(72, 76, 92)).bg(Color::Rgb(18, 18, 22)).underline_color(Color::Reset)
16:0-1 Style::new().fg(Color::Rgb(106, 153, 255)).bg(Color::Rgb(18, 18, 22)).underline_color(Color::Reset)
16:1-15 Style::new().fg(Color::Rgb(230, 230, 235)).bg(Color::Rgb(18, 18, 22)).underline_color(Color::Reset)
16:15-16 Style::new().fg(Color::Rgb(106, 153, 255)).bg(Color::Rgb(18, 18, 22)).underline_color(Color::Reset)
16:16-19 Style::new().fg(Color::Rgb(72, 76, 92)).bg(Color::Rgb(18, 18, 22)).underline_color(Color::Reset)
16:19-20 Style::new().fg(Color::Rgb(106, 153, 255)).bg(Color::Rgb(18, 18, 22)).underline_color(Color::Reset)
16:20-21 Style::new().fg(Color::Rgb(72, 76, 92)).bg(Color::Rgb(18, 18, 22)).underline_color(Color::Reset)
16:21-79 Style::new().fg(Color::Rgb(106, 153, 255)).bg(Color::Rgb(18, 18, 22)).underline_color(Color::Reset).bold()
16:79-80 Style::new().fg(Color::Rgb(72, 76, 92)).bg(Color::Rgb(18, 18, 22)).underline_color(Color::Reset)
16:80-81 Style::new().fg(Color::Rgb(106, 153, 255)).bg(Color::Rgb(18, 18, 22)).underline_color(Color::Reset)
16:81-84 Style::new().fg(Color::Rgb(72, 76, 92)).bg(Color::Rgb(18, 18, 22)).underline_color(Color::Reset)
16:84-85 Style::new().fg(Color::Rgb(106, 153, 255)).bg(Color::Rgb(18, 18, 22)).underline_color(Color::Reset)
16:85-99 Style::new().fg(Color::Rgb(130, 133, 145)).bg(Color::Rgb(18, 18, 22)).underline_color(Color::Reset)
16:99-100 Style::new().fg(Color::Rgb(72, 76, 92)).bg(Color::Rgb(18, 18, 22)).underline_color(Color::Reset)
17:0-1 Style::new().fg(Color::Rgb(106, 153, 255)).bg(Color::Rgb(18, 18, 22)).underline_color(Color::Reset)
17:1-15 Style::new().fg(Color::Rgb(230, 230, 235)).bg(Color::Rgb(18, 18, 22)).underline_color(Color::Reset)
17:15-16 Style::new().fg(Color::Rgb(106, 153, 255)).bg(Color::Rgb(18, 18, 22)).underline_color(Color::Reset)
17:16-17 Style::new().fg(Color::Rgb(72, 76, 92)).bg(Color::Rgb(18, 18, 22)).underline_color(Color::Reset)
17:17-19 Style::new().fg(Color::Rgb(230, 230, 235)).bg(Color::Rgb(18, 18, 22)).underline_color(Color::Reset)
17:19-20 Style::new().fg(Color::Rgb(106, 153, 255)).bg(Color::Rgb(18, 18, 22)).underline_color(Color::Reset)
17:20-21 Style::new().fg(Color::Rgb(72, 76, 92)).bg(Color::Rgb(18, 18, 22)).underline_color(Color::Reset)
17:21-79 Style::new().fg(Color::Rgb(230, 230, 235)).bg(Color::Rgb(18, 18, 22)).underline_color(Color::Reset)
17:79-80 Style::new().fg(Color::Rgb(72, 76, 92)).bg(Color::Rgb(18, 18, 22)).underline_color(Color::Reset)
17:80-81 Style::new().fg(Color::Rgb(106, 153, 255)).bg(Color::Rgb(18, 18, 22)).underline_color(Color::Reset)
17:81-83 Style::new().fg(Color::Rgb(230, 230, 235)).bg(Color::Rgb(18, 18, 22)).underline_color(Color::Reset)
17:83-84 Style::new().fg(Color::Rgb(72, 76, 92)).bg(Color::Rgb(18, 18, 22)).underline_color(Color::Reset)
17:84-85 Style::new().fg(Color::Rgb(106, 153, 255)).bg(Color::Rgb(18, 18, 22)).underline_color(Color::Reset)
17:85-99 Style::new().fg(Color::Rgb(130, 133, 145)).bg(Color::Rgb(18, 18, 22)).underline_color(Color::Reset)
17:99-100 Style::new().fg(Color::Rgb(72, 76, 92)).bg(Color::Rgb(18, 18, 22)).underline_color(Color::Reset)
18:0-1 Style::new().fg(Color::Rgb(106, 153, 255)).bg(Color::Rgb(18, 18, 22)).underline_color(Color::Reset)
18:1-15 Style::new().fg(Color::Rgb(230, 230, 235)).bg(Color::Rgb(18, 18, 22)).underline_color(Color::Reset)
18:15-16 Style::new().fg(Color::Rgb(106, 153, 255)).bg(Color::Rgb(18, 18, 22)).underline_color(Color::Reset)
18:16-19 Style::new().fg(Color::Rgb(72, 76, 92)).bg(Color::Rgb(18, 18, 22)).underline_color(Color::Reset)
18:19-20 Style::new().fg(Color::Rgb(106, 153, 255)).bg(Color::Rgb(18, 18, 22)).underline_color(Color::Reset)
18:20-21 Style::new().fg(Color::Rgb(72, 76, 92)).bg(Color::Rgb(18, 18, 22)).underline_color(Color::Reset)
18:21-79 Style::new().fg(Color::Rgb(230, 230, 235)).bg(Color::Rgb(18, 18, 22)).underline_color(Color::Reset)
18:79-80 Style::new().fg(Color::Rgb(72, 76, 92)).bg(Color::Rgb(18, 18, 22)).underline_color(Color::Reset)
18:80-81 Style::new().fg(Color::Rgb(106, 153, 255)).bg(Color::Rgb(18, 18, 22)).underline_color(Color::Reset)
18:81-84 Style::new().fg(Color::Rgb(72, 76, 92)).bg(Color::Rgb(18, 18, 22)).underline_color(Color::Reset)
18:84-85 Style::new().fg(Color::Rgb(106, 153, 255)).bg(Color::Rgb(18, 18, 22)).underline_color(Color::Reset)
18:85-99 Style::new().fg(Color::Rgb(130, 133, 145)).bg(Color::Rgb(18, 18, 22)).underline_color(Color::Reset)
18:99-100 Style::new().fg(Color::Rgb(72, 76, 92)).bg(Color::Rgb(18, 18, 22)).underline_color(Color::Reset)
19:0-1 Style::new().fg(Color::Rgb(106, 153, 255)).bg(Color::Rgb(18, 18, 22)).underline_color(Color::Reset)
19:1-15 Style::new().fg(Color::Rgb(230, 230, 235)).bg(Color::Rgb(18, 18, 22)).underline_color(Color::Reset)
19:15-16 Style::new().fg(Color::Rgb(106, 153, 255)).bg(Color::Rgb(18, 18, 22)).underline_color(Color::Reset)
19:16-19 Style::new().fg(Color::Rgb(72, 76, 92)).bg(Color::Rgb(18, 18, 22)).underline_color(Color::Reset)
19:19-20 Style::new().fg(Color::Rgb(106, 153, 255)).bg(Color::Rgb(18, 18, 22)).underline_color(Color::Reset)
19:20-80 Style::new().fg(Color::Rgb(72, 76, 92)).bg(Color::Rgb(18, 18, 22)).underline_color(Color::Reset)
19:80-81 Style::new().fg(Color::Rgb(106, 153, 255)).bg(Color::Rgb(18, 18, 22)).underline_color(Color::Reset)
19:81-84 Style::new().fg(Color::Rgb(72, 76, 92)).bg(Color::Rgb(18, 18, 22)).underline_color(Color::Reset)
19:84-85 Style::new().fg(Color::Rgb(106, 153, 255)).bg(Color::Rgb(18, 18, 22)).underline_color(Color::Reset)
19:85-99 Style::new().fg(Color::Rgb(130, 133, 145)).bg(Color::Rgb(18, 18, 22)).underline_color(Color::Reset)
19:99-100 Style::new().fg(Color::Rgb(72, 76, 92)).bg(Color::Rgb(18, 18, 22)).underline_color(Color::Reset)
20:0-1 Style::new().fg(Color::Rgb(106, 153, 255)).bg(Color::Rgb(18, 18, 22)).underline_color(Color::Reset)
20:1-15 Style::new().fg(Color::Rgb(230, 230, 235)).bg(Color::Rgb(18, 18, 22)).underline_color(Color::Reset)
20:15-16 Style::new().fg(Color::Rgb(106, 153, 255)).bg(Color::Rgb(18, 18, 22)).underline_color(Color::Reset)
20:16-17 Style::new().fg(Color::Rgb(72, 76, 92)).bg(Color::Rgb(18, 18, 22)).underline_color(Color::Reset)
20:17-19 Style::new().fg(Color::Rgb(230, 230, 235)).bg(Color::Rgb(18, 18, 22)).underline_color(Color::Reset)
20:19-20 Style::new().fg(Color::Rgb(106, 153, 255)).bg(Color::Rgb(18, 18, 22)).underline_color(Color::Reset)
20:20-80 Style::new().fg(Color::Rgb(72, 76, 92)).bg(Color::Rgb(18, 18, 22)).underline_color(Color::Reset)
20:80-81 Style::new().fg(Color::Rgb(106, 153, 255)).bg(Color::Rgb(18, 18, 22)).underline_color(Color::Reset)
20:81-83 Style::new().fg(Color::Rgb(230, 230, 235)).bg(Color::Rgb(18, 18, 22)).underline_color(Color::Reset)
20:83-84 Style::new().fg(Color::Rgb(72, 76, 92)).bg(Color::Rgb(18, 18, 22)).underline_color(Color::Reset)
20:84-85 Style::new().fg(Color::Rgb(106, 153, 255)).bg(Color::Rgb(18, 18, 22)).underline_color(Color::Reset)
20:85-99 Style::new().fg(Color::Rgb(130, 133, 145)).bg(Color::Rgb(18, 18, 22)).underline_color(Color::Reset)
20:99-100 Style::new().fg(Color::Rgb(72, 76, 92)).bg(Color::Rgb(18, 18, 22)).underline_color(Color::Reset)
21:0-1 Style::new().fg(Color::Rgb(106, 153, 255)).bg(Color::Rgb(18, 18, 22)).underline_color(Color::Reset)
21:1-15 Style::new().fg(Color::Rgb(230, 230, 235)).bg(Color::Rgb(18, 18, 22)).underline_color(Color::Reset)
21:15-16 Style::new().fg(Color::Rgb(106, 153, 255)).bg(Color::Rgb(18, 18, 22)).underline_color(Color::Reset)
21:16-19 Style::new().fg(Color::Rgb(72, 76, 92)).bg(Color::Rgb(18, 18, 22)).underline_color(Color::Reset)
21:19-20 Style::new().fg(Color::Rgb(106, 153, 255)).bg(Color::Rgb(18, 18, 22)).underline_color(Color::Reset)
21:20-21 Style::new().fg(Color::Rgb(72, 76, 92)).bg(Color::Rgb(18, 18, 22)).underline_color(Color::Reset)
21:21-79 Style::new().fg(Color::Rgb(106, 153, 255)).bg(Color::Rgb(18, 18, 22)).underline_color(Color::Reset).bold()
21:79-80 Style::new().fg(Color::Rgb(72, 76, 92)).bg(Color::Rgb(18, 18, 22)).underline_color(Color::Reset)
21:80-81 Style::new().fg(Color::Rgb(106, 153, 255)).bg(Color::Rgb(18, 18, 22)).underline_color(Color::Reset)
21:81-84 Style::new().fg(Color::Rgb(72, 76, 92)).bg(Color::Rgb(18, 18, 22)).underline_color(Color::Reset)
21:84-85 Style::new().fg(Color::Rgb(106, 153, 255)).bg(Color::Rgb(18, 18, 22)).underline_color(Color::Reset)
21:85-99 Style::new().fg(Color::Rgb(130, 133, 145)).bg(Color::Rgb(18, 18, 22)).underline_color(Color::Reset)
21:99-100 Style::new().fg(Color::Rgb(72, 76, 92)).bg(Color::Rgb(18, 18, 22)).underline_color(Color::Reset)
22:0-1 Style::new().fg(Color::Rgb(106, 153, 255)).bg(Color::Rgb(18, 18, 22)).underline_color(Color::Reset)
22:1-15 Style::new().fg(Color::Rgb(230, 230, 235)).bg(Color::Rgb(18, 18, 22)).underline_color(Color::Reset)
22:15-16 Style::new().fg(Color::Rgb(106, 153, 255)).bg(Color::Rgb(18, 18, 22)).underline_color(Color::Reset)
22:16-19 Style::new().fg(Color::Rgb(72, 76, 92)).bg(Color::Rgb(18, 18, 22)).underline_color(Color::Reset)
22:19-20 Style::new().fg(Color::Rgb(106, 153, 255)).bg(Color::Rgb(18, 18, 22)).underline_color(Color::Reset)
22:20-21 Style::new().fg(Color::Rgb(72, 76, 92)).bg(Color::Rgb(18, 18, 22)).underline_color(Color::Reset)
22:21-79 Style::new().fg(Color::Rgb(230, 230, 235)).bg(Color::Rgb(18, 18, 22)).underline_color(Color::Reset)
22:79-80 Style::new().fg(Color::Rgb(72, 76, 92)).bg(Color::Rgb(18, 18, 22)).underline_color(Color::Reset)
22:80-81 Style::new().fg(Color::Rgb(106, 153, 255)).bg(Color::Rgb(18, 18, 22)).underline_color(Color::Reset)
22:81-84 Style::new().fg(Color::Rgb(72, 76, 92)).bg(Color::Rgb(18, 18, 22)).underline_color(Color::Reset)
22:84-85 Style::new().fg(Color::Rgb(106, 153, 255)).bg(Color::Rgb(18, 18, 22)).underline_color(Color::Reset)
22:85-99 Style::new().fg(Color::Rgb(130, 133, 145)).bg(Color::Rgb(18, 18, 22)).underline_color(Color::Reset)
22:99-100 Style::new().fg(Color::Rgb(72, 76, 92)).bg(Color::Rgb(18, 18, 22)).underline_color(Color::Reset)
23:0-1 Style::new().fg(Color::Rgb(106, 153, 255)).bg(Color::Rgb(18, 18, 22)).underline_color(Color::Reset)
23:1-15 Style::new().fg(Color::Rgb(230, 230, 235)).bg(Color::Rgb(18, 18, 22)).underline_color(Color::Reset)
23:15-16 Style::new().fg(Color::Rgb(106, 153, 255)).bg(Color::Rgb(18, 18, 22)).underline_color(Color::Reset)
23:16-17 Style::new().fg(Color::Rgb(72, 76, 92)).bg(Color::Rgb(18, 18, 22)).underline_color(Color::Reset)
23:17-19 Style::new().fg(Color::Rgb(230, 230, 235)).bg(Color::Rgb(18, 18, 22)).underline_color(Color::Reset)
23:19-20 Style::new().fg(Color::Rgb(106, 153, 255)).bg(Color::Rgb(18, 18, 22)).underline_color(Color::Reset)
23:20-80 Style::new().fg(Color::Rgb(72, 76, 92)).bg(Color::Rgb(18, 18, 22)).underline_color(Color::Reset)
23:80-81 Style::new().fg(Color::Rgb(106, 153, 255)).bg(Color::Rgb(18, 18, 22)).underline_color(Color::Reset)
23:81-83 Style::new().fg(Color::Rgb(230, 230, 235)).bg(Color::Rgb(18, 18, 22)).underline_color(Color::Reset)
23:83-84 Style::new().fg(Color::Rgb(72, 76, 92)).bg(Color::Rgb(18, 18, 22)).underline_color(Color::Reset)
23:84-85 Style::new().fg(Color::Rgb(106, 153, 255)).bg(Color::Rgb(18, 18, 22)).underline_color(Color::Reset)
23:85-99 Style::new().fg(Color::Rgb(130, 133, 145)).bg(Color::Rgb(18, 18, 22)).underline_color(Color::Reset)
23:99-100 Style::new().fg(Color::Rgb(72, 76, 92)).bg(Color::Rgb(18, 18, 22)).underline_color(Color::Reset)
24:0-1 Style::new().fg(Color::Rgb(106, 153, 255)).bg(Color::Rgb(18, 18, 22)).underline_color(Color::Reset)
24:1-15 Style::new().fg(Color::Rgb(230, 230, 235)).bg(Color::Rgb(18, 18, 22)).underline_color(Color::Reset)
24:15-16 Style::new().fg(Color::Rgb(106, 153, 255)).bg(Color::Rgb(18, 18, 22)).underline_color(Color::Reset)
24:16-19 Style::new().fg(Color::Rgb(72, 76, 92)).bg(Color::Rgb(18, 18, 22)).underline_color(Color::Reset)
24:19-20 Style::new().fg(Color::Rgb(106, 153, 255)).bg(Color::Rgb(18, 18, 22)).underline_color(Color::Reset)
24:20-80 Style::new().fg(Color::Rgb(72, 76, 92)).bg(Color::Rgb(18, 18, 22)).underline_color(Color::Reset)
24:80-81 Style::new().fg(Color::Rgb(106, 153, 255)).bg(Color::Rgb(18, 18, 22)).underline_color(Color::Reset)
24:81-84 Style::new().fg(Color::Rgb(72, 76, 92)).bg(Color::Rgb(18, 18, 22)).underline_color(Color::Reset)
24:84-85 Style::new().fg(Color::Rgb(106, 153, 255)).bg(Color::Rgb(18, 18, 22)).underline_color(Color::Reset)
24:85-99 Style::new().fg(Color::Rgb(130, 133, 145)).bg(Color::Rgb(18, 18, 22)).underline_color(Color::Reset)
24:99-100 Style::new().fg(Color::Rgb(72, 76, 92)).bg(Color::Rgb(18, 18, 22)).underline_color(Color::Reset)
25:0-1 Style::new().fg(Color::Rgb(106, 153, 255)).bg(Color::Rgb(18, 18, 22)).underline_color(Color::Reset)
25:1-15 Style::new().fg(Color::Rgb(230, 230, 235)).bg(Color::Rgb(18, 18, 22)).underline_color(Color::Reset)
25:15-16 Style::new().fg(Color::Rgb(106, 153, 255)).bg(Color::Rgb(18, 18, 22)).underline_color(Color::Reset)
25:16-19 Style::new().fg(Color::Rgb(230, 230, 235)).bg(Color::Rgb(18, 18, 22)).underline_color(Color::Reset)
25:19-20 Style::new().fg(Color::Rgb(106, 153, 255)).bg(Color::Rgb(18, 18, 22)).underline_color(Color::Reset)
25:20-21 Style::new().fg(Color::Rgb(72, 76, 92)).bg(Color::Rgb(18, 18, 22)).underline_color(Color::Reset)
25:21-79 Style::new().fg(Color::Rgb(106, 153, 255)).bg(Color::Rgb(18, 18, 22)).underline_color(Color::Reset).bold()
25:79-80 Style::new().fg(Color::Rgb(72, 76, 92)).bg(Color::Rgb(18, 18, 22)).underline_color(Color::Reset)
25:80-81 Style::new().fg(Color::Rgb(106, 153, 255)).bg(Color::Rgb(18, 18, 22)).underline_color(Color::Reset)
25:81-84 Style::new().fg(Color::Rgb(230, 230, 235)).bg(Color::Rgb(18, 18, 22)).underline_color(Color::Reset)
25:84-85 Style::new().fg(Color::Rgb(106, 153, 255)).bg(Color::Rgb(18, 18, 22)).underline_color(Color::Reset)
25:85-99 Style::new().fg(Color::Rgb(130, 133, 145)).bg(Color::Rgb(18, 18, 22)).underline_color(Color::Reset)
25:99-100 Style::new().fg(Color::Rgb(72, 76, 92)).bg(Color::Rgb(18, 18, 22)).underline_color(Color::Reset)
26:0-1 Style::new().fg(Color::Rgb(106, 153, 255)).bg(Color::Rgb(18, 18, 22)).underline_color(Color::Reset)
26:1-15 Style::new().fg(Color::Rgb(230, 230, 235)).bg(Color::Rgb(18, 18, 22)).underline_color(Color::Reset)
26:15-16 Style::new().fg(Color::Rgb(106, 153, 255)).bg(Color::Rgb(18, 18, 22)).underline_color(Color::Reset)
26:16-19 Style::new().fg(Color::Rgb(230, 230, 235)).bg(Color::Rgb(18, 18, 22)).underline_color(Color::Reset)
26:19-20 Style::new().fg(Color::Rgb(106, 153, 255)).bg(Color::Rgb(18, 18, 22)).underline_color(Color::Reset)
26:20-21 Style::new().fg(Color::Rgb(72, 76, 92)).bg(Color::Rgb(18, 18, 22)).underline_color(Color::Reset)
26:21-79 Style::new().fg(Color::Rgb(230, 230, 235)).bg(Color::Rgb(18, 18, 22)).underline_color(Color::Reset)
26:79-80 Style::new().fg(Color::Rgb(72, 76, 92)).bg(Color::Rgb(18, 18, 22)).underline_color(Color::Reset)
26:80-81 Style::new().fg(Color::Rgb(106, 153, 255)).bg(Color::Rgb(18, 18, 22)).underline_color(Color::Reset)
26:81-84 Style::new().fg(Color::Rgb(230, 230, 235)).bg(Color::Rgb(18, 18, 22)).underline_color(Color::Reset)
26:84-85 Style::new().fg(Color::Rgb(106, 153, 255)).bg(Color::Rgb(18, 18, 22)).underline_color(Color::Reset)
26:85-99 Style::new().fg(Color::Rgb(130, 133, 145)).bg(Color::Rgb(18, 18, 22)).underline_color(Color::Reset)
26:99-100 Style::new().fg(Color::Rgb(72, 76, 92)).bg(Color::Rgb(18, 18, 22)).underline_color(Color::Reset)
27:0-1 Style::new().fg(Color::Rgb(106, 153, 255)).bg(Color::Rgb(18, 18, 22)).underline_color(Color::Reset)
27:1-15 Style::new().fg(Color::Rgb(230, 230, 235)).bg(Color::Rgb(18, 18, 22)).underline_color(Color::Reset)
27:15-16 Style::new().fg(Color::Rgb(106, 153, 255)).bg(Color::Rgb(18, 18, 22)).underline_color(Color::Reset)
27:16-19 Style::new().fg(Color::Rgb(230, 230, 235)).bg(Color::Rgb(18, 18, 22)).underline_color(Color::Reset)
27:19-20 Style::new().fg(Color::Rgb(106, 153, 255)).bg(Color::Rgb(18, 18, 22)).underline_color(Color::Reset)
27:20-80 Style::new().fg(Color::Rgb(72, 76, 92)).bg(Color::Rgb(18, 18, 22)).underline_color(Color::Reset)
27:80-81 Style::new().fg(Color::Rgb(106, 153, 255)).bg(Color::Rgb(18, 18, 22)).underline_color(Color::Reset)
27:81-84 Style::new().fg(Color::Rgb(230, 230, 235)).bg(Color::Rgb(18, 18, 22)).underline_color(Color::Reset)
27:84-85 Style::new().fg(Color::Rgb(106, 153, 255)).bg(Color::Rgb(18, 18, 22)).underline_color(Color::Reset)
27:85-99 Style::new().fg(Color::Rgb(130, 133, 145)).bg(Color::Rgb(18, 18, 22)).underline_color(Color::Reset)
27:99-100 Style::new().fg(Color::Rgb(72, 76, 92)).bg(Color::Rgb(18, 18, 22)).underline_color(Color::Reset)
28:0-1 Style::new().fg(Color::Rgb(106, 153, 255)).bg(Color::Rgb(18, 18, 22)).underline_color(Color::Reset)
28:1-15 Style::new().fg(Color::Rgb(230, 230, 235)).bg(Color::Rgb(18, 18, 22)).underline_color(Color::Reset)
28:15-16 Style::new().fg(Color::Rgb(106, 153, 255)).bg(Color::Rgb(18, 18, 22)).underline_color(Color::Reset)
28:16-19 Style::new().fg(Color::Rgb(230, 230, 235)).bg(Color::Rgb(18, 18, 22)).underline_color(Color::Reset)
28:19-20 Style::new().fg(Color::Rgb(106, 153, 255)).bg(Color::Rgb(18, 18, 22)).underline_color(Color::Reset)
28:20-80 Style::new().fg(Color::Rgb(72, 76, 92)).bg(Color::Rgb(18, 18, 22)).underline_color(Color::Reset)
28:80-81 Style::new().fg(Color::Rgb(106, 153, 255)).bg(Color::Rgb(18, 18, 22)).underline_color(Color::Reset)
28:81-84 Style::new().fg(Color::Rgb(230, 230, 235)).bg(Color::Rgb(18, 18, 22)).underline_color(Color::Reset)
28:84-85 Style::new().fg(Color::Rgb(106, 153, 255)).bg(Color::Rgb(18, 18, 22)).underline_color(Color::Reset)
28:85-99 Style::new().fg(Color::Rgb(130, 133, 145)).bg(Color::Rgb(18, 18, 22)).underline_color(Color::Reset)
28:99-100 Style::new().fg(Color::Rgb(72, 76, 92)).bg(Color::Rgb(18, 18, 22)).underline_color(Color::Reset)
29:0-1 Style::new().fg(Color::Rgb(106, 153, 255)).bg(Color::Rgb(18, 18, 22)).underline_color(Color::Reset)
29:1-15 Style::new().fg(Color::Rgb(230, 230, 235)).bg(Color::Rgb(18, 18, 22)).underline_color(Color::Reset)
29:15-16 Style::new().fg(Color::Rgb(106, 153, 255)).bg(Color::Rgb(18, 18, 22)).underline_color(Color::Reset)
29:16-19 Style::new().fg(Color::Rgb(72, 76, 92)).bg(Color::Rgb(18, 18, 22)).underline_color(Color::Reset)
29:19-20 Style::new().fg(Color::Rgb(106, 153, 255)).bg(Color::Rgb(18, 18, 22)).underline_color(Color::Reset)
29:20-21 Style::new().fg(Color::Rgb(72, 76, 92)).bg(Color::Rgb(18, 18, 22)).underline_color(Color::Reset)
29:21-29 Style::new().fg(Color::Rgb(130, 133, 145)).bg(Color::Rgb(18, 18, 22)).underline_color(Color::Reset)
29:29-31 Style::new().fg(Color::Rgb(230, 230, 235)).bg(Color::Rgb(18, 18, 22)).underline_color(Color::Reset)
29:31-41 Style::new().fg(Color::Rgb(130, 133, 145)).bg(Color::Rgb(18, 18, 22)).underline_color(Color::Reset)
29:41-79 Style::new().fg(Color::Rgb(230, 230, 235)).bg(Color::Rgb(18, 18, 22)).underline_color(Color::Reset)
29:79-80 Style::new().fg(Color::Rgb(72, 76, 92)).bg(Color::Rgb(18, 18, 22)).underline_color(Color::Reset)
29:80-81 Style::new().fg(Color::Rgb(106, 153, 255)).bg(Color::Rgb(18, 18, 22)).underline_color(Color::Reset)
29:81-84 Style::new().fg(Color::Rgb(72, 76, 92)).bg(Color::Rgb(18, 18, 22)).underline_color(Color::Reset)
29:84-85 Style::new().fg(Color::Rgb(106, 153, 255)).bg(Color::Rgb(18, 18, 22)).underline_color(Color::Reset)
29:85-99 Style::new().fg(Color::Rgb(130, 133, 145)).bg(Color::Rgb(18, 18, 22)).underline_color(Color::Reset)
29:99-100 Style::new().fg(Color::Rgb(72, 76, 92)).bg(Color::Rgb(18, 18, 22)).underline_color(Color::Reset)
30:0-1 Style::new().fg(Color::Rgb(106, 153, 255)).bg(Color::Rgb(18, 18, 22)).underline_color(Color::Reset)
30:1-15 Style::new().fg(Color::Rgb(230, 230, 235)).bg(Color::Rgb(18, 18, 22)).underline_color(Color::Reset)
30:15-16 Style::new().fg(Color::Rgb(106, 153, 255)).bg(Color::Rgb(18, 18, 22)).underline_color(Color::Reset)
30:16-17 Style::new().fg(Color::Rgb(72, 76, 92)).bg(Color::Rgb(18, 18, 22)).underline_color(Color::Reset)
30:17-19 Style::new().fg(Color::Rgb(130, 133, 145)).bg(Color::Rgb(18, 18, 22)).underline_color(Color::Reset)
30:19-20 Style::new().fg(Color::Rgb(106, 153, 255)).bg(Color::Rgb(18, 18, 22)).underline_color(Color::Reset)
30:20-21 Style::new().fg(Color::Rgb(72, 76, 92)).bg(Color::Rgb(18, 18, 22)).underline_color(Color::Reset)
30:21-31 Style::new().fg(Color::Rgb(130, 133, 145)).bg(Color::Rgb(18, 18, 22)).underline_color(Color::Reset)
30:31-38 Style::new().fg(Color::Rgb(230, 230, 235)).bg(Color::Rgb(18, 18, 22)).underline_color(Color::Reset)
30:38-79 Style::new().fg(Color::Rgb(130, 133, 145)).bg(Color::Rgb(18, 18, 22)).underline_color(Color::Reset)
30:79-80 Style::new().fg(Color::Rgb(72, 76, 92)).bg(Color::Rgb(18, 18, 22)).underline_color(Color::Reset)
30:80-81 Style::new().fg(Color::Rgb(106, 153, 255)).bg(Color::Rgb(18, 18, 22)).underline_color(Color::Reset)
30:81-83 Style::new().fg(Color::Rgb(230, 230, 235)).bg(Color::Rgb(18, 18, 22)).underline_color(Color::Reset)
30:83-84 Style::new().fg(Color::Rgb(72, 76, 92)).bg(Color::Rgb(18, 18, 22)).underline_color(Color::Reset)
30:84-85 Style::new().fg(Color::Rgb(106, 153, 255)).bg(Color::Rgb(18, 18, 22)).underline_color(Color::Reset)
30:85-99 Style::new().fg(Color::Rgb(130, 133, 145)).bg(Color::Rgb(18, 18, 22)).underline_color(Color::Reset)
30:99-100 Style::new().fg(Color::Rgb(72, 76, 92)).bg(Color::Rgb(18, 18, 22)).underline_color(Color::Reset)
31:0-1 Style::new().fg(Color::Rgb(106, 153, 255)).bg(Color::Rgb(18, 18, 22)).underline_color(Color::Reset)
31:1-15 Style::new().fg(Color::Rgb(230, 230, 235)).bg(Color::Rgb(18, 18, 22)).underline_color(Color::Reset)
31:15-16 Style::new().fg(Color::Rgb(106, 153, 255)).bg(Color::Rgb(18, 18, 22)).underline_color(Color::Reset)
31:16-17 Style::new().fg(Color::Rgb(72, 76, 92)).bg(Color::Rgb(18, 18, 22)).underline_color(Color::Reset)
31:17-19 Style::new().fg(Color::Rgb(130, 133, 145)).bg(Color::Rgb(18, 18, 22)).underline_color(Color::Reset)
31:19-20 Style::new().fg(Color::Rgb(106, 153, 255)).bg(Color::Rgb(18, 18, 22)).underline_color(Color::Reset)
31:20-80 Style::new().fg(Color::Rgb(72, 76, 92)).bg(Color::Rgb(18, 18, 22)).underline_color(Color::Reset)
31:80-81 Style::new().fg(Color::Rgb(106, 153, 255)).bg(Color::Rgb(18, 18, 22)).underline_color(Color::Reset)
31:81-83 Style::new().fg(Color::Rgb(130, 133, 145)).bg(Color::Rgb(18, 18, 22)).underline_color(Color::Reset)
31:83-84 Style::new().fg(Color::Rgb(72, 76, 92)).bg(Color::Rgb(18, 18, 22)).underline_color(Color::Reset)
31:84-85 Style::new().fg(Color::Rgb(106, 153, 255)).bg(Color::Rgb(18, 18, 22)).underline_color(Color::Reset)
31:85-99 Style::new().fg(Color::Rgb(130, 133, 145)).bg(Color::Rgb(18, 18, 22)).underline_color(Color::Reset)
31:99-100 Style::new().fg(Color::Rgb(72, 76, 92)).bg(Color::Rgb(18, 18, 22)).underline_color(Color::Reset)
32:0-1 Style::new().fg(Color::Rgb(106, 153, 255)).bg(Color::Rgb(18, 18, 22)).underline_color(Color::Reset)
32:1-15 Style::new().fg(Color::Rgb(230, 230, 235)).bg(Color::Rgb(18, 18, 22)).underline_color(Color::Reset)
32:15-16 Style::new().fg(Color::Rgb(106, 153, 255)).bg(Color::Rgb(18, 18, 22)).underline_color(Color::Reset)
32:16-19 Style::new().fg(Color::Rgb(72, 76, 92)).bg(Color::Rgb(18, 18, 22)).underline_color(Color::Reset)
32:19-81 Style::new().fg(Color::Rgb(106, 153, 255)).bg(Color::Rgb(18, 18, 22)).underline_color(Color::Reset)
32:81-84 Style::new().fg(Color::Rgb(72, 76, 92)).bg(Color::Rgb(18, 18, 22)).underline_color(Color::Reset)
32:84-85 Style::new().fg(Color::Rgb(106, 153, 255)).bg(Color::Rgb(18, 18, 22)).underline_color(Color::Reset)
32:85-99 Style::new().fg(Color::Rgb(130, 133, 145)).bg(Color::Rgb(18, 18, 22)).underline_color(Color::Reset)
32:99-100 Style::new().fg(Color::Rgb(72, 76, 92)).bg(Color::Rgb(18, 18, 22)).underline_color(Color::Reset)
33:0-1 Style::new().fg(Color::Rgb(106, 153, 255)).bg(Color::Rgb(18, 18, 22)).underline_color(Color::Reset)
33:1-15 Style::new().fg(Color::Rgb(230, 230, 235)).bg(Color::Rgb(18, 18, 22)).underline_color(Color::Reset)
33:15-85 Style::new().fg(Color::Rgb(106, 153, 255)).bg(Color::Rgb(18, 18, 22)).underline_color(Color::Reset)
33:85-99 Style::new().fg(Color::Rgb(130, 133, 145)).bg(Color::Rgb(18, 18, 22)).underline_color(Color::Reset)
33:99-100 Style::new().fg(Color::Rgb(72, 76, 92)).bg(Color::Rgb(18, 18, 22)).underline_color(Color::Reset)
34:0-1 Style::new().fg(Color::Rgb(106, 153, 255)).bg(Color::Rgb(18, 18, 22)).underline_color(Color::Reset)
34:1-24 Style::new().fg(Color::Rgb(230, 230, 235)).bg(Color::Rgb(18, 18, 22)).underline_color(Color::Reset)
34:24-25 Style::new().fg(Color::Rgb(106, 153, 255)).bg(Color::Rgb(18, 18, 22)).underline_color(Color::Reset)
34:25-26 Style::new().fg(Color::Rgb(72, 76, 92)).bg(Color::Rgb(18, 18, 22)).underline_color(Color::Reset)
34:26-49 Style::new().fg(Color::Rgb(130, 133, 145)).bg(Color::Rgb(18, 18, 22)).underline_color(Color::Reset)
34:49-51 Style::new().fg(Color::Rgb(72, 76, 92)).bg(Color::Rgb(18, 18, 22)).underline_color(Color::Reset)
34:51-74 Style::new().fg(Color::Rgb(230, 230, 235)).bg(Color::Rgb(18, 18, 22)).underline_color(Color::Reset)
34:74-76 Style::new().fg(Color::Rgb(72, 76, 92)).bg(Color::Rgb(18, 18, 22)).underline_color(Color::Reset)
34:76-99 Style::new().fg(Color::Rgb(130, 133, 145)).bg(Color::Rgb(18, 18, 22)).underline_color(Color::Reset)
34:99-100 Style::new().fg(Color::Rgb(72, 76, 92)).bg(Color::Rgb(18, 18, 22)).underline_color(Color::Reset)
35:0-1 Style::new().fg(Color::Rgb(106, 153, 255)).bg(Color::Rgb(18, 18, 22)).underline_color(Color::Reset)
35:1-24 Style::new().fg(Color::Rgb(230, 230, 235)).bg(Color::Rgb(18, 18, 22)).underline_color(Color::Reset)
35:24-25 Style::new().fg(Color::Rgb(106, 153, 255)).bg(Color::Rgb(18, 18, 22)).underline_color(Color::Reset)
35:25-26 Style::new().fg(Color::Rgb(72, 76, 92)).bg(Color::Rgb(18, 18, 22)).underline_color(Color::Reset)
35:26-49 Style::new().fg(Color::Rgb(130, 133, 145)).bg(Color::Rgb(18, 18, 22)).underline_color(Color::Reset)
35:49-51 Style::new().fg(Color::Rgb(72, 76, 92)).bg(Color::Rgb(18, 18, 22)).underline_color(Color::Reset)
35:51-74 Style::new().fg(Color::Rgb(230, 230, 235)).bg(Color::Rgb(18, 18, 22)).underline_color(Color::Reset)
35:74-76 Style::new().fg(Color::Rgb(72, 76, 92)).bg(Color::Rgb(18, 18, 22)).underline_color(Color::Reset)
35:76-99 Style::new().fg(Color::Rgb(130, 133, 145)).bg(Color::Rgb(18, 18, 22)).underline_color(Color::Reset)
35:99-100 Style::new().fg(Color::Rgb(72, 76, 92)).bg(Color::Rgb(18, 18, 22)).underline_color(Color::Reset)
36:0-1 Style::new().fg(Color::Rgb(106, 153, 255)).bg(Color::Rgb(18, 18, 22)).underline_color(Color::Reset)
36:1-24 Style::new().fg(Color::Rgb(230, 230, 235)).bg(Color::Rgb(18, 18, 22)).underline_color(Color::Reset)
36:24-25 Style::new().fg(Color::Rgb(106, 153, 255)).bg(Color::Rgb(18, 18, 22)).underline_color(Color::Reset)
36:25-26 Style::new().fg(Color::Rgb(72, 76, 92)).bg(Color::Rgb(18, 18, 22)).underline_color(Color::Reset)
36:26-49 Style::new().fg(Color::Rgb(130, 133, 145)).bg(Color::Rgb(18, 18, 22)).underline_color(Color::Reset)
36:49-51 Style::new().fg(Color::Rgb(72, 76, 92)).bg(Color::Rgb(18, 18, 22)).underline_color(Color::Reset)
36:51-74 Style::new().fg(Color::Rgb(230, 230, 235)).bg(Color::Rgb(18, 18, 22)).underline_color(Color::Reset)
36:74-76 Style::new().fg(Color::Rgb(72, 76, 92)).bg(Color::Rgb(18, 18, 22)).underline_color(Color::Reset)
36:76-99 Style::new().fg(Color::Rgb(130, 133, 145)).bg(Color::Rgb(18, 18, 22)).underline_color(Color::Reset)
36:99-100 Style::new().fg(Color::Rgb(72, 76, 92)).bg(Color::Rgb(18, 18, 22)).underline_color(Color::Reset)
37:0-1 Style::new().fg(Color::Rgb(106, 153, 255)).bg(Color::Rgb(18, 18, 22)).underline_color(Color::Reset)
37:1-24 Style::new().fg(Color::Rgb(230, 230, 235)).bg(Color::Rgb(18, 18, 22)).underline_color(Color::Reset)
37:24-25 Style::new().fg(Color::Rgb(106, 153, 255)).bg(Color::Rgb(18, 18, 22)).underline_color(Color::Reset)
37:25-26 Style::new().fg(Color::Rgb(72, 76, 92)).bg(Color::Rgb(18, 18, 22)).underline_color(Color::Reset)
37:26-49 Style::new().fg(Color::Rgb(130, 133, 145)).bg(Color::Rgb(18, 18, 22)).underline_color(Color::Reset)
37:49-51 Style::new().fg(Color::Rgb(72, 76, 92)).bg(Color::Rgb(18, 18, 22)).underline_color(Color::Reset)
37:51-74 Style::new().fg(Color::Rgb(230, 230, 235)).bg(Color::Rgb(18, 18, 22)).underline_color(Color::Reset)
37:74-76 Style::new().fg(Color::Rgb(72, 76, 92)).bg(Color::Rgb(18, 18, 22)).underline_color(Color::Reset)
37:76-99 Style::new().fg(Color::Rgb(130, 133, 145)).bg(Color::Rgb(18, 18, 22)).underline_color(Color::Reset)
37:99-100 Style::new().fg(Color::Rgb(72, 76, 92)).bg(Color::Rgb(18, 18, 22)).underline_color(Color::Reset)
38:0-25 Style::new().fg(Color::Rgb(106, 153, 255)).bg(Color::Rgb(18, 18, 22)).underline_color(Color::Reset)
38:25-100 Style::new().fg(Color::Rgb(72, 76, 92)).bg(Color::Rgb(18, 18, 22)).underline_color(Color::Reset)
39:0-15 Style::new().fg(Color::Rgb(245, 190, 80)).bg(Color::Rgb(72, 76, 92)).underline_color(Color::Reset)
39:15-100 Style::new().fg(Color::Rgb(230, 230, 235)).bg(Color::Rgb(72, 76, 92)).underline_color(Color::Reset)
