---
source: src/tui/tests.rs
expression: output
---
┌ Task ────────────────────────────────────────────────────────────────────────────────── ▸ Kanban ┐
│TASK-001 Landing went sideways                                                                    │
│Status: review │ Session: - │ Interactive: false                                                  │
│Backend: default │ Model: - │ Effort: - │ Agent: - │ Chain: -                                     │
│Created: <timestamp> │ Updated: <timestamp>                                                       │
│Worktree: <board>/.kanban/worktrees/TASK-001 │ Branch: kanban/TASK-001 │ Base: 0123456 │ I│
│⚠ Integration conflict — resolve in the worktree, then Re-run (Ctrl+R)                            │
└──────────────────────────────────────────────────────────────────────────────────────────────────┘
┌ Thread ──────────────────────────────────────────────────────────────────────────────────────────┐
│MSG-001 · system · open                                                                           │
│Task created: Landing went sideways                                                               │
│Status: todo                                                                                      │
│Created at: <timestamp>                                                                           │
│                                                                                                  │
│» MSG-002 · task · open                                                                           │
│(no description provided)                                                                         │
│                                                                                                  │
│                                                                                                  │
│                                                                                                  │
│                                                                                                  │
│                                                                                                  │
│                                                                                                  │
│                                                                                                  │
└──────────────────────────────────────────────────────────────────────────────────────────────────┘
┌ Review edits — conflict report · resolve in the worktree · Ctrl+R re-run ────────────────────────┐
│conflict in src/main.rs: base abc, ours def, theirs 123                                           │
│                                                                                                  │
│                                                                                                  │
│                                                                                                  │
└──────────────────────────────────────────────────────────────────────────────────────────────────┘
[ ▶ Queue r ] [ ⚡  Now F ] [ Approve y ] [ Re-run ^R ] [ Edit e ] [ Move m ] [ +Ctx c ] [ Del d ]   
 TUI ready │ r queue · w answer · y approve · x reject · Tab editor · Ctrl+S save · q/Esc back      

--- style runs ---
0:0-89 Style::new().fg(Color::Rgb(106, 153, 255)).bg(Color::Rgb(18, 18, 22)).underline_color(Color::Reset)
0:89-92 Style::new().fg(Color::Rgb(130, 133, 145)).bg(Color::Rgb(18, 18, 22)).underline_color(Color::Reset)
0:92-98 Style::new().fg(Color::Rgb(230, 230, 235)).bg(Color::Rgb(18, 18, 22)).underline_color(Color::Reset).bold()
0:98-100 Style::new().fg(Color::Rgb(106, 153, 255)).bg(Color::Rgb(18, 18, 22)).underline_color(Color::Reset)
1:0-1 Style::new().fg(Color::Rgb(106, 153, 255)).bg(Color::Rgb(18, 18, 22)).underline_color(Color::Reset)
1:1-9 Style::new().fg(Color::Rgb(106, 153, 255)).bg(Color::Rgb(18, 18, 22)).underline_color(Color::Reset).bold()
1:9-99 Style::new().fg(Color::Rgb(230, 230, 235)).bg(Color::Rgb(18, 18, 22)).underline_color(Color::Reset)
1:99-100 Style::new().fg(Color::Rgb(106, 153, 255)).bg(Color::Rgb(18, 18, 22)).underline_color(Color::Reset)
2:0-1 Style::new().fg(Color::Rgb(106, 153, 255)).bg(Color::Rgb(18, 18, 22)).underline_color(Color::Reset)
2:1-99 Style::new().fg(Color::Rgb(230, 230, 235)).bg(Color::Rgb(18, 18, 22)).underline_color(Color::Reset)
2:99-100 Style::new().fg(Color::Rgb(106, 153, 255)).bg(Color::Rgb(18, 18, 22)).underline_color(Color::Reset)
3:0-1 Style::new().fg(Color::Rgb(106, 153, 255)).bg(Color::Rgb(18, 18, 22)).underline_color(Color::Reset)
3:1-99 Style::new().fg(Color::Rgb(230, 230, 235)).bg(Color::Rgb(18, 18, 22)).underline_color(Color::Reset)
3:99-100 Style::new().fg(Color::Rgb(106, 153, 255)).bg(Color::Rgb(18, 18, 22)).underline_color(Color::Reset)
4:0-1 Style::new().fg(Color::Rgb(106, 153, 255)).bg(Color::Rgb(18, 18, 22)).underline_color(Color::Reset)
4:1-99 Style::new().fg(Color::Rgb(230, 230, 235)).bg(Color::Rgb(18, 18, 22)).underline_color(Color::Reset)
4:99-100 Style::new().fg(Color::Rgb(106, 153, 255)).bg(Color::Rgb(18, 18, 22)).underline_color(Color::Reset)
5:0-1 Style::new().fg(Color::Rgb(106, 153, 255)).bg(Color::Rgb(18, 18, 22)).underline_color(Color::Reset)
5:1-99 Style::new().fg(Color::Rgb(230, 230, 235)).bg(Color::Rgb(18, 18, 22)).underline_color(Color::Reset)
5:99-100 Style::new().fg(Color::Rgb(106, 153, 255)).bg(Color::Rgb(18, 18, 22)).underline_color(Color::Reset)
6:0-1 Style::new().fg(Color::Rgb(106, 153, 255)).bg(Color::Rgb(18, 18, 22)).underline_color(Color::Reset)
6:1-71 Style::new().fg(Color::Rgb(240, 95, 120)).bg(Color::Rgb(18, 18, 22)).underline_color(Color::Reset).bold()
6:71-99 Style::new().fg(Color::Rgb(230, 230, 235)).bg(Color::Rgb(18, 18, 22)).underline_color(Color::Reset)
6:99-100 Style::new().fg(Color::Rgb(106, 153, 255)).bg(Color::Rgb(18, 18, 22)).underline_color(Color::Reset)
7:0-100 Style::new().fg(Color::Rgb(106, 153, 255)).bg(Color::Rgb(18, 18, 22)).underline_color(Color::Reset)
8:0-100 Style::new().fg(Color::Rgb(106, 153, 255)).bg(Color::Rgb(18, 18, 22)).underline_color(Color::Reset)
9:0-1 Style::new().fg(Color::Rgb(106, 153, 255)).bg(Color::Rgb(18, 18, 22)).underline_color(Color::Reset)
9:1-24 Style::new().fg(Color::Rgb(130, 133, 145)).bg(Color::Rgb(18, 18, 22)).underline_color(Color::Reset)
9:24-99 Style::new().fg(Color::Rgb(230, 230, 235)).bg(Color::Rgb(18, 18, 22)).underline_color(Color::Reset)
9:99-100 Style::new().fg(Color::Rgb(106, 153, 255)).bg(Color::Rgb(18, 18, 22)).underline_color(Color::Reset)
10:0-1 Style::new().fg(Color::Rgb(106, 153, 255)).bg(Color::Rgb(18, 18, 22)).underline_color(Color::Reset)
10:1-99 Style::new().fg(Color::Rgb(230, 230, 235)).bg(Color::Rgb(18, 18, 22)).underline_color(Color::Reset)
10:99-100 Style::new().fg(Color::Rgb(106, 153, 255)).bg(Color::Rgb(18, 18, 22)).underline_color(Color::Reset)
11:0-1 Style::new().fg(Color::Rgb(106, 153, 255)).bg(Color::Rgb(18, 18, 22)).underline_color(Color::Reset)
11:1-99 Style::new().fg(Color::Rgb(230, 230, 235)).bg(Color::Rgb(18, 18, 22)).underline_color(Color::Reset)
11:99-100 Style::new().fg(Color::Rgb(106, 153, 255)).bg(Color::Rgb(18, 18, 22)).underline_color(Color::Reset)
12:0-1 Style::new().fg(Color::Rgb(106, 153, 255)).bg(Color::Rgb(18, 18, 22)).underline_color(Color::Reset)
12:1-99 Style::new().fg(Color::Rgb(230, 230, 235)).bg(Color::Rgb(18, 18, 22)).underline_color(Color::Reset)
12:99-100 Style::new().fg(Color::Rgb(106, 153, 255)).bg(Color::Rgb(18, 18, 22)).underline_color(Color::Reset)
13:0-1 Style::new().fg(Color::Rgb(106, 153, 255)).bg(Color::Rgb(18, 18, 22)).underline_color(Color::Reset)
13:1-99 Style::new().fg(Color::Rgb(230, 230, 235)).bg(Color::Rgb(18, 18, 22)).underline_color(Color::Reset)
13:99-100 Style::new().fg(Color::Rgb(106, 153, 255)).bg(Color::Rgb(18, 18, 22)).underline_color(Color::Reset)
14:0-1 Style::new().fg(Color::Rgb(106, 153, 255)).bg(Color::Rgb(18, 18, 22)).underline_color(Color::Reset)
14:1-24 Style::new().fg(Color::Rgb(100, 210, 140)).bg(Color::Rgb(18, 18, 22)).underline_color(Color::Reset).reversed()
14:24-99 Style::new().fg(Color::Rgb(230, 230, 235)).bg(Color::Rgb(18, 18, 22)).underline_color(Color::Reset)
14:99-100 Style::new().fg(Color::Rgb(106, 153, 255)).bg(Color::Rgb(18, 18, 22)).underline_color(Color::Reset)
15:0-1 Style::new().fg(Color::Rgb(106, 153, 255)).bg(Color::Rgb(18, 18, 22)).underline_color(Color::Reset)
15:1-26 Style::new().fg(Color::Rgb(230, 230, 235)).bg(Color::Rgb(18, 18, 22)).underline_color(Color::Reset).reversed()
15:26-99 Style::new().fg(Color::Rgb(230, 230, 235)).bg(Color::Rgb(18, 18, 22)).underline_color(Color::Reset)
15:99-100 Style::new().fg(Color::Rgb(106, 153, 255)).bg(Color::Rgb(18, 18, 22)).underline_color(Color::Reset)
16:0-1 Style::new().fg(Color::Rgb(106, 153, 255)).bg(Color::Rgb(18, 18, 22)).underline_color(Color::Reset)
16:1-99 Style::new().fg(Color::Rgb(230, 230, 235)).bg(Color::Rgb(18, 18, 22)).underline_color(Color::Reset)
16:99-100 Style::new().fg(Color::Rgb(106, 153, 255)).bg(Color::Rgb(18, 18, 22)).underline_color(Color::Reset)
17:0-1 Style::new().fg(Color::Rgb(106, 153, 255)).bg(Color::Rgb(18, 18, 22)).underline_color(Color::Reset)
17:1-99 Style::new().fg(Color::Rgb(230, 230, 235)).bg(Color::Rgb(18, 18, 22)).underline_color(Color::Reset)
17:99-100 Style::new().fg(Color::Rgb(106, 153, 255)).bg(Color::Rgb(18, 18, 22)).underline_color(Color::Reset)
18:0-1 Style::new().fg(Color::Rgb(106, 153, 255)).bg(Color::Rgb(18, 18, 22)).underline_color(Color::Reset)
18:1-99 Style::new().fg(Color::Rgb(230, 230, 235)).bg(Color::Rgb(18, 18, 22)).underline_color(Color::Reset)
18:99-100 Style::new().fg(Color::Rgb(106, 153, 255)).bg(Color::Rgb(18, 18, 22)).underline_color(Color::Reset)
19:0-1 Style::new().fg(Color::Rgb(106, 153, 255)).bg(Color::Rgb(18, 18, 22)).underline_color(Color::Reset)
19:1-99 Style::new().fg(Color::Rgb(230, 230, 235)).bg(Color::Rgb(18, 18, 22)).underline_color(Color::Reset)
19:99-100 Style::new().fg(Color::Rgb(106, 153, 255)).bg(Color::Rgb(18, 18, 22)).underline_color(Color::Reset)
20:0-1 Style::new().fg(Color::Rgb(106, 153, 255)).bg(Color::Rgb(18, 18, 22)).underline_color(Color::Reset)
20:1-99 Style::new().fg(Color::Rgb(230, 230, 235)).bg(Color::Rgb(18, 18, 22)).underline_color(Color::Reset)
20:99-100 Style::new().fg(Color::Rgb(106, 153, 255)).bg(Color::Rgb(18, 18, 22)).underline_color(Color::Reset)
21:0-1 Style::new().fg(Color::Rgb(106, 153, 255)).bg(Color::Rgb(18, 18, 22)).underline_color(Color::Reset)
21:1-99 Style::new().fg(Color::Rgb(230, 230, 235)).bg(Color::Rgb(18, 18, 22)).underline_color(Color::Reset)
21:99-100 Style::new().fg(Color::Rgb(106, 153, 255)).bg(Color::Rgb(18, 18, 22)).underline_color(Color::Reset)
22:0-1 Style::new().fg(Color::Rgb(106, 153, 255)).bg(Color::Rgb(18, 18, 22)).underline_color(Color::Reset)
22:1-99 Style::new().fg(Color::Rgb(230, 230, 235)).bg(Color::Rgb(18, 18, 22)).underline_color(Color::Reset)
22:99-100 Style::new().fg(Color::Rgb(106, 153, 255)).bg(Color::Rgb(18, 18, 22)).underline_color(Color::Reset)
23:0-100 Style::new().fg(Color::Rgb(106, 153, 255)).bg(Color::Rgb(18, 18, 22)).underline_color(Color::Reset)
24:0-100 Style::new().fg(Color::Rgb(240, 95, 120)).bg(Color::Reset).underline_color(Color::Reset)
25:0-1 Style::new().fg(Color::Rgb(240, 95, 120)).bg(Color::Reset).underline_color(Color::Reset)
25:1-2 Style::new().fg(Color::Reset).bg(Color::Reset).underline_color(Color::Reset).reversed()
25:2-99 Style::new().fg(Color::Reset).bg(Color::Reset).underline_color(Color::Reset)
25:99-100 Style::new().fg(Color::Rgb(240, 95, 120)).bg(Color::Reset).underline_color(Color::Reset)
26:0-1 Style::new().fg(Color::Rgb(240, 95, 120)).bg(Color::Reset).underline_color(Color::Reset)
26:1-99 Style::new().fg(Color::Reset).bg(Color::Reset).underline_color(Color::Reset)
26:99-100 Style::new().fg(Color::Rgb(240, 95, 120)).bg(Color::Reset).underline_color(Color::Reset)
27:0-1 Style::new().fg(Color::Rgb(240, 95, 120)).bg(Color::Reset).underline_color(Color::Reset)
27:1-99 Style::new().fg(Color::Reset).bg(Color::Reset).underline_color(Color::Reset)
27:99-100 Style::new().fg(Color::Rgb(240, 95, 120)).bg(Color::Reset).underline_color(Color::Reset)
28:0-1 Style::new().fg(Color::Rgb(240, 95, 120)).bg(Color::Reset).underline_color(Color::Reset)
28:1-99 Style::new().fg(Color::Reset).bg(Color::Reset).underline_color(Color::Reset)
28:99-100 Style::new().fg(Color::Rgb(240, 95, 120)).bg(Color::Reset).underline_color(Color::Reset)
29:0-100 Style::new().fg(Color::Rgb(240, 95, 120)).bg(Color::Reset).underline_color(Color::Reset)
30:0-13 Style::new().fg(Color::Rgb(230, 230, 235)).bg(Color::Rgb(72, 76, 92)).underline_color(Color::Reset)
30:13-14 Style::new().fg(Color::Reset).bg(Color::Rgb(18, 18, 22)).underline_color(Color::Reset)
30:14-17 Style::new().fg(Color::Rgb(230, 230, 235)).bg(Color::Rgb(72, 76, 92)).underline_color(Color::Reset)
30:17-18 Style::new().fg(Color::Reset).bg(Color::Reset).underline_color(Color::Reset)
30:18-26 Style::new().fg(Color::Rgb(230, 230, 235)).bg(Color::Rgb(72, 76, 92)).underline_color(Color::Reset)
30:26-27 Style::new().fg(Color::Reset).bg(Color::Rgb(18, 18, 22)).underline_color(Color::Reset)
30:27-40 Style::new().fg(Color::Rgb(230, 230, 235)).bg(Color::Rgb(72, 76, 92)).underline_color(Color::Reset)
30:40-41 Style::new().fg(Color::Reset).bg(Color::Rgb(18, 18, 22)).underline_color(Color::Reset)
30:41-54 Style::new().fg(Color::Rgb(240, 95, 120)).bg(Color::Rgb(72, 76, 92)).underline_color(Color::Reset).bold()
30:54-55 Style::new().fg(Color::Reset).bg(Color::Rgb(18, 18, 22)).underline_color(Color::Reset)
30:55-65 Style::new().fg(Color::Rgb(230, 230, 235)).bg(Color::Rgb(72, 76, 92)).underline_color(Color::Reset)
30:65-66 Style::new().fg(Color::Reset).bg(Color::Rgb(18, 18, 22)).underline_color(Color::Reset)
30:66-76 Style::new().fg(Color::Rgb(230, 230, 235)).bg(Color::Rgb(72, 76, 92)).underline_color(Color::Reset)
30:76-77 Style::new().fg(Color::Reset).bg(Color::Rgb(18, 18, 22)).underline_color(Color::Reset)
30:77-87 Style::new().fg(Color::Rgb(230, 230, 235)).bg(Color::Rgb(72, 76, 92)).underline_color(Color::Reset)
30:87-88 Style::new().fg(Color::Reset).bg(Color::Rgb(18, 18, 22)).underline_color(Color::Reset)
30:88-97 Style::new().fg(Color::Rgb(230, 230, 235)).bg(Color::Rgb(72, 76, 92)).underline_color(Color::Reset)
30:97-100 Style::new().fg(Color::Reset).bg(Color::Rgb(18, 18, 22)).underline_color(Color::Reset)
31:0-100 Style::new().fg(Color::Rgb(230, 230, 235)).bg(Color::Rgb(72, 76, 92)).underline_color(Color::Reset)
