---
source: src/tui/tests.rs
expression: rendered
---
┌ Projects · Enter open · n new · r rename · p path · s settings · S stats · d delete · / filte┐
│No projects. Press n to add this folder or another path.                                      │
│                                                                                              │
│                                                                                              │
│                                                                                              │
│             ┌ Global settings ─────────────────────────────────────────────────┐             │
│             │ Common │ Designer │ Reviewer │ Executor                          │             │
│             │──────────────────────────────────────────────────────────────────│             │
│             │┌ Updates ───────────────────────────────────────────────────────┐│             │
│             ││kanban4ai 9.9.9 available (released 20d ago)                    ││             │
│             ││[ Check now ][ Update now ]                                     ││             │
│             │└────────────────────────────────────────────────────────────────┘│             │
│             │┌ Escape ────────────────────────────────────────────────────────┐│             │
│             ││☐ Esc from board opens projects (Space toggles)                 ││             │
│             │└────────────────────────────────────────────────────────────────┘│             │
│             │┌ Project sorting ───────────────────────────────────────────────┐│             │
│             ││› By name                                                       ││             │
│             ││  Newest first                                                  ││             │
│             ││  Smart (unread → running → newest)                             ││             │
│             │└────────────────────────────────────────────────────────────────┘│             │
│             │┌ Updates ───────────────────────────────────────────────────────┐│             │
│             ││☑ check for updates when kanban4ai opens (Space toggles)        ││             │
│             │└────────────────────────────────────────────────────────────────┘│             │
│             │┌ Agent settings ────────────────────────────────────────────────┐│             │
│             ││opencode · openai/gpt-5.5  › Enter to configure                 ││             │
│             │└────────────────────────────────────────────────────────────────┘│             │
│             │┌────────────────────────────────────────────────────────────────┐│             │
│             ││[ Save ]  [ Cancel ]                                            ││             │
│             ││(Ctrl + S)             use Tab, Enter or Shift + Tab to navigate││             │
│             │└────────────────────────────────────────────────────────────────┘│             │
│             └──────────────────────────────────────────────────────────────────┘             │
│                                                                                              │
│                                                                                              │
│                                                                                              │
└──────────────────────────────────────────────────────────────────────────────────────────────┘
 Projects │ Enter open · n new · r rename · p path · o folder · d delete · / filter · ? help    

--- style runs ---
0:0-96 Style::new().fg(Color::Rgb(106, 153, 255)).bg(Color::Reset).underline_color(Color::Reset)
1:0-1 Style::new().fg(Color::Rgb(106, 153, 255)).bg(Color::Reset).underline_color(Color::Reset)
1:1-95 Style::new().fg(Color::Reset).bg(Color::Reset).underline_color(Color::Reset)
1:95-96 Style::new().fg(Color::Rgb(106, 153, 255)).bg(Color::Reset).underline_color(Color::Reset)
2:0-1 Style::new().fg(Color::Rgb(106, 153, 255)).bg(Color::Reset).underline_color(Color::Reset)
2:1-95 Style::new().fg(Color::Reset).bg(Color::Reset).underline_color(Color::Reset)
2:95-96 Style::new().fg(Color::Rgb(106, 153, 255)).bg(Color::Reset).underline_color(Color::Reset)
3:0-1 Style::new().fg(Color::Rgb(106, 153, 255)).bg(Color::Reset).underline_color(Color::Reset)
3:1-95 Style::new().fg(Color::Reset).bg(Color::Reset).underline_color(Color::Reset)
3:95-96 Style::new().fg(Color::Rgb(106, 153, 255)).bg(Color::Reset).underline_color(Color::Reset)
4:0-1 Style::new().fg(Color::Rgb(106, 153, 255)).bg(Color::Reset).underline_color(Color::Reset)
4:1-95 Style::new().fg(Color::Reset).bg(Color::Reset).underline_color(Color::Reset)
4:95-96 Style::new().fg(Color::Rgb(106, 153, 255)).bg(Color::Reset).underline_color(Color::Reset)
5:0-1 Style::new().fg(Color::Rgb(106, 153, 255)).bg(Color::Reset).underline_color(Color::Reset)
5:1-14 Style::new().fg(Color::Reset).bg(Color::Reset).underline_color(Color::Reset)
5:14-82 Style::new().fg(Color::Rgb(106, 153, 255)).bg(Color::Rgb(18, 18, 22)).underline_color(Color::Reset)
5:82-95 Style::new().fg(Color::Reset).bg(Color::Reset).underline_color(Color::Reset)
5:95-96 Style::new().fg(Color::Rgb(106, 153, 255)).bg(Color::Reset).underline_color(Color::Reset)
6:0-1 Style::new().fg(Color::Rgb(106, 153, 255)).bg(Color::Reset).underline_color(Color::Reset)
6:1-14 Style::new().fg(Color::Reset).bg(Color::Reset).underline_color(Color::Reset)
6:14-15 Style::new().fg(Color::Rgb(106, 153, 255)).bg(Color::Rgb(18, 18, 22)).underline_color(Color::Reset)
6:15-23 Style::new().fg(Color::Rgb(106, 153, 255)).bg(Color::Rgb(18, 18, 22)).underline_color(Color::Reset).bold()
6:23-24 Style::new().fg(Color::Rgb(230, 230, 235)).bg(Color::Rgb(18, 18, 22)).underline_color(Color::Reset)
6:24-34 Style::new().fg(Color::Rgb(130, 133, 145)).bg(Color::Rgb(18, 18, 22)).underline_color(Color::Reset)
6:34-35 Style::new().fg(Color::Rgb(230, 230, 235)).bg(Color::Rgb(18, 18, 22)).underline_color(Color::Reset)
6:35-45 Style::new().fg(Color::Rgb(130, 133, 145)).bg(Color::Rgb(18, 18, 22)).underline_color(Color::Reset)
6:45-46 Style::new().fg(Color::Rgb(230, 230, 235)).bg(Color::Rgb(18, 18, 22)).underline_color(Color::Reset)
6:46-56 Style::new().fg(Color::Rgb(130, 133, 145)).bg(Color::Rgb(18, 18, 22)).underline_color(Color::Reset)
6:56-81 Style::new().fg(Color::Rgb(230, 230, 235)).bg(Color::Rgb(18, 18, 22)).underline_color(Color::Reset)
6:81-82 Style::new().fg(Color::Rgb(106, 153, 255)).bg(Color::Rgb(18, 18, 22)).underline_color(Color::Reset)
6:82-95 Style::new().fg(Color::Reset).bg(Color::Reset).underline_color(Color::Reset)
6:95-96 Style::new().fg(Color::Rgb(106, 153, 255)).bg(Color::Reset).underline_color(Color::Reset)
7:0-1 Style::new().fg(Color::Rgb(106, 153, 255)).bg(Color::Reset).underline_color(Color::Reset)
7:1-14 Style::new().fg(Color::Reset).bg(Color::Reset).underline_color(Color::Reset)
7:14-15 Style::new().fg(Color::Rgb(106, 153, 255)).bg(Color::Rgb(18, 18, 22)).underline_color(Color::Reset)
7:15-81 Style::new().fg(Color::Rgb(72, 76, 92)).bg(Color::Rgb(18, 18, 22)).underline_color(Color::Reset)
7:81-82 Style::new().fg(Color::Rgb(106, 153, 255)).bg(Color::Rgb(18, 18, 22)).underline_color(Color::Reset)
7:82-95 Style::new().fg(Color::Reset).bg(Color::Reset).underline_color(Color::Reset)
7:95-96 Style::new().fg(Color::Rgb(106, 153, 255)).bg(Color::Reset).underline_color(Color::Reset)
8:0-1 Style::new().fg(Color::Rgb(106, 153, 255)).bg(Color::Reset).underline_color(Color::Reset)
8:1-14 Style::new().fg(Color::Reset).bg(Color::Reset).underline_color(Color::Reset)
8:14-15 Style::new().fg(Color::Rgb(106, 153, 255)).bg(Color::Rgb(18, 18, 22)).underline_color(Color::Reset)
8:15-81 Style::new().fg(Color::Rgb(72, 76, 92)).bg(Color::Rgb(18, 18, 22)).underline_color(Color::Reset)
8:81-82 Style::new().fg(Color::Rgb(106, 153, 255)).bg(Color::Rgb(18, 18, 22)).underline_color(Color::Reset)
8:82-95 Style::new().fg(Color::Reset).bg(Color::Reset).underline_color(Color::Reset)
8:95-96 Style::new().fg(Color::Rgb(106, 153, 255)).bg(Color::Reset).underline_color(Color::Reset)
9:0-1 Style::new().fg(Color::Rgb(106, 153, 255)).bg(Color::Reset).underline_color(Color::Reset)
9:1-14 Style::new().fg(Color::Reset).bg(Color::Reset).underline_color(Color::Reset)
9:14-15 Style::new().fg(Color::Rgb(106, 153, 255)).bg(Color::Rgb(18, 18, 22)).underline_color(Color::Reset)
9:15-16 Style::new().fg(Color::Rgb(72, 76, 92)).bg(Color::Rgb(18, 18, 22)).underline_color(Color::Reset)
9:16-80 Style::new().fg(Color::Rgb(230, 230, 235)).bg(Color::Rgb(18, 18, 22)).underline_color(Color::Reset)
9:80-81 Style::new().fg(Color::Rgb(72, 76, 92)).bg(Color::Rgb(18, 18, 22)).underline_color(Color::Reset)
9:81-82 Style::new().fg(Color::Rgb(106, 153, 255)).bg(Color::Rgb(18, 18, 22)).underline_color(Color::Reset)
9:82-95 Style::new().fg(Color::Reset).bg(Color::Reset).underline_color(Color::Reset)
9:95-96 Style::new().fg(Color::Rgb(106, 153, 255)).bg(Color::Reset).underline_color(Color::Reset)
10:0-1 Style::new().fg(Color::Rgb(106, 153, 255)).bg(Color::Reset).underline_color(Color::Reset)
10:1-14 Style::new().fg(Color::Reset).bg(Color::Reset).underline_color(Color::Reset)
10:14-15 Style::new().fg(Color::Rgb(106, 153, 255)).bg(Color::Rgb(18, 18, 22)).underline_color(Color::Reset)
10:15-16 Style::new().fg(Color::Rgb(72, 76, 92)).bg(Color::Rgb(18, 18, 22)).underline_color(Color::Reset)
10:16-45 Style::new().fg(Color::Rgb(130, 133, 145)).bg(Color::Rgb(18, 18, 22)).underline_color(Color::Reset)
10:45-80 Style::new().fg(Color::Rgb(230, 230, 235)).bg(Color::Rgb(18, 18, 22)).underline_color(Color::Reset)
10:80-81 Style::new().fg(Color::Rgb(72, 76, 92)).bg(Color::Rgb(18, 18, 22)).underline_color(Color::Reset)
10:81-82 Style::new().fg(Color::Rgb(106, 153, 255)).bg(Color::Rgb(18, 18, 22)).underline_color(Color::Reset)
10:82-95 Style::new().fg(Color::Reset).bg(Color::Reset).underline_color(Color::Reset)
10:95-96 Style::new().fg(Color::Rgb(106, 153, 255)).bg(Color::Reset).underline_color(Color::Reset)
11:0-1 Style::new().fg(Color::Rgb(106, 153, 255)).bg(Color::Reset).underline_color(Color::Reset)
11:1-14 Style::new().fg(Color::Reset).bg(Color::Reset).underline_color(Color::Reset)
11:14-15 Style::new().fg(Color::Rgb(106, 153, 255)).bg(Color::Rgb(18, 18, 22)).underline_color(Color::Reset)
11:15-81 Style::new().fg(Color::Rgb(72, 76, 92)).bg(Color::Rgb(18, 18, 22)).underline_color(Color::Reset)
11:81-82 Style::new().fg(Color::Rgb(106, 153, 255)).bg(Color::Rgb(18, 18, 22)).underline_color(Color::Reset)
11:82-95 Style::new().fg(Color::Reset).bg(Color::Reset).underline_color(Color::Reset)
11:95-96 Style::new().fg(Color::Rgb(106, 153, 255)).bg(Color::Reset).underline_color(Color::Reset)
12:0-1 Style::new().fg(Color::Rgb(106, 153, 255)).bg(Color::Reset).underline_color(Color::Reset)
12:1-14 Style::new().fg(Color::Reset).bg(Color::Reset).underline_color(Color::Reset)
12:14-82 Style::new().fg(Color::Rgb(106, 153, 255)).bg(Color::Rgb(18, 18, 22)).underline_color(Color::Reset)
12:82-95 Style::new().fg(Color::Reset).bg(Color::Reset).underline_color(Color::Reset)
12:95-96 Style::new().fg(Color::Rgb(106, 153, 255)).bg(Color::Reset).underline_color(Color::Reset)
13:0-1 Style::new().fg(Color::Rgb(106, 153, 255)).bg(Color::Reset).underline_color(Color::Reset)
13:1-14 Style::new().fg(Color::Reset).bg(Color::Reset).underline_color(Color::Reset)
13:14-16 Style::new().fg(Color::Rgb(106, 153, 255)).bg(Color::Rgb(18, 18, 22)).underline_color(Color::Reset)
13:16-80 Style::new().fg(Color::Rgb(230, 230, 235)).bg(Color::Rgb(18, 18, 22)).underline_color(Color::Reset)
13:80-82 Style::new().fg(Color::Rgb(106, 153, 255)).bg(Color::Rgb(18, 18, 22)).underline_color(Color::Reset)
13:82-95 Style::new().fg(Color::Reset).bg(Color::Reset).underline_color(Color::Reset)
13:95-96 Style::new().fg(Color::Rgb(106, 153, 255)).bg(Color::Reset).underline_color(Color::Reset)
14:0-1 Style::new().fg(Color::Rgb(106, 153, 255)).bg(Color::Reset).underline_color(Color::Reset)
14:1-14 Style::new().fg(Color::Reset).bg(Color::Reset).underline_color(Color::Reset)
14:14-82 Style::new().fg(Color::Rgb(106, 153, 255)).bg(Color::Rgb(18, 18, 22)).underline_color(Color::Reset)
14:82-95 Style::new().fg(Color::Reset).bg(Color::Reset).underline_color(Color::Reset)
14:95-96 Style::new().fg(Color::Rgb(106, 153, 255)).bg(Color::Reset).underline_color(Color::Reset)
15:0-1 Style::new().fg(Color::Rgb(106, 153, 255)).bg(Color::Reset).underline_color(Color::Reset)
15:1-14 Style::new().fg(Color::Reset).bg(Color::Reset).underline_color(Color::Reset)
15:14-15 Style::new().fg(Color::Rgb(106, 153, 255)).bg(Color::Rgb(18, 18, 22)).underline_color(Color::Reset)
15:15-81 Style::new().fg(Color::Rgb(72, 76, 92)).bg(Color::Rgb(18, 18, 22)).underline_color(Color::Reset)
15:81-82 Style::new().fg(Color::Rgb(106, 153, 255)).bg(Color::Rgb(18, 18, 22)).underline_color(Color::Reset)
15:82-95 Style::new().fg(Color::Reset).bg(Color::Reset).underline_color(Color::Reset)
15:95-96 Style::new().fg(Color::Rgb(106, 153, 255)).bg(Color::Reset).underline_color(Color::Reset)
16:0-1 Style::new().fg(Color::Rgb(106, 153, 255)).bg(Color::Reset).underline_color(Color::Reset)
16:1-14 Style::new().fg(Color::Reset).bg(Color::Reset).underline_color(Color::Reset)
16:14-15 Style::new().fg(Color::Rgb(106, 153, 255)).bg(Color::Rgb(18, 18, 22)).underline_color(Color::Reset)
16:15-16 Style::new().fg(Color::Rgb(72, 76, 92)).bg(Color::Rgb(18, 18, 22)).underline_color(Color::Reset)
16:16-80 Style::new().fg(Color::Rgb(106, 153, 255)).bg(Color::Rgb(18, 18, 22)).underline_color(Color::Reset).bold()
16:80-81 Style::new().fg(Color::Rgb(72, 76, 92)).bg(Color::Rgb(18, 18, 22)).underline_color(Color::Reset)
16:81-82 Style::new().fg(Color::Rgb(106, 153, 255)).bg(Color::Rgb(18, 18, 22)).underline_color(Color::Reset)
16:82-95 Style::new().fg(Color::Reset).bg(Color::Reset).underline_color(Color::Reset)
16:95-96 Style::new().fg(Color::Rgb(106, 153, 255)).bg(Color::Reset).underline_color(Color::Reset)
17:0-1 Style::new().fg(Color::Rgb(106, 153, 255)).bg(Color::Reset).underline_color(Color::Reset)
17:1-14 Style::new().fg(Color::Reset).bg(Color::Reset).underline_color(Color::Reset)
17:14-15 Style::new().fg(Color::Rgb(106, 153, 255)).bg(Color::Rgb(18, 18, 22)).underline_color(Color::Reset)
17:15-16 Style::new().fg(Color::Rgb(72, 76, 92)).bg(Color::Rgb(18, 18, 22)).underline_color(Color::Reset)
17:16-80 Style::new().fg(Color::Rgb(230, 230, 235)).bg(Color::Rgb(18, 18, 22)).underline_color(Color::Reset)
17:80-81 Style::new().fg(Color::Rgb(72, 76, 92)).bg(Color::Rgb(18, 18, 22)).underline_color(Color::Reset)
17:81-82 Style::new().fg(Color::Rgb(106, 153, 255)).bg(Color::Rgb(18, 18, 22)).underline_color(Color::Reset)
17:82-95 Style::new().fg(Color::Reset).bg(Color::Reset).underline_color(Color::Reset)
17:95-96 Style::new().fg(Color::Rgb(106, 153, 255)).bg(Color::Reset).underline_color(Color::Reset)
18:0-1 Style::new().fg(Color::Rgb(106, 153, 255)).bg(Color::Reset).underline_color(Color::Reset)
18:1-14 Style::new().fg(Color::Reset).bg(Color::Reset).underline_color(Color::Reset)
18:14-15 Style::new().fg(Color::Rgb(106, 153, 255)).bg(Color::Rgb(18, 18, 22)).underline_color(Color::Reset)
18:15-16 Style::new().fg(Color::Rgb(72, 76, 92)).bg(Color::Rgb(18, 18, 22)).underline_color(Color::Reset)
18:16-80 Style::new().fg(Color::Rgb(230, 230, 235)).bg(Color::Rgb(18, 18, 22)).underline_color(Color::Reset)
18:80-81 Style::new().fg(Color::Rgb(72, 76, 92)).bg(Color::Rgb(18, 18, 22)).underline_color(Color::Reset)
18:81-82 Style::new().fg(Color::Rgb(106, 153, 255)).bg(Color::Rgb(18, 18, 22)).underline_color(Color::Reset)
18:82-95 Style::new().fg(Color::Reset).bg(Color::Reset).underline_color(Color::Reset)
18:95-96 Style::new().fg(Color::Rgb(106, 153, 255)).bg(Color::Reset).underline_color(Color::Reset)
19:0-1 Style::new().fg(Color::Rgb(106, 153, 255)).bg(Color::Reset).underline_color(Color::Reset)
19:1-14 Style::new().fg(Color::Reset).bg(Color::Reset).underline_color(Color::Reset)
19:14-15 Style::new().fg(Color::Rgb(106, 153, 255)).bg(Color::Rgb(18, 18, 22)).underline_color(Color::Reset)
19:15-81 Style::new().fg(Color::Rgb(72, 76, 92)).bg(Color::Rgb(18, 18, 22)).underline_color(Color::Reset)
19:81-82 Style::new().fg(Color::Rgb(106, 153, 255)).bg(Color::Rgb(18, 18, 22)).underline_color(Color::Reset)
19:82-95 Style::new().fg(Color::Reset).bg(Color::Reset).underline_color(Color::Reset)
19:95-96 Style::new().fg(Color::Rgb(106, 153, 255)).bg(Color::Reset).underline_color(Color::Reset)
20:0-1 Style::new().fg(Color::Rgb(106, 153, 255)).bg(Color::Reset).underline_color(Color::Reset)
20:1-14 Style::new().fg(Color::Reset).bg(Color::Reset).underline_color(Color::Reset)
20:14-15 Style::new().fg(Color::Rgb(106, 153, 255)).bg(Color::Rgb(18, 18, 22)).underline_color(Color::Reset)
20:15-81 Style::new().fg(Color::Rgb(72, 76, 92)).bg(Color::Rgb(18, 18, 22)).underline_color(Color::Reset)
20:81-82 Style::new().fg(Color::Rgb(106, 153, 255)).bg(Color::Rgb(18, 18, 22)).underline_color(Color::Reset)
20:82-95 Style::new().fg(Color::Reset).bg(Color::Reset).underline_color(Color::Reset)
20:95-96 Style::new().fg(Color::Rgb(106, 153, 255)).bg(Color::Reset).underline_color(Color::Reset)
21:0-1 Style::new().fg(Color::Rgb(106, 153, 255)).bg(Color::Reset).underline_color(Color::Reset)
21:1-14 Style::new().fg(Color::Reset).bg(Color::Reset).underline_color(Color::Reset)
21:14-15 Style::new().fg(Color::Rgb(106, 153, 255)).bg(Color::Rgb(18, 18, 22)).underline_color(Color::Reset)
21:15-16 Style::new().fg(Color::Rgb(72, 76, 92)).bg(Color::Rgb(18, 18, 22)).underline_color(Color::Reset)
21:16-80 Style::new().fg(Color::Rgb(230, 230, 235)).bg(Color::Rgb(18, 18, 22)).underline_color(Color::Reset)
21:80-81 Style::new().fg(Color::Rgb(72, 76, 92)).bg(Color::Rgb(18, 18, 22)).underline_color(Color::Reset)
21:81-82 Style::new().fg(Color::Rgb(106, 153, 255)).bg(Color::Rgb(18, 18, 22)).underline_color(Color::Reset)
21:82-95 Style::new().fg(Color::Reset).bg(Color::Reset).underline_color(Color::Reset)
21:95-96 Style::new().fg(Color::Rgb(106, 153, 255)).bg(Color::Reset).underline_color(Color::Reset)
22:0-1 Style::new().fg(Color::Rgb(106, 153, 255)).bg(Color::Reset).underline_color(Color::Reset)
22:1-14 Style::new().fg(Color::Reset).bg(Color::Reset).underline_color(Color::Reset)
22:14-15 Style::new().fg(Color::Rgb(106, 153, 255)).bg(Color::Rgb(18, 18, 22)).underline_color(Color::Reset)
22:15-81 Style::new().fg(Color::Rgb(72, 76, 92)).bg(Color::Rgb(18, 18, 22)).underline_color(Color::Reset)
22:81-82 Style::new().fg(Color::Rgb(106, 153, 255)).bg(Color::Rgb(18, 18, 22)).underline_color(Color::Reset)
22:82-95 Style::new().fg(Color::Reset).bg(Color::Reset).underline_color(Color::Reset)
22:95-96 Style::new().fg(Color::Rgb(106, 153, 255)).bg(Color::Reset).underline_color(Color::Reset)
23:0-1 Style::new().fg(Color::Rgb(106, 153, 255)).bg(Color::Reset).underline_color(Color::Reset)
23:1-14 Style::new().fg(Color::Reset).bg(Color::Reset).underline_color(Color::Reset)
23:14-15 Style::new().fg(Color::Rgb(106, 153, 255)).bg(Color::Rgb(18, 18, 22)).underline_color(Color::Reset)
23:15-81 Style::new().fg(Color::Rgb(72, 76, 92)).bg(Color::Rgb(18, 18, 22)).underline_color(Color::Reset)
23:81-82 Style::new().fg(Color::Rgb(106, 153, 255)).bg(Color::Rgb(18, 18, 22)).underline_color(Color::Reset)
23:82-95 Style::new().fg(Color::Reset).bg(Color::Reset).underline_color(Color::Reset)
23:95-96 Style::new().fg(Color::Rgb(106, 153, 255)).bg(Color::Reset).underline_color(Color::Reset)
24:0-1 Style::new().fg(Color::Rgb(106, 153, 255)).bg(Color::Reset).underline_color(Color::Reset)
24:1-14 Style::new().fg(Color::Reset).bg(Color::Reset).underline_color(Color::Reset)
24:14-15 Style::new().fg(Color::Rgb(106, 153, 255)).bg(Color::Rgb(18, 18, 22)).underline_color(Color::Reset)
24:15-16 Style::new().fg(Color::Rgb(72, 76, 92)).bg(Color::Rgb(18, 18, 22)).underline_color(Color::Reset)
24:16-80 Style::new().fg(Color::Rgb(230, 230, 235)).bg(Color::Rgb(18, 18, 22)).underline_color(Color::Reset)
24:80-81 Style::new().fg(Color::Rgb(72, 76, 92)).bg(Color::Rgb(18, 18, 22)).underline_color(Color::Reset)
24:81-82 Style::new().fg(Color::Rgb(106, 153, 255)).bg(Color::Rgb(18, 18, 22)).underline_color(Color::Reset)
24:82-95 Style::new().fg(Color::Reset).bg(Color::Reset).underline_color(Color::Reset)
24:95-96 Style::new().fg(Color::Rgb(106, 153, 255)).bg(Color::Reset).underline_color(Color::Reset)
25:0-1 Style::new().fg(Color::Rgb(106, 153, 255)).bg(Color::Reset).underline_color(Color::Reset)
25:1-14 Style::new().fg(Color::Reset).bg(Color::Reset).underline_color(Color::Reset)
25:14-15 Style::new().fg(Color::Rgb(106, 153, 255)).bg(Color::Rgb(18, 18, 22)).underline_color(Color::Reset)
25:15-81 Style::new().fg(Color::Rgb(72, 76, 92)).bg(Color::Rgb(18, 18, 22)).underline_color(Color::Reset)
25:81-82 Style::new().fg(Color::Rgb(106, 153, 255)).bg(Color::Rgb(18, 18, 22)).underline_color(Color::Reset)
25:82-95 Style::new().fg(Color::Reset).bg(Color::Reset).underline_color(Color::Reset)
25:95-96 Style::new().fg(Color::Rgb(106, 153, 255)).bg(Color::Reset).underline_color(Color::Reset)
26:0-1 Style::new().fg(Color::Rgb(106, 153, 255)).bg(Color::Reset).underline_color(Color::Reset)
26:1-14 Style::new().fg(Color::Reset).bg(Color::Reset).underline_color(Color::Reset)
26:14-15 Style::new().fg(Color::Rgb(106, 153, 255)).bg(Color::Rgb(18, 18, 22)).underline_color(Color::Reset)
26:15-81 Style::new().fg(Color::Rgb(72, 76, 92)).bg(Color::Rgb(18, 18, 22)).underline_color(Color::Reset)
26:81-82 Style::new().fg(Color::Rgb(106, 153, 255)).bg(Color::Rgb(18, 18, 22)).underline_color(Color::Reset)
26:82-95 Style::new().fg(Color::Reset).bg(Color::Reset).underline_color(Color::Reset)
26:95-96 Style::new().fg(Color::Rgb(106, 153, 255)).bg(Color::Reset).underline_color(Color::Reset)
27:0-1 Style::new().fg(Color::Rgb(106, 153, 255)).bg(Color::Reset).underline_color(Color::Reset)
27:1-14 Style::new().fg(Color::Reset).bg(Color::Reset).underline_color(Color::Reset)
27:14-15 Style::new().fg(Color::Rgb(106, 153, 255)).bg(Color::Rgb(18, 18, 22)).underline_color(Color::Reset)
27:15-16 Style::new().fg(Color::Rgb(72, 76, 92)).bg(Color::Rgb(18, 18, 22)).underline_color(Color::Reset)
27:16-24 Style::new().fg(Color::Rgb(130, 133, 145)).bg(Color::Rgb(18, 18, 22)).underline_color(Color::Reset)
27:24-26 Style::new().fg(Color::Rgb(230, 230, 235)).bg(Color::Rgb(18, 18, 22)).underline_color(Color::Reset)
27:26-36 Style::new().fg(Color::Rgb(130, 133, 145)).bg(Color::Rgb(18, 18, 22)).underline_color(Color::Reset)
27:36-80 Style::new().fg(Color::Rgb(230, 230, 235)).bg(Color::Rgb(18, 18, 22)).underline_color(Color::Reset)
27:80-81 Style::new().fg(Color::Rgb(72, 76, 92)).bg(Color::Rgb(18, 18, 22)).underline_color(Color::Reset)
27:81-82 Style::new().fg(Color::Rgb(106, 153, 255)).bg(Color::Rgb(18, 18, 22)).underline_color(Color::Reset)
27:82-95 Style::new().fg(Color::Reset).bg(Color::Reset).underline_color(Color::Reset)
27:95-96 Style::new().fg(Color::Rgb(106, 153, 255)).bg(Color::Reset).underline_color(Color::Reset)
28:0-1 Style::new().fg(Color::Rgb(106, 153, 255)).bg(Color::Reset).underline_color(Color::Reset)
28:1-14 Style::new().fg(Color::Reset).bg(Color::Reset).underline_color(Color::Reset)
28:14-15 Style::new().fg(Color::Rgb(106, 153, 255)).bg(Color::Rgb(18, 18, 22)).underline_color(Color::Reset)
28:15-16 Style::new().fg(Color::Rgb(72, 76, 92)).bg(Color::Rgb(18, 18, 22)).underline_color(Color::Reset)
28:16-26 Style::new().fg(Color::Rgb(130, 133, 145)).bg(Color::Rgb(18, 18, 22)).underline_color(Color::Reset)
28:26-39 Style::new().fg(Color::Rgb(230, 230, 235)).bg(Color::Rgb(18, 18, 22)).underline_color(Color::Reset)
28:39-80 Style::new().fg(Color::Rgb(130, 133, 145)).bg(Color::Rgb(18, 18, 22)).underline_color(Color::Reset)
28:80-81 Style::new().fg(Color::Rgb(72, 76, 92)).bg(Color::Rgb(18, 18, 22)).underline_color(Color::Reset)
28:81-82 Style::new().fg(Color::Rgb(106, 153, 255)).bg(Color::Rgb(18, 18, 22)).underline_color(Color::Reset)
28:82-95 Style::new().fg(Color::Reset).bg(Color::Reset).underline_color(Color::Reset)
28:95-96 Style::new().fg(Color::Rgb(106, 153, 255)).bg(Color::Reset).underline_color(Color::Reset)
29:0-1 Style::new().fg(Color::Rgb(106, 153, 255)).bg(Color::Reset).underline_color(Color::Reset)
29:1-14 Style::new().fg(Color::Reset).bg(Color::Reset).underline_color(Color::Reset)
29:14-15 Style::new().fg(Color::Rgb(106, 153, 255)).bg(Color::Rgb(18, 18, 22)).underline_color(Color::Reset)
29:15-81 Style::new().fg(Color::Rgb(72, 76, 92)).bg(Color::Rgb(18, 18, 22)).underline_color(Color::Reset)
29:81-82 Style::new().fg(Color::Rgb(106, 153, 255)).bg(Color::Rgb(18, 18, 22)).underline_color(Color::Reset)
29:82-95 Style::new().fg(Color::Reset).bg(Color::Reset).underline_color(Color::Reset)
29:95-96 Style::new().fg(Color::Rgb(106, 153, 255)).bg(Color::Reset).underline_color(Color::Reset)
30:0-1 Style::new().fg(Color::Rgb(106, 153, 255)).bg(Color::Reset).underline_color(Color::Reset)
30:1-14 Style::new().fg(Color::Reset).bg(Color::Reset).underline_color(Color::Reset)
30:14-82 Style::new().fg(Color::Rgb(106, 153, 255)).bg(Color::Rgb(18, 18, 22)).underline_color(Color::Reset)
30:82-95 Style::new().fg(Color::Reset).bg(Color::Reset).underline_color(Color::Reset)
30:95-96 Style::new().fg(Color::Rgb(106, 153, 255)).bg(Color::Reset).underline_color(Color::Reset)
31:0-1 Style::new().fg(Color::Rgb(106, 153, 255)).bg(Color::Reset).underline_color(Color::Reset)
31:1-95 Style::new().fg(Color::Reset).bg(Color::Reset).underline_color(Color::Reset)
31:95-96 Style::new().fg(Color::Rgb(106, 153, 255)).bg(Color::Reset).underline_color(Color::Reset)
32:0-1 Style::new().fg(Color::Rgb(106, 153, 255)).bg(Color::Reset).underline_color(Color::Reset)
32:1-95 Style::new().fg(Color::Reset).bg(Color::Reset).underline_color(Color::Reset)
32:95-96 Style::new().fg(Color::Rgb(106, 153, 255)).bg(Color::Reset).underline_color(Color::Reset)
33:0-1 Style::new().fg(Color::Rgb(106, 153, 255)).bg(Color::Reset).underline_color(Color::Reset)
33:1-95 Style::new().fg(Color::Reset).bg(Color::Reset).underline_color(Color::Reset)
33:95-96 Style::new().fg(Color::Rgb(106, 153, 255)).bg(Color::Reset).underline_color(Color::Reset)
34:0-96 Style::new().fg(Color::Rgb(106, 153, 255)).bg(Color::Reset).underline_color(Color::Reset)
35:0-96 Style::new().fg(Color::Rgb(230, 230, 235)).bg(Color::Rgb(72, 76, 92)).underline_color(Color::Reset)
