---
source: src/tui/tests.rs
expression: output
---
┌ To Do (3) ─────────────────┐┌ In Progress (0) ───────────┐┌ Review (0) ────────────────┐┌ Done (0) ──────── ▸ Kanban ┐
│┌──────────────────────────┐││No tasks                    ││No tasks                    ││No tasks                    │
││TASK-001 Queued task      │││                            ││                            ││                            │
││⏸ queued                  │││                            ││                            ││                            │
│└──────────────────────────┘││                            ││                            ││                            │
│┌──────────────────────────┐││                            ││                            ││                            │
││TASK-002 Design task      │││                            ││                            ││                            │
││✎ design                  │││                            ││                            ││                            │
│└──────────────────────────┘││                            ││                            ││                            │
│┌──────────────────────────┐││                            ││                            ││                            │
││TASK-003 Bot review task  │││                            ││                            ││                            │
││⚖ review                  │││                            ││                            ││                            │
│└──────────────────────────┘││                            ││                            ││                            │
│                            ││                            ││                            ││                            │
│                            ││                            ││                            ││                            │
│                            ││                            ││                            ││                            │
│                            ││                            ││                            ││                            │
│                            ││                            ││                            ││                            │
│                            ││                            ││                            ││                            │
│                            ││                            ││                            ││                            │
│                            ││                            ││                            ││                            │
│                            ││                            ││                            ││                            │
│                            ││                            ││                            ││                            │
│                            ││                            ││                            ││                            │
│                            ││                            ││                            ││                            │
│                            ││                            ││                            ││                            │
│                            ││                            ││                            ││                            │
│                            ││                            ││                            ││                            │
└────────────────────────────┘└────────────────────────────┘└────────────────────────────┘└────────────────────────────┘
 TUI ready │ n new · e edit · r run · Q unqueue · m move · y approve · A archive done · / filter · ? help               

--- style runs ---
0:0-30 Style::new().fg(Color::Rgb(106, 153, 255)).bg(Color::Rgb(18, 18, 22)).underline_color(Color::Reset)
0:30-109 Style::new().fg(Color::Rgb(72, 76, 92)).bg(Color::Rgb(18, 18, 22)).underline_color(Color::Reset)
0:109-112 Style::new().fg(Color::Rgb(130, 133, 145)).bg(Color::Rgb(18, 18, 22)).underline_color(Color::Reset)
0:112-118 Style::new().fg(Color::Rgb(230, 230, 235)).bg(Color::Rgb(18, 18, 22)).underline_color(Color::Reset).bold()
0:118-120 Style::new().fg(Color::Rgb(72, 76, 92)).bg(Color::Rgb(18, 18, 22)).underline_color(Color::Reset)
1:0-30 Style::new().fg(Color::Rgb(106, 153, 255)).bg(Color::Rgb(18, 18, 22)).underline_color(Color::Reset)
1:30-31 Style::new().fg(Color::Rgb(72, 76, 92)).bg(Color::Rgb(18, 18, 22)).underline_color(Color::Reset)
1:31-59 Style::new().fg(Color::Rgb(130, 133, 145)).bg(Color::Rgb(18, 18, 22)).underline_color(Color::Reset)
1:59-61 Style::new().fg(Color::Rgb(72, 76, 92)).bg(Color::Rgb(18, 18, 22)).underline_color(Color::Reset)
1:61-89 Style::new().fg(Color::Rgb(130, 133, 145)).bg(Color::Rgb(18, 18, 22)).underline_color(Color::Reset)
1:89-91 Style::new().fg(Color::Rgb(72, 76, 92)).bg(Color::Rgb(18, 18, 22)).underline_color(Color::Reset)
1:91-119 Style::new().fg(Color::Rgb(130, 133, 145)).bg(Color::Rgb(18, 18, 22)).underline_color(Color::Reset)
1:119-120 Style::new().fg(Color::Rgb(72, 76, 92)).bg(Color::Rgb(18, 18, 22)).underline_color(Color::Reset)
2:0-2 Style::new().fg(Color::Rgb(106, 153, 255)).bg(Color::Rgb(18, 18, 22)).underline_color(Color::Reset)
2:2-10 Style::new().fg(Color::Rgb(106, 153, 255)).bg(Color::Rgb(18, 18, 22)).underline_color(Color::Reset).bold()
2:10-28 Style::new().fg(Color::Rgb(230, 230, 235)).bg(Color::Rgb(18, 18, 22)).underline_color(Color::Reset)
2:28-30 Style::new().fg(Color::Rgb(106, 153, 255)).bg(Color::Rgb(18, 18, 22)).underline_color(Color::Reset)
2:30-31 Style::new().fg(Color::Rgb(72, 76, 92)).bg(Color::Rgb(18, 18, 22)).underline_color(Color::Reset)
2:31-59 Style::new().fg(Color::Rgb(130, 133, 145)).bg(Color::Rgb(18, 18, 22)).underline_color(Color::Reset)
2:59-61 Style::new().fg(Color::Rgb(72, 76, 92)).bg(Color::Rgb(18, 18, 22)).underline_color(Color::Reset)
2:61-89 Style::new().fg(Color::Rgb(130, 133, 145)).bg(Color::Rgb(18, 18, 22)).underline_color(Color::Reset)
2:89-91 Style::new().fg(Color::Rgb(72, 76, 92)).bg(Color::Rgb(18, 18, 22)).underline_color(Color::Reset)
2:91-119 Style::new().fg(Color::Rgb(130, 133, 145)).bg(Color::Rgb(18, 18, 22)).underline_color(Color::Reset)
2:119-120 Style::new().fg(Color::Rgb(72, 76, 92)).bg(Color::Rgb(18, 18, 22)).underline_color(Color::Reset)
3:0-2 Style::new().fg(Color::Rgb(106, 153, 255)).bg(Color::Rgb(18, 18, 22)).underline_color(Color::Reset)
3:2-10 Style::new().fg(Color::Rgb(245, 190, 80)).bg(Color::Rgb(18, 18, 22)).underline_color(Color::Reset)
3:10-28 Style::new().fg(Color::Rgb(230, 230, 235)).bg(Color::Rgb(18, 18, 22)).underline_color(Color::Reset)
3:28-30 Style::new().fg(Color::Rgb(106, 153, 255)).bg(Color::Rgb(18, 18, 22)).underline_color(Color::Reset)
3:30-31 Style::new().fg(Color::Rgb(72, 76, 92)).bg(Color::Rgb(18, 18, 22)).underline_color(Color::Reset)
3:31-59 Style::new().fg(Color::Rgb(130, 133, 145)).bg(Color::Rgb(18, 18, 22)).underline_color(Color::Reset)
3:59-61 Style::new().fg(Color::Rgb(72, 76, 92)).bg(Color::Rgb(18, 18, 22)).underline_color(Color::Reset)
3:61-89 Style::new().fg(Color::Rgb(130, 133, 145)).bg(Color::Rgb(18, 18, 22)).underline_color(Color::Reset)
3:89-91 Style::new().fg(Color::Rgb(72, 76, 92)).bg(Color::Rgb(18, 18, 22)).underline_color(Color::Reset)
3:91-119 Style::new().fg(Color::Rgb(130, 133, 145)).bg(Color::Rgb(18, 18, 22)).underline_color(Color::Reset)
3:119-120 Style::new().fg(Color::Rgb(72, 76, 92)).bg(Color::Rgb(18, 18, 22)).underline_color(Color::Reset)
4:0-30 Style::new().fg(Color::Rgb(106, 153, 255)).bg(Color::Rgb(18, 18, 22)).underline_color(Color::Reset)
4:30-31 Style::new().fg(Color::Rgb(72, 76, 92)).bg(Color::Rgb(18, 18, 22)).underline_color(Color::Reset)
4:31-59 Style::new().fg(Color::Rgb(130, 133, 145)).bg(Color::Rgb(18, 18, 22)).underline_color(Color::Reset)
4:59-61 Style::new().fg(Color::Rgb(72, 76, 92)).bg(Color::Rgb(18, 18, 22)).underline_color(Color::Reset)
4:61-89 Style::new().fg(Color::Rgb(130, 133, 145)).bg(Color::Rgb(18, 18, 22)).underline_color(Color::Reset)
4:89-91 Style::new().fg(Color::Rgb(72, 76, 92)).bg(Color::Rgb(18, 18, 22)).underline_color(Color::Reset)
4:91-119 Style::new().fg(Color::Rgb(130, 133, 145)).bg(Color::Rgb(18, 18, 22)).underline_color(Color::Reset)
4:119-120 Style::new().fg(Color::Rgb(72, 76, 92)).bg(Color::Rgb(18, 18, 22)).underline_color(Color::Reset)
5:0-1 Style::new().fg(Color::Rgb(106, 153, 255)).bg(Color::Rgb(18, 18, 22)).underline_color(Color::Reset)
5:1-29 Style::new().fg(Color::Rgb(72, 76, 92)).bg(Color::Rgb(18, 18, 22)).underline_color(Color::Reset)
5:29-30 Style::new().fg(Color::Rgb(106, 153, 255)).bg(Color::Rgb(18, 18, 22)).underline_color(Color::Reset)
5:30-31 Style::new().fg(Color::Rgb(72, 76, 92)).bg(Color::Rgb(18, 18, 22)).underline_color(Color::Reset)
5:31-59 Style::new().fg(Color::Rgb(130, 133, 145)).bg(Color::Rgb(18, 18, 22)).underline_color(Color::Reset)
5:59-61 Style::new().fg(Color::Rgb(72, 76, 92)).bg(Color::Rgb(18, 18, 22)).underline_color(Color::Reset)
5:61-89 Style::new().fg(Color::Rgb(130, 133, 145)).bg(Color::Rgb(18, 18, 22)).underline_color(Color::Reset)
5:89-91 Style::new().fg(Color::Rgb(72, 76, 92)).bg(Color::Rgb(18, 18, 22)).underline_color(Color::Reset)
5:91-119 Style::new().fg(Color::Rgb(130, 133, 145)).bg(Color::Rgb(18, 18, 22)).underline_color(Color::Reset)
5:119-120 Style::new().fg(Color::Rgb(72, 76, 92)).bg(Color::Rgb(18, 18, 22)).underline_color(Color::Reset)
6:0-1 Style::new().fg(Color::Rgb(106, 153, 255)).bg(Color::Rgb(18, 18, 22)).underline_color(Color::Reset)
6:1-2 Style::new().fg(Color::Rgb(72, 76, 92)).bg(Color::Rgb(18, 18, 22)).underline_color(Color::Reset)
6:2-10 Style::new().fg(Color::Rgb(130, 133, 145)).bg(Color::Rgb(18, 18, 22)).underline_color(Color::Reset)
6:10-28 Style::new().fg(Color::Rgb(230, 230, 235)).bg(Color::Rgb(18, 18, 22)).underline_color(Color::Reset)
6:28-29 Style::new().fg(Color::Rgb(72, 76, 92)).bg(Color::Rgb(18, 18, 22)).underline_color(Color::Reset)
6:29-30 Style::new().fg(Color::Rgb(106, 153, 255)).bg(Color::Rgb(18, 18, 22)).underline_color(Color::Reset)
6:30-31 Style::new().fg(Color::Rgb(72, 76, 92)).bg(Color::Rgb(18, 18, 22)).underline_color(Color::Reset)
6:31-59 Style::new().fg(Color::Rgb(130, 133, 145)).bg(Color::Rgb(18, 18, 22)).underline_color(Color::Reset)
6:59-61 Style::new().fg(Color::Rgb(72, 76, 92)).bg(Color::Rgb(18, 18, 22)).underline_color(Color::Reset)
6:61-89 Style::new().fg(Color::Rgb(130, 133, 145)).bg(Color::Rgb(18, 18, 22)).underline_color(Color::Reset)
6:89-91 Style::new().fg(Color::Rgb(72, 76, 92)).bg(Color::Rgb(18, 18, 22)).underline_color(Color::Reset)
6:91-119 Style::new().fg(Color::Rgb(130, 133, 145)).bg(Color::Rgb(18, 18, 22)).underline_color(Color::Reset)
6:119-120 Style::new().fg(Color::Rgb(72, 76, 92)).bg(Color::Rgb(18, 18, 22)).underline_color(Color::Reset)
7:0-1 Style::new().fg(Color::Rgb(106, 153, 255)).bg(Color::Rgb(18, 18, 22)).underline_color(Color::Reset)
7:1-2 Style::new().fg(Color::Rgb(72, 76, 92)).bg(Color::Rgb(18, 18, 22)).underline_color(Color::Reset)
7:2-10 Style::new().fg(Color::Rgb(106, 153, 255)).bg(Color::Rgb(18, 18, 22)).underline_color(Color::Reset)
7:10-28 Style::new().fg(Color::Rgb(230, 230, 235)).bg(Color::Rgb(18, 18, 22)).underline_color(Color::Reset)
7:28-29 Style::new().fg(Color::Rgb(72, 76, 92)).bg(Color::Rgb(18, 18, 22)).underline_color(Color::Reset)
7:29-30 Style::new().fg(Color::Rgb(106, 153, 255)).bg(Color::Rgb(18, 18, 22)).underline_color(Color::Reset)
7:30-31 Style::new().fg(Color::Rgb(72, 76, 92)).bg(Color::Rgb(18, 18, 22)).underline_color(Color::Reset)
7:31-59 Style::new().fg(Color::Rgb(130, 133, 145)).bg(Color::Rgb(18, 18, 22)).underline_color(Color::Reset)
7:59-61 Style::new().fg(Color::Rgb(72, 76, 92)).bg(Color::Rgb(18, 18, 22)).underline_color(Color::Reset)
7:61-89 Style::new().fg(Color::Rgb(130, 133, 145)).bg(Color::Rgb(18, 18, 22)).underline_color(Color::Reset)
7:89-91 Style::new().fg(Color::Rgb(72, 76, 92)).bg(Color::Rgb(18, 18, 22)).underline_color(Color::Reset)
7:91-119 Style::new().fg(Color::Rgb(130, 133, 145)).bg(Color::Rgb(18, 18, 22)).underline_color(Color::Reset)
7:119-120 Style::new().fg(Color::Rgb(72, 76, 92)).bg(Color::Rgb(18, 18, 22)).underline_color(Color::Reset)
8:0-1 Style::new().fg(Color::Rgb(106, 153, 255)).bg(Color::Rgb(18, 18, 22)).underline_color(Color::Reset)
8:1-29 Style::new().fg(Color::Rgb(72, 76, 92)).bg(Color::Rgb(18, 18, 22)).underline_color(Color::Reset)
8:29-30 Style::new().fg(Color::Rgb(106, 153, 255)).bg(Color::Rgb(18, 18, 22)).underline_color(Color::Reset)
8:30-31 Style::new().fg(Color::Rgb(72, 76, 92)).bg(Color::Rgb(18, 18, 22)).underline_color(Color::Reset)
8:31-59 Style::new().fg(Color::Rgb(130, 133, 145)).bg(Color::Rgb(18, 18, 22)).underline_color(Color::Reset)
8:59-61 Style::new().fg(Color::Rgb(72, 76, 92)).bg(Color::Rgb(18, 18, 22)).underline_color(Color::Reset)
8:61-89 Style::new().fg(Color::Rgb(130, 133, 145)).bg(Color::Rgb(18, 18, 22)).underline_color(Color::Reset)
8:89-91 Style::new().fg(Color::Rgb(72, 76, 92)).bg(Color::Rgb(18, 18, 22)).underline_color(Color::Reset)
8:91-119 Style::new().fg(Color::Rgb(130, 133, 145)).bg(Color::Rgb(18, 18, 22)).underline_color(Color::Reset)
8:119-120 Style::new().fg(Color::Rgb(72, 76, 92)).bg(Color::Rgb(18, 18, 22)).underline_color(Color::Reset)
9:0-1 Style::new().fg(Color::Rgb(106, 153, 255)).bg(Color::Rgb(18, 18, 22)).underline_color(Color::Reset)
9:1-29 Style::new().fg(Color::Rgb(72, 76, 92)).bg(Color::Rgb(18, 18, 22)).underline_color(Color::Reset)
9:29-30 Style::new().fg(Color::Rgb(106, 153, 255)).bg(Color::Rgb(18, 18, 22)).underline_color(Color::Reset)
9:30-31 Style::new().fg(Color::Rgb(72, 76, 92)).bg(Color::Rgb(18, 18, 22)).underline_color(Color::Reset)
9:31-59 Style::new().fg(Color::Rgb(130, 133, 145)).bg(Color::Rgb(18, 18, 22)).underline_color(Color::Reset)
9:59-61 Style::new().fg(Color::Rgb(72, 76, 92)).bg(Color::Rgb(18, 18, 22)).underline_color(Color::Reset)
9:61-89 Style::new().fg(Color::Rgb(130, 133, 145)).bg(Color::Rgb(18, 18, 22)).underline_color(Color::Reset)
9:89-91 Style::new().fg(Color::Rgb(72, 76, 92)).bg(Color::Rgb(18, 18, 22)).underline_color(Color::Reset)
9:91-119 Style::new().fg(Color::Rgb(130, 133, 145)).bg(Color::Rgb(18, 18, 22)).underline_color(Color::Reset)
9:119-120 Style::new().fg(Color::Rgb(72, 76, 92)).bg(Color::Rgb(18, 18, 22)).underline_color(Color::Reset)
10:0-1 Style::new().fg(Color::Rgb(106, 153, 255)).bg(Color::Rgb(18, 18, 22)).underline_color(Color::Reset)
10:1-2 Style::new().fg(Color::Rgb(72, 76, 92)).bg(Color::Rgb(18, 18, 22)).underline_color(Color::Reset)
10:2-10 Style::new().fg(Color::Rgb(130, 133, 145)).bg(Color::Rgb(18, 18, 22)).underline_color(Color::Reset)
10:10-28 Style::new().fg(Color::Rgb(230, 230, 235)).bg(Color::Rgb(18, 18, 22)).underline_color(Color::Reset)
10:28-29 Style::new().fg(Color::Rgb(72, 76, 92)).bg(Color::Rgb(18, 18, 22)).underline_color(Color::Reset)
10:29-30 Style::new().fg(Color::Rgb(106, 153, 255)).bg(Color::Rgb(18, 18, 22)).underline_color(Color::Reset)
10:30-31 Style::new().fg(Color::Rgb(72, 76, 92)).bg(Color::Rgb(18, 18, 22)).underline_color(Color::Reset)
10:31-59 Style::new().fg(Color::Rgb(130, 133, 145)).bg(Color::Rgb(18, 18, 22)).underline_color(Color::Reset)
10:59-61 Style::new().fg(Color::Rgb(72, 76, 92)).bg(Color::Rgb(18, 18, 22)).underline_color(Color::Reset)
10:61-89 Style::new().fg(Color::Rgb(130, 133, 145)).bg(Color::Rgb(18, 18, 22)).underline_color(Color::Reset)
10:89-91 Style::new().fg(Color::Rgb(72, 76, 92)).bg(Color::Rgb(18, 18, 22)).underline_color(Color::Reset)
10:91-119 Style::new().fg(Color::Rgb(130, 133, 145)).bg(Color::Rgb(18, 18, 22)).underline_color(Color::Reset)
10:119-120 Style::new().fg(Color::Rgb(72, 76, 92)).bg(Color::Rgb(18, 18, 22)).underline_color(Color::Reset)
11:0-1 Style::new().fg(Color::Rgb(106, 153, 255)).bg(Color::Rgb(18, 18, 22)).underline_color(Color::Reset)
11:1-2 Style::new().fg(Color::Rgb(72, 76, 92)).bg(Color::Rgb(18, 18, 22)).underline_color(Color::Reset)
11:2-10 Style::new().fg(Color::Rgb(210, 95, 180)).bg(Color::Rgb(18, 18, 22)).underline_color(Color::Reset)
11:10-28 Style::new().fg(Color::Rgb(230, 230, 235)).bg(Color::Rgb(18, 18, 22)).underline_color(Color::Reset)
11:28-29 Style::new().fg(Color::Rgb(72, 76, 92)).bg(Color::Rgb(18, 18, 22)).underline_color(Color::Reset)
11:29-30 Style::new().fg(Color::Rgb(106, 153, 255)).bg(Color::Rgb(18, 18, 22)).underline_color(Color::Reset)
11:30-31 Style::new().fg(Color::Rgb(72, 76, 92)).bg(Color::Rgb(18, 18, 22)).underline_color(Color::Reset)
11:31-59 Style::new().fg(Color::Rgb(130, 133, 145)).bg(Color::Rgb(18, 18, 22)).underline_color(Color::Reset)
11:59-61 Style::new().fg(Color::Rgb(72, 76, 92)).bg(Color::Rgb(18, 18, 22)).underline_color(Color::Reset)
11:61-89 Style::new().fg(Color::Rgb(130, 133, 145)).bg(Color::Rgb(18, 18, 22)).underline_color(Color::Reset)
11:89-91 Style::new().fg(Color::Rgb(72, 76, 92)).bg(Color::Rgb(18, 18, 22)).underline_color(Color::Reset)
11:91-119 Style::new().fg(Color::Rgb(130, 133, 145)).bg(Color::Rgb(18, 18, 22)).underline_color(Color::Reset)
11:119-120 Style::new().fg(Color::Rgb(72, 76, 92)).bg(Color::Rgb(18, 18, 22)).underline_color(Color::Reset)
12:0-1 Style::new().fg(Color::Rgb(106, 153, 255)).bg(Color::Rgb(18, 18, 22)).underline_color(Color::Reset)
12:1-29 Style::new().fg(Color::Rgb(72, 76, 92)).bg(Color::Rgb(18, 18, 22)).underline_color(Color::Reset)
12:29-30 Style::new().fg(Color::Rgb(106, 153, 255)).bg(Color::Rgb(18, 18, 22)).underline_color(Color::Reset)
12:30-31 Style::new().fg(Color::Rgb(72, 76, 92)).bg(Color::Rgb(18, 18, 22)).underline_color(Color::Reset)
12:31-59 Style::new().fg(Color::Rgb(130, 133, 145)).bg(Color::Rgb(18, 18, 22)).underline_color(Color::Reset)
12:59-61 Style::new().fg(Color::Rgb(72, 76, 92)).bg(Color::Rgb(18, 18, 22)).underline_color(Color::Reset)
12:61-89 Style::new().fg(Color::Rgb(130, 133, 145)).bg(Color::Rgb(18, 18, 22)).underline_color(Color::Reset)
12:89-91 Style::new().fg(Color::Rgb(72, 76, 92)).bg(Color::Rgb(18, 18, 22)).underline_color(Color::Reset)
12:91-119 Style::new().fg(Color::Rgb(130, 133, 145)).bg(Color::Rgb(18, 18, 22)).underline_color(Color::Reset)
12:119-120 Style::new().fg(Color::Rgb(72, 76, 92)).bg(Color::Rgb(18, 18, 22)).underline_color(Color::Reset)
13:0-1 Style::new().fg(Color::Rgb(106, 153, 255)).bg(Color::Rgb(18, 18, 22)).underline_color(Color::Reset)
13:1-29 Style::new().fg(Color::Rgb(230, 230, 235)).bg(Color::Rgb(18, 18, 22)).underline_color(Color::Reset)
13:29-30 Style::new().fg(Color::Rgb(106, 153, 255)).bg(Color::Rgb(18, 18, 22)).underline_color(Color::Reset)
13:30-31 Style::new().fg(Color::Rgb(72, 76, 92)).bg(Color::Rgb(18, 18, 22)).underline_color(Color::Reset)
13:31-59 Style::new().fg(Color::Rgb(130, 133, 145)).bg(Color::Rgb(18, 18, 22)).underline_color(Color::Reset)
13:59-61 Style::new().fg(Color::Rgb(72, 76, 92)).bg(Color::Rgb(18, 18, 22)).underline_color(Color::Reset)
13:61-89 Style::new().fg(Color::Rgb(130, 133, 145)).bg(Color::Rgb(18, 18, 22)).underline_color(Color::Reset)
13:89-91 Style::new().fg(Color::Rgb(72, 76, 92)).bg(Color::Rgb(18, 18, 22)).underline_color(Color::Reset)
13:91-119 Style::new().fg(Color::Rgb(130, 133, 145)).bg(Color::Rgb(18, 18, 22)).underline_color(Color::Reset)
13:119-120 Style::new().fg(Color::Rgb(72, 76, 92)).bg(Color::Rgb(18, 18, 22)).underline_color(Color::Reset)
14:0-1 Style::new().fg(Color::Rgb(106, 153, 255)).bg(Color::Rgb(18, 18, 22)).underline_color(Color::Reset)
14:1-29 Style::new().fg(Color::Rgb(230, 230, 235)).bg(Color::Rgb(18, 18, 22)).underline_color(Color::Reset)
14:29-30 Style::new().fg(Color::Rgb(106, 153, 255)).bg(Color::Rgb(18, 18, 22)).underline_color(Color::Reset)
14:30-31 Style::new().fg(Color::Rgb(72, 76, 92)).bg(Color::Rgb(18, 18, 22)).underline_color(Color::Reset)
14:31-59 Style::new().fg(Color::Rgb(130, 133, 145)).bg(Color::Rgb(18, 18, 22)).underline_color(Color::Reset)
14:59-61 Style::new().fg(Color::Rgb(72, 76, 92)).bg(Color::Rgb(18, 18, 22)).underline_color(Color::Reset)
14:61-89 Style::new().fg(Color::Rgb(130, 133, 145)).bg(Color::Rgb(18, 18, 22)).underline_color(Color::Reset)
14:89-91 Style::new().fg(Color::Rgb(72, 76, 92)).bg(Color::Rgb(18, 18, 22)).underline_color(Color::Reset)
14:91-119 Style::new().fg(Color::Rgb(130, 133, 145)).bg(Color::Rgb(18, 18, 22)).underline_color(Color::Reset)
14:119-120 Style::new().fg(Color::Rgb(72, 76, 92)).bg(Color::Rgb(18, 18, 22)).underline_color(Color::Reset)
15:0-1 Style::new().fg(Color::Rgb(106, 153, 255)).bg(Color::Rgb(18, 18, 22)).underline_color(Color::Reset)
15:1-29 Style::new().fg(Color::Rgb(230, 230, 235)).bg(Color::Rgb(18, 18, 22)).underline_color(Color::Reset)
15:29-30 Style::new().fg(Color::Rgb(106, 153, 255)).bg(Color::Rgb(18, 18, 22)).underline_color(Color::Reset)
15:30-31 Style::new().fg(Color::Rgb(72, 76, 92)).bg(Color::Rgb(18, 18, 22)).underline_color(Color::Reset)
15:31-59 Style::new().fg(Color::Rgb(130, 133, 145)).bg(Color::Rgb(18, 18, 22)).underline_color(Color::Reset)
15:59-61 Style::new().fg(Color::Rgb(72, 76, 92)).bg(Color::Rgb(18, 18, 22)).underline_color(Color::Reset)
15:61-89 Style::new().fg(Color::Rgb(130, 133, 145)).bg(Color::Rgb(18, 18, 22)).underline_color(Color::Reset)
15:89-91 Style::new().fg(Color::Rgb(72, 76, 92)).bg(Color::Rgb(18, 18, 22)).underline_color(Color::Reset)
15:91-119 Style::new().fg(Color::Rgb(130, 133, 145)).bg(Color::Rgb(18, 18, 22)).underline_color(Color::Reset)
15:119-120 Style::new().fg(Color::Rgb(72, 76, 92)).bg(Color::Rgb(18, 18, 22)).underline_color(Color::Reset)
16:0-1 Style::new().fg(Color::Rgb(106, 153, 255)).bg(Color::Rgb(18, 18, 22)).underline_color(Color::Reset)
16:1-29 Style::new().fg(Color::Rgb(230, 230, 235)).bg(Color::Rgb(18, 18, 22)).underline_color(Color::Reset)
16:29-30 Style::new().fg(Color::Rgb(106, 153, 255)).bg(Color::Rgb(18, 18, 22)).underline_color(Color::Reset)
16:30-31 Style::new().fg(Color::Rgb(72, 76, 92)).bg(Color::Rgb(18, 18, 22)).underline_color(Color::Reset)
16:31-59 Style::new().fg(Color::Rgb(130, 133, 145)).bg(Color::Rgb(18, 18, 22)).underline_color(Color::Reset)
16:59-61 Style::new().fg(Color::Rgb(72, 76, 92)).bg(Color::Rgb(18, 18, 22)).underline_color(Color::Reset)
16:61-89 Style::new().fg(Color::Rgb(130, 133, 145)).bg(Color::Rgb(18, 18, 22)).underline_color(Color::Reset)
16:89-91 Style::new().fg(Color::Rgb(72, 76, 92)).bg(Color::Rgb(18, 18, 22)).underline_color(Color::Reset)
16:91-119 Style::new().fg(Color::Rgb(130, 133, 145)).bg(Color::Rgb(18, 18, 22)).underline_color(Color::Reset)
16:119-120 Style::new().fg(Color::Rgb(72, 76, 92)).bg(Color::Rgb(18, 18, 22)).underline_color(Color::Reset)
17:0-1 Style::new().fg(Color::Rgb(106, 153, 255)).bg(Color::Rgb(18, 18, 22)).underline_color(Color::Reset)
17:1-29 Style::new().fg(Color::Rgb(230, 230, 235)).bg(Color::Rgb(18, 18, 22)).underline_color(Color::Reset)
17:29-30 Style::new().fg(Color::Rgb(106, 153, 255)).bg(Color::Rgb(18, 18, 22)).underline_color(Color::Reset)
17:30-31 Style::new().fg(Color::Rgb(72, 76, 92)).bg(Color::Rgb(18, 18, 22)).underline_color(Color::Reset)
17:31-59 Style::new().fg(Color::Rgb(130, 133, 145)).bg(Color::Rgb(18, 18, 22)).underline_color(Color::Reset)
17:59-61 Style::new().fg(Color::Rgb(72, 76, 92)).bg(Color::Rgb(18, 18, 22)).underline_color(Color::Reset)
17:61-89 Style::new().fg(Color::Rgb(130, 133, 145)).bg(Color::Rgb(18, 18, 22)).underline_color(Color::Reset)
17:89-91 Style::new().fg(Color::Rgb(72, 76, 92)).bg(Color::Rgb(18, 18, 22)).underline_color(Color::Reset)
17:91-119 Style::new().fg(Color::Rgb(130, 133, 145)).bg(Color::Rgb(18, 18, 22)).underline_color(Color::Reset)
17:119-120 Style::new().fg(Color::Rgb(72, 76, 92)).bg(Color::Rgb(18, 18, 22)).underline_color(Color::Reset)
18:0-1 Style::new().fg(Color::Rgb(106, 153, 255)).bg(Color::Rgb(18, 18, 22)).underline_color(Color::Reset)
18:1-29 Style::new().fg(Color::Rgb(230, 230, 235)).bg(Color::Rgb(18, 18, 22)).underline_color(Color::Reset)
18:29-30 Style::new().fg(Color::Rgb(106, 153, 255)).bg(Color::Rgb(18, 18, 22)).underline_color(Color::Reset)
18:30-31 Style::new().fg(Color::Rgb(72, 76, 92)).bg(Color::Rgb(18, 18, 22)).underline_color(Color::Reset)
18:31-59 Style::new().fg(Color::Rgb(130, 133, 145)).bg(Color::Rgb(18, 18, 22)).underline_color(Color::Reset)
18:59-61 Style::new().fg(Color::Rgb(72, 76, 92)).bg(Color::Rgb(18, 18, 22)).underline_color(Color::Reset)
18:61-89 Style::new().fg(Color::Rgb(130, 133, 145)).bg(Color::Rgb(18, 18, 22)).underline_color(Color::Reset)
18:89-91 Style::new().fg(Color::Rgb(72, 76, 92)).bg(Color::Rgb(18, 18, 22)).underline_color(Color::Reset)
18:91-119 Style::new().fg(Color::Rgb(130, 133, 145)).bg(Color::Rgb(18, 18, 22)).underline_color(Color::Reset)
18:119-120 Style::new().fg(Color::Rgb(72, 76, 92)).bg(Color::Rgb(18, 18, 22)).underline_color(Color::Reset)
19:0-1 Style::new().fg(Color::Rgb(106, 153, 255)).bg(Color::Rgb(18, 18, 22)).underline_color(Color::Reset)
19:1-29 Style::new().fg(Color::Rgb(230, 230, 235)).bg(Color::Rgb(18, 18, 22)).underline_color(Color::Reset)
19:29-30 Style::new().fg(Color::Rgb(106, 153, 255)).bg(Color::Rgb(18, 18, 22)).underline_color(Color::Reset)
19:30-31 Style::new().fg(Color::Rgb(72, 76, 92)).bg(Color::Rgb(18, 18, 22)).underline_color(Color::Reset)
19:31-59 Style::new().fg(Color::Rgb(130, 133, 145)).bg(Color::Rgb(18, 18, 22)).underline_color(Color::Reset)
19:59-61 Style::new().fg(Color::Rgb(72, 76, 92)).bg(Color::Rgb(18, 18, 22)).underline_color(Color::Reset)
19:61-89 Style::new().fg(Color::Rgb(130, 133, 145)).bg(Color::Rgb(18, 18, 22)).underline_color(Color::Reset)
19:89-91 Style::new().fg(Color::Rgb(72, 76, 92)).bg(Color::Rgb(18, 18, 22)).underline_color(Color::Reset)
19:91-119 Style::new().fg(Color::Rgb(130, 133, 145)).bg(Color::Rgb(18, 18, 22)).underline_color(Color::Reset)
19:119-120 Style::new().fg(Color::Rgb(72, 76, 92)).bg(Color::Rgb(18, 18, 22)).underline_color(Color::Reset)
20:0-1 Style::new().fg(Color::Rgb(106, 153, 255)).bg(Color::Rgb(18, 18, 22)).underline_color(Color::Reset)
20:1-29 Style::new().fg(Color::Rgb(230, 230, 235)).bg(Color::Rgb(18, 18, 22)).underline_color(Color::Reset)
20:29-30 Style::new().fg(Color::Rgb(106, 153, 255)).bg(Color::Rgb(18, 18, 22)).underline_color(Color::Reset)
20:30-31 Style::new().fg(Color::Rgb(72, 76, 92)).bg(Color::Rgb(18, 18, 22)).underline_color(Color::Reset)
20:31-59 Style::new().fg(Color::Rgb(130, 133, 145)).bg(Color::Rgb(18, 18, 22)).underline_color(Color::Reset)
20:59-61 Style::new().fg(Color::Rgb(72, 76, 92)).bg(Color::Rgb(18, 18, 22)).underline_color(Color::Reset)
20:61-89 Style::new().fg(Color::Rgb(130, 133, 145)).bg(Color::Rgb(18, 18, 22)).underline_color(Color::Reset)
20:89-91 Style::new().fg(Color::Rgb(72, 76, 92)).bg(Color::Rgb(18, 18, 22)).underline_color(Color::Reset)
20:91-119 Style::new().fg(Color::Rgb(130, 133, 145)).bg(Color::Rgb(18, 18, 22)).underline_color(Color::Reset)
20:119-120 Style::new().fg(Color::Rgb(72, 76, 92)).bg(Color::Rgb(18, 18, 22)).underline_color(Color::Reset)
21:0-1 Style::new().fg(Color::Rgb(106, 153, 255)).bg(Color::Rgb(18, 18, 22)).underline_color(Color::Reset)
21:1-29 Style::new().fg(Color::Rgb(230, 230, 235)).bg(Color::Rgb(18, 18, 22)).underline_color(Color::Reset)
21:29-30 Style::new().fg(Color::Rgb(106, 153, 255)).bg(Color::Rgb(18, 18, 22)).underline_color(Color::Reset)
21:30-31 Style::new().fg(Color::Rgb(72, 76, 92)).bg(Color::Rgb(18, 18, 22)).underline_color(Color::Reset)
21:31-59 Style::new().fg(Color::Rgb(130, 133, 145)).bg(Color::Rgb(18, 18, 22)).underline_color(Color::Reset)
21:59-61 Style::new().fg(Color::Rgb(72, 76, 92)).bg(Color::Rgb(18, 18, 22)).underline_color(Color::Reset)
21:61-89 Style::new().fg(Color::Rgb(130, 133, 145)).bg(Color::Rgb(18, 18, 22)).underline_color(Color::Reset)
21:89-91 Style::new().fg(Color::Rgb(72, 76, 92)).bg(Color::Rgb(18, 18, 22)).underline_color(Color::Reset)
21:91-119 Style::new().fg(Color::Rgb(130, 133, 145)).bg(Color::Rgb(18, 18, 22)).underline_color(Color::Reset)
21:119-120 Style::new().fg(Color::Rgb(72, 76, 92)).bg(Color::Rgb(18, 18, 22)).underline_color(Color::Reset)
22:0-1 Style::new().fg(Color::Rgb(106, 153, 255)).bg(Color::Rgb(18, 18, 22)).underline_color(Color::Reset)
22:1-29 Style::new().fg(Color::Rgb(230, 230, 235)).bg(Color::Rgb(18, 18, 22)).underline_color(Color::Reset)
22:29-30 Style::new().fg(Color::Rgb(106, 153, 255)).bg(Color::Rgb(18, 18, 22)).underline_color(Color::Reset)
22:30-31 Style::new().fg(Color::Rgb(72, 76, 92)).bg(Color::Rgb(18, 18, 22)).underline_color(Color::Reset)
22:31-59 Style::new().fg(Color::Rgb(130, 133, 145)).bg(Color::Rgb(18, 18, 22)).underline_color(Color::Reset)
22:59-61 Style::new().fg(Color::Rgb(72, 76, 92)).bg(Color::Rgb(18, 18, 22)).underline_color(Color::Reset)
22:61-89 Style::new().fg(Color::Rgb(130, 133, 145)).bg(Color::Rgb(18, 18, 22)).underline_color(Color::Reset)
22:89-91 Style::new().fg(Color::Rgb(72, 76, 92)).bg(Color::Rgb(18, 18, 22)).underline_color(Color::Reset)
22:91-119 Style::new().fg(Color::Rgb(130, 133, 145)).bg(Color::Rgb(18, 18, 22)).underline_color(Color::Reset)
22:119-120 Style::new().fg(Color::Rgb(72, 76, 92)).bg(Color::Rgb(18, 18, 22)).underline_color(Color::Reset)
23:0-1 Style::new().fg(Color::Rgb(106, 153, 255)).bg(Color::Rgb(18, 18, 22)).underline_color(Color::Reset)
23:1-29 Style::new().fg(Color::Rgb(230, 230, 235)).bg(Color::Rgb(18, 18, 22)).underline_color(Color::Reset)
23:29-30 Style::new().fg(Color::Rgb(106, 153, 255)).bg(Color::Rgb(18, 18, 22)).underline_color(Color::Reset)
23:30-31 Style::new().fg(Color::Rgb(72, 76, 92)).bg(Color::Rgb(18, 18, 22)).underline_color(Color::Reset)
23:31-59 Style::new().fg(Color::Rgb(130, 133, 145)).bg(Color::Rgb(18, 18, 22)).underline_color(Color::Reset)
23:59-61 Style::new().fg(Color::Rgb(72, 76, 92)).bg(Color::Rgb(18, 18, 22)).underline_color(Color::Reset)
23:61-89 Style::new().fg(Color::Rgb(130, 133, 145)).bg(Color::Rgb(18, 18, 22)).underline_color(Color::Reset)
23:89-91 Style::new().fg(Color::Rgb(72, 76, 92)).bg(Color::Rgb(18, 18, 22)).underline_color(Color::Reset)
23:91-119 Style::new().fg(Color::Rgb(130, 133, 145)).bg(Color::Rgb(18, 18, 22)).underline_color(Color::Reset)
23:119-120 Style::new().fg(Color::Rgb(72, 76, 92)).bg(Color::Rgb(18, 18, 22)).underline_color(Color::Reset)
24:0-1 Style::new().fg(Color::Rgb(106, 153, 255)).bg(Color::Rgb(18, 18, 22)).underline_color(Color::Reset)
24:1-29 Style::new().fg(Color::Rgb(230, 230, 235)).bg(Color::Rgb(18, 18, 22)).underline_color(Color::Reset)
24:29-30 Style::new().fg(Color::Rgb(106, 153, 255)).bg(Color::Rgb(18, 18, 22)).underline_color(Color::Reset)
24:30-31 Style::new().fg(Color::Rgb(72, 76, 92)).bg(Color::Rgb(18, 18, 22)).underline_color(Color::Reset)
24:31-59 Style::new().fg(Color::Rgb(130, 133, 145)).bg(Color::Rgb(18, 18, 22)).underline_color(Color::Reset)
24:59-61 Style::new().fg(Color::Rgb(72, 76, 92)).bg(Color::Rgb(18, 18, 22)).underline_color(Color::Reset)
24:61-89 Style::new().fg(Color::Rgb(130, 133, 145)).bg(Color::Rgb(18, 18, 22)).underline_color(Color::Reset)
24:89-91 Style::new().fg(Color::Rgb(72, 76, 92)).bg(Color::Rgb(18, 18, 22)).underline_color(Color::Reset)
24:91-119 Style::new().fg(Color::Rgb(130, 133, 145)).bg(Color::Rgb(18, 18, 22)).underline_color(Color::Reset)
24:119-120 Style::new().fg(Color::Rgb(72, 76, 92)).bg(Color::Rgb(18, 18, 22)).underline_color(Color::Reset)
25:0-1 Style::new().fg(Color::Rgb(106, 153, 255)).bg(Color::Rgb(18, 18, 22)).underline_color(Color::Reset)
25:1-29 Style::new().fg(Color::Rgb(230, 230, 235)).bg(Color::Rgb(18, 18, 22)).underline_color(Color::Reset)
25:29-30 Style::new().fg(Color::Rgb(106, 153, 255)).bg(Color::Rgb(18, 18, 22)).underline_color(Color::Reset)
25:30-31 Style::new().fg(Color::Rgb(72, 76, 92)).bg(Color::Rgb(18, 18, 22)).underline_color(Color::Reset)
25:31-59 Style::new().fg(Color::Rgb(130, 133, 145)).bg(Color::Rgb(18, 18, 22)).underline_color(Color::Reset)
25:59-61 Style::new().fg(Color::Rgb(72, 76, 92)).bg(Color::Rgb(18, 18, 22)).underline_color(Color::Reset)
25:61-89 Style::new().fg(Color::Rgb(130, 133, 145)).bg(Color::Rgb(18, 18, 22)).underline_color(Color::Reset)
25:89-91 Style::new().fg(Color::Rgb(72, 76, 92)).bg(Color::Rgb(18, 18, 22)).underline_color(Color::Reset)
25:91-119 Style::new().fg(Color::Rgb(130, 133, 145)).bg(Color::Rgb(18, 18, 22)).underline_color(Color::Reset)
25:119-120 Style::new().fg(Color::Rgb(72, 76, 92)).bg(Color::Rgb(18, 18, 22)).underline_color(Color::Reset)
26:0-1 Style::new().fg(Color::Rgb(106, 153, 255)).bg(Color::Rgb(18, 18, 22)).underline_color(Color::Reset)
26:1-29 Style::new().fg(Color::Rgb(230, 230, 235)).bg(Color::Rgb(18, 18, 22)).underline_color(Color::Reset)
26:29-30 Style::new().fg(Color::Rgb(106, 153, 255)).bg(Color::Rgb(18, 18, 22)).underline_color(Color::Reset)
26:30-31 Style::new().fg(Color::Rgb(72, 76, 92)).bg(Color::Rgb(18, 18, 22)).underline_color(Color::Reset)
26:31-59 Style::new().fg(Color::Rgb(130, 133, 145)).bg(Color::Rgb(18, 18, 22)).underline_color(Color::Reset)
26:59-61 Style::new().fg(Color::Rgb(72, 76, 92)).bg(Color::Rgb(18, 18, 22)).underline_color(Color::Reset)
26:61-89 Style::new().fg(Color::Rgb(130, 133, 145)).bg(Color::Rgb(18, 18, 22)).underline_color(Color::Reset)
26:89-91 Style::new().fg(Color::Rgb(72, 76, 92)).bg(Color::Rgb(18, 18, 22)).underline_color(Color::Reset)
26:91-119 Style::new().fg(Color::Rgb(130, 133, 145)).bg(Color::Rgb(18, 18, 22)).underline_color(Color::Reset)
26:119-120 Style::new().fg(Color::Rgb(72, 76, 92)).bg(Color::Rgb(18, 18, 22)).underline_color(Color::Reset)
27:0-1 Style::new().fg(Color::Rgb(106, 153, 255)).bg(Color::Rgb(18, 18, 22)).underline_color(Color::Reset)
27:1-29 Style::new().fg(Color::Rgb(230, 230, 235)).bg(Color::Rgb(18, 18, 22)).underline_color(Color::Reset)
27:29-30 Style::new().fg(Color::Rgb(106, 153, 255)).bg(Color::Rgb(18, 18, 22)).underline_color(Color::Reset)
27:30-31 Style::new().fg(Color::Rgb(72, 76, 92)).bg(Color::Rgb(18, 18, 22)).underline_color(Color::Reset)
27:31-59 Style::new().fg(Color::Rgb(130, 133, 145)).bg(Color::Rgb(18, 18, 22)).underline_color(Color::Reset)
27:59-61 Style::new().fg(Color::Rgb(72, 76, 92)).bg(Color::Rgb(18, 18, 22)).underline_color(Color::Reset)
27:61-89 Style::new().fg(Color::Rgb(130, 133, 145)).bg(Color::Rgb(18, 18, 22)).underline_color(Color::Reset)
27:89-91 Style::new().fg(Color::Rgb(72, 76, 92)).bg(Color::Rgb(18, 18, 22)).underline_color(Color::Reset)
27:91-119 Style::new().fg(Color::Rgb(130, 133, 145)).bg(Color::Rgb(18, 18, 22)).underline_color(Color::Reset)
27:119-120 Style::new().fg(Color::Rgb(72, 76, 92)).bg(Color::Rgb(18, 18, 22)).underline_color(Color::Reset)
28:0-30 Style::new().fg(Color::Rgb(106, 153, 255)).bg(Color::Rgb(18, 18, 22)).underline_color(Color::Reset)
28:30-120 Style::new().fg(Color::Rgb(72, 76, 92)).bg(Color::Rgb(18, 18, 22)).underline_color(Color::Reset)
29:0-120 Style::new().fg(Color::Rgb(230, 230, 235)).bg(Color::Rgb(72, 76, 92)).underline_color(Color::Reset)
