---
source: src/tui/tests.rs
expression: "render_at(&mut app, 80, 24)"
---
┌ To Do (1) ───────┐┌ In Progress (0) ─┐┌ Review (1) ──────┐┌ Done (0) ────────┐
│┌────────────────┐││No tasks          ││┌────────────────┐││No tasks          │
││TASK-001 Questio│││                  │││TASK-002 Impleme│││                  │
││? Choose a rout…│││                  │││Dropdown work   │││                  │
││☑ interact┌ New task ────────────────────────────────────────────┐           │
│└──────────│┌ Chain to ──────────────────────────────────────────┐│           │
│           ││/ task-009                                          ││           │
│           ││no matches                                          ││           │
│           │└────────────────────────────────────────────────────┘│           │
│           │┌ Orchestrator ──────────────────────────────────────┐│           │
│           ││☐ plan a subtask graph first (Space toggles)        ││           │
│           │└────────────────────────────────────────────────────┘│           │
│           │┌ Designer ──────────────────────────────────────────┐│           │
│           ││☐ designer for this task (Space toggles)            ││           │
│           │└────────────────────────────────────────────────────┘│           │
│           │┌────────────────────────────────────────────────────┐│           │
│           ││[ Save ]  [ Cancel ]                                ││           │
│           ││(Ctrl + S) use Tab, Enter or Shift + Tab to navigate││           │
│           │└────────────────────────────────────────────────────┘│           │
│           └──────────────────────────────────────────────────────┘           │
│                  ││                  ││                  ││                  │
│                  ││                  ││                  ││                  │
└──────────────────┘└──────────────────┘└──────────────────┘└──────────────────┘
 ? 1 questions  TUI ready │ n new · r queue · Q queue · / filter · ? help       

--- style runs ---
0:0-20 Style::new().fg(Color::Rgb(106, 153, 255)).bg(Color::Rgb(18, 18, 22)).underline_color(Color::Reset)
0:20-80 Style::new().fg(Color::Rgb(72, 76, 92)).bg(Color::Rgb(18, 18, 22)).underline_color(Color::Reset)
1:0-1 Style::new().fg(Color::Rgb(106, 153, 255)).bg(Color::Rgb(18, 18, 22)).underline_color(Color::Reset)
1:1-19 Style::new().fg(Color::Rgb(245, 190, 80)).bg(Color::Rgb(18, 18, 22)).underline_color(Color::Reset)
1:19-20 Style::new().fg(Color::Rgb(106, 153, 255)).bg(Color::Rgb(18, 18, 22)).underline_color(Color::Reset)
1:20-21 Style::new().fg(Color::Rgb(72, 76, 92)).bg(Color::Rgb(18, 18, 22)).underline_color(Color::Reset)
1:21-39 Style::new().fg(Color::Rgb(130, 133, 145)).bg(Color::Rgb(18, 18, 22)).underline_color(Color::Reset)
1:39-61 Style::new().fg(Color::Rgb(72, 76, 92)).bg(Color::Rgb(18, 18, 22)).underline_color(Color::Reset)
1:61-79 Style::new().fg(Color::Rgb(130, 133, 145)).bg(Color::Rgb(18, 18, 22)).underline_color(Color::Reset)
1:79-80 Style::new().fg(Color::Rgb(72, 76, 92)).bg(Color::Rgb(18, 18, 22)).underline_color(Color::Reset)
2:0-1 Style::new().fg(Color::Rgb(106, 153, 255)).bg(Color::Rgb(18, 18, 22)).underline_color(Color::Reset)
2:1-2 Style::new().fg(Color::Rgb(245, 190, 80)).bg(Color::Rgb(18, 18, 22)).underline_color(Color::Reset)
2:2-10 Style::new().fg(Color::Rgb(106, 153, 255)).bg(Color::Rgb(18, 18, 22)).underline_color(Color::Reset).bold()
2:10-18 Style::new().fg(Color::Rgb(230, 230, 235)).bg(Color::Rgb(18, 18, 22)).underline_color(Color::Reset)
2:18-19 Style::new().fg(Color::Rgb(245, 190, 80)).bg(Color::Rgb(18, 18, 22)).underline_color(Color::Reset)
2:19-20 Style::new().fg(Color::Rgb(106, 153, 255)).bg(Color::Rgb(18, 18, 22)).underline_color(Color::Reset)
2:20-21 Style::new().fg(Color::Rgb(72, 76, 92)).bg(Color::Rgb(18, 18, 22)).underline_color(Color::Reset)
2:21-39 Style::new().fg(Color::Rgb(130, 133, 145)).bg(Color::Rgb(18, 18, 22)).underline_color(Color::Reset)
2:39-42 Style::new().fg(Color::Rgb(72, 76, 92)).bg(Color::Rgb(18, 18, 22)).underline_color(Color::Reset)
2:42-50 Style::new().fg(Color::Rgb(130, 133, 145)).bg(Color::Rgb(18, 18, 22)).underline_color(Color::Reset)
2:50-58 Style::new().fg(Color::Rgb(230, 230, 235)).bg(Color::Rgb(18, 18, 22)).underline_color(Color::Reset)
2:58-61 Style::new().fg(Color::Rgb(72, 76, 92)).bg(Color::Rgb(18, 18, 22)).underline_color(Color::Reset)
2:61-79 Style::new().fg(Color::Rgb(130, 133, 145)).bg(Color::Rgb(18, 18, 22)).underline_color(Color::Reset)
2:79-80 Style::new().fg(Color::Rgb(72, 76, 92)).bg(Color::Rgb(18, 18, 22)).underline_color(Color::Reset)
3:0-1 Style::new().fg(Color::Rgb(106, 153, 255)).bg(Color::Rgb(18, 18, 22)).underline_color(Color::Reset)
3:1-2 Style::new().fg(Color::Rgb(245, 190, 80)).bg(Color::Rgb(18, 18, 22)).underline_color(Color::Reset)
3:2-18 Style::new().fg(Color::Rgb(245, 190, 80)).bg(Color::Rgb(18, 18, 22)).underline_color(Color::Reset).bold()
3:18-19 Style::new().fg(Color::Rgb(245, 190, 80)).bg(Color::Rgb(18, 18, 22)).underline_color(Color::Reset)
3:19-20 Style::new().fg(Color::Rgb(106, 153, 255)).bg(Color::Rgb(18, 18, 22)).underline_color(Color::Reset)
3:20-21 Style::new().fg(Color::Rgb(72, 76, 92)).bg(Color::Rgb(18, 18, 22)).underline_color(Color::Reset)
3:21-39 Style::new().fg(Color::Rgb(130, 133, 145)).bg(Color::Rgb(18, 18, 22)).underline_color(Color::Reset)
3:39-42 Style::new().fg(Color::Rgb(72, 76, 92)).bg(Color::Rgb(18, 18, 22)).underline_color(Color::Reset)
3:42-55 Style::new().fg(Color::Rgb(130, 133, 145)).bg(Color::Rgb(18, 18, 22)).underline_color(Color::Reset)
3:55-58 Style::new().fg(Color::Rgb(230, 230, 235)).bg(Color::Rgb(18, 18, 22)).underline_color(Color::Reset)
3:58-61 Style::new().fg(Color::Rgb(72, 76, 92)).bg(Color::Rgb(18, 18, 22)).underline_color(Color::Reset)
3:61-79 Style::new().fg(Color::Rgb(130, 133, 145)).bg(Color::Rgb(18, 18, 22)).underline_color(Color::Reset)
3:79-80 Style::new().fg(Color::Rgb(72, 76, 92)).bg(Color::Rgb(18, 18, 22)).underline_color(Color::Reset)
4:0-1 Style::new().fg(Color::Rgb(106, 153, 255)).bg(Color::Rgb(18, 18, 22)).underline_color(Color::Reset)
4:1-2 Style::new().fg(Color::Rgb(245, 190, 80)).bg(Color::Rgb(18, 18, 22)).underline_color(Color::Reset)
4:2-12 Style::new().fg(Color::Rgb(100, 210, 140)).bg(Color::Rgb(18, 18, 22)).underline_color(Color::Reset)
4:12-68 Style::new().fg(Color::Rgb(106, 153, 255)).bg(Color::Rgb(18, 18, 22)).underline_color(Color::Reset)
4:68-79 Style::new().fg(Color::Rgb(130, 133, 145)).bg(Color::Rgb(18, 18, 22)).underline_color(Color::Reset)
4:79-80 Style::new().fg(Color::Rgb(72, 76, 92)).bg(Color::Rgb(18, 18, 22)).underline_color(Color::Reset)
5:0-1 Style::new().fg(Color::Rgb(106, 153, 255)).bg(Color::Rgb(18, 18, 22)).underline_color(Color::Reset)
5:1-12 Style::new().fg(Color::Rgb(245, 190, 80)).bg(Color::Rgb(18, 18, 22)).underline_color(Color::Reset)
5:12-13 Style::new().fg(Color::Rgb(106, 153, 255)).bg(Color::Rgb(18, 18, 22)).underline_color(Color::Reset)
5:13-67 Style::new().fg(Color::Rgb(240, 95, 120)).bg(Color::Rgb(18, 18, 22)).underline_color(Color::Reset)
5:67-68 Style::new().fg(Color::Rgb(106, 153, 255)).bg(Color::Rgb(18, 18, 22)).underline_color(Color::Reset)
5:68-79 Style::new().fg(Color::Rgb(130, 133, 145)).bg(Color::Rgb(18, 18, 22)).underline_color(Color::Reset)
5:79-80 Style::new().fg(Color::Rgb(72, 76, 92)).bg(Color::Rgb(18, 18, 22)).underline_color(Color::Reset)
6:0-1 Style::new().fg(Color::Rgb(106, 153, 255)).bg(Color::Rgb(18, 18, 22)).underline_color(Color::Reset)
6:1-12 Style::new().fg(Color::Rgb(230, 230, 235)).bg(Color::Rgb(18, 18, 22)).underline_color(Color::Reset)
6:12-13 Style::new().fg(Color::Rgb(106, 153, 255)).bg(Color::Rgb(18, 18, 22)).underline_color(Color::Reset)
6:13-16 Style::new().fg(Color::Rgb(240, 95, 120)).bg(Color::Rgb(18, 18, 22)).underline_color(Color::Reset)
6:16-24 Style::new().fg(Color::Rgb(240, 95, 120)).bg(Color::Rgb(18, 18, 22)).underline_color(Color::Reset).bold()
6:24-66 Style::new().fg(Color::Rgb(230, 230, 235)).bg(Color::Rgb(18, 18, 22)).underline_color(Color::Reset)
6:66-67 Style::new().fg(Color::Rgb(240, 95, 120)).bg(Color::Rgb(18, 18, 22)).underline_color(Color::Reset)
6:67-68 Style::new().fg(Color::Rgb(106, 153, 255)).bg(Color::Rgb(18, 18, 22)).underline_color(Color::Reset)
6:68-79 Style::new().fg(Color::Rgb(130, 133, 145)).bg(Color::Rgb(18, 18, 22)).underline_color(Color::Reset)
6:79-80 Style::new().fg(Color::Rgb(72, 76, 92)).bg(Color::Rgb(18, 18, 22)).underline_color(Color::Reset)
7:0-1 Style::new().fg(Color::Rgb(106, 153, 255)).bg(Color::Rgb(18, 18, 22)).underline_color(Color::Reset)
7:1-12 Style::new().fg(Color::Rgb(230, 230, 235)).bg(Color::Rgb(18, 18, 22)).underline_color(Color::Reset)
7:12-13 Style::new().fg(Color::Rgb(106, 153, 255)).bg(Color::Rgb(18, 18, 22)).underline_color(Color::Reset)
7:13-14 Style::new().fg(Color::Rgb(240, 95, 120)).bg(Color::Rgb(18, 18, 22)).underline_color(Color::Reset)
7:14-66 Style::new().fg(Color::Rgb(130, 133, 145)).bg(Color::Rgb(18, 18, 22)).underline_color(Color::Reset)
7:66-67 Style::new().fg(Color::Rgb(240, 95, 120)).bg(Color::Rgb(18, 18, 22)).underline_color(Color::Reset)
7:67-68 Style::new().fg(Color::Rgb(106, 153, 255)).bg(Color::Rgb(18, 18, 22)).underline_color(Color::Reset)
7:68-79 Style::new().fg(Color::Rgb(130, 133, 145)).bg(Color::Rgb(18, 18, 22)).underline_color(Color::Reset)
7:79-80 Style::new().fg(Color::Rgb(72, 76, 92)).bg(Color::Rgb(18, 18, 22)).underline_color(Color::Reset)
8:0-1 Style::new().fg(Color::Rgb(106, 153, 255)).bg(Color::Rgb(18, 18, 22)).underline_color(Color::Reset)
8:1-12 Style::new().fg(Color::Rgb(230, 230, 235)).bg(Color::Rgb(18, 18, 22)).underline_color(Color::Reset)
8:12-13 Style::new().fg(Color::Rgb(106, 153, 255)).bg(Color::Rgb(18, 18, 22)).underline_color(Color::Reset)
8:13-67 Style::new().fg(Color::Rgb(240, 95, 120)).bg(Color::Rgb(18, 18, 22)).underline_color(Color::Reset)
8:67-68 Style::new().fg(Color::Rgb(106, 153, 255)).bg(Color::Rgb(18, 18, 22)).underline_color(Color::Reset)
8:68-79 Style::new().fg(Color::Rgb(130, 133, 145)).bg(Color::Rgb(18, 18, 22)).underline_color(Color::Reset)
8:79-80 Style::new().fg(Color::Rgb(72, 76, 92)).bg(Color::Rgb(18, 18, 22)).underline_color(Color::Reset)
9:0-1 Style::new().fg(Color::Rgb(106, 153, 255)).bg(Color::Rgb(18, 18, 22)).underline_color(Color::Reset)
9:1-12 Style::new().fg(Color::Rgb(230, 230, 235)).bg(Color::Rgb(18, 18, 22)).underline_color(Color::Reset)
9:12-13 Style::new().fg(Color::Rgb(106, 153, 255)).bg(Color::Rgb(18, 18, 22)).underline_color(Color::Reset)
9:13-67 Style::new().fg(Color::Rgb(72, 76, 92)).bg(Color::Rgb(18, 18, 22)).underline_color(Color::Reset)
9:67-68 Style::new().fg(Color::Rgb(106, 153, 255)).bg(Color::Rgb(18, 18, 22)).underline_color(Color::Reset)
9:68-79 Style::new().fg(Color::Rgb(130, 133, 145)).bg(Color::Rgb(18, 18, 22)).underline_color(Color::Reset)
9:79-80 Style::new().fg(Color::Rgb(72, 76, 92)).bg(Color::Rgb(18, 18, 22)).underline_color(Color::Reset)
10:0-1 Style::new().fg(Color::Rgb(106, 153, 255)).bg(Color::Rgb(18, 18, 22)).underline_color(Color::Reset)
10:1-12 Style::new().fg(Color::Rgb(230, 230, 235)).bg(Color::Rgb(18, 18, 22)).underline_color(Color::Reset)
10:12-13 Style::new().fg(Color::Rgb(106, 153, 255)).bg(Color::Rgb(18, 18, 22)).underline_color(Color::Reset)
10:13-14 Style::new().fg(Color::Rgb(72, 76, 92)).bg(Color::Rgb(18, 18, 22)).underline_color(Color::Reset)
10:14-66 Style::new().fg(Color::Rgb(230, 230, 235)).bg(Color::Rgb(18, 18, 22)).underline_color(Color::Reset)
10:66-67 Style::new().fg(Color::Rgb(72, 76, 92)).bg(Color::Rgb(18, 18, 22)).underline_color(Color::Reset)
10:67-68 Style::new().fg(Color::Rgb(106, 153, 255)).bg(Color::Rgb(18, 18, 22)).underline_color(Color::Reset)
10:68-79 Style::new().fg(Color::Rgb(130, 133, 145)).bg(Color::Rgb(18, 18, 22)).underline_color(Color::Reset)
10:79-80 Style::new().fg(Color::Rgb(72, 76, 92)).bg(Color::Rgb(18, 18, 22)).underline_color(Color::Reset)
11:0-1 Style::new().fg(Color::Rgb(106, 153, 255)).bg(Color::Rgb(18, 18, 22)).underline_color(Color::Reset)
11:1-12 Style::new().fg(Color::Rgb(230, 230, 235)).bg(Color::Rgb(18, 18, 22)).underline_color(Color::Reset)
11:12-13 Style::new().fg(Color::Rgb(106, 153, 255)).bg(Color::Rgb(18, 18, 22)).underline_color(Color::Reset)
11:13-67 Style::new().fg(Color::Rgb(72, 76, 92)).bg(Color::Rgb(18, 18, 22)).underline_color(Color::Reset)
11:67-68 Style::new().fg(Color::Rgb(106, 153, 255)).bg(Color::Rgb(18, 18, 22)).underline_color(Color::Reset)
11:68-79 Style::new().fg(Color::Rgb(130, 133, 145)).bg(Color::Rgb(18, 18, 22)).underline_color(Color::Reset)
11:79-80 Style::new().fg(Color::Rgb(72, 76, 92)).bg(Color::Rgb(18, 18, 22)).underline_color(Color::Reset)
12:0-1 Style::new().fg(Color::Rgb(106, 153, 255)).bg(Color::Rgb(18, 18, 22)).underline_color(Color::Reset)
12:1-12 Style::new().fg(Color::Rgb(230, 230, 235)).bg(Color::Rgb(18, 18, 22)).underline_color(Color::Reset)
12:12-13 Style::new().fg(Color::Rgb(106, 153, 255)).bg(Color::Rgb(18, 18, 22)).underline_color(Color::Reset)
12:13-67 Style::new().fg(Color::Rgb(72, 76, 92)).bg(Color::Rgb(18, 18, 22)).underline_color(Color::Reset)
12:67-68 Style::new().fg(Color::Rgb(106, 153, 255)).bg(Color::Rgb(18, 18, 22)).underline_color(Color::Reset)
12:68-79 Style::new().fg(Color::Rgb(130, 133, 145)).bg(Color::Rgb(18, 18, 22)).underline_color(Color::Reset)
12:79-80 Style::new().fg(Color::Rgb(72, 76, 92)).bg(Color::Rgb(18, 18, 22)).underline_color(Color::Reset)
13:0-1 Style::new().fg(Color::Rgb(106, 153, 255)).bg(Color::Rgb(18, 18, 22)).underline_color(Color::Reset)
13:1-12 Style::new().fg(Color::Rgb(230, 230, 235)).bg(Color::Rgb(18, 18, 22)).underline_color(Color::Reset)
13:12-13 Style::new().fg(Color::Rgb(106, 153, 255)).bg(Color::Rgb(18, 18, 22)).underline_color(Color::Reset)
13:13-14 Style::new().fg(Color::Rgb(72, 76, 92)).bg(Color::Rgb(18, 18, 22)).underline_color(Color::Reset)
13:14-66 Style::new().fg(Color::Rgb(230, 230, 235)).bg(Color::Rgb(18, 18, 22)).underline_color(Color::Reset)
13:66-67 Style::new().fg(Color::Rgb(72, 76, 92)).bg(Color::Rgb(18, 18, 22)).underline_color(Color::Reset)
13:67-68 Style::new().fg(Color::Rgb(106, 153, 255)).bg(Color::Rgb(18, 18, 22)).underline_color(Color::Reset)
13:68-79 Style::new().fg(Color::Rgb(130, 133, 145)).bg(Color::Rgb(18, 18, 22)).underline_color(Color::Reset)
13:79-80 Style::new().fg(Color::Rgb(72, 76, 92)).bg(Color::Rgb(18, 18, 22)).underline_color(Color::Reset)
14:0-1 Style::new().fg(Color::Rgb(106, 153, 255)).bg(Color::Rgb(18, 18, 22)).underline_color(Color::Reset)
14:1-12 Style::new().fg(Color::Rgb(230, 230, 235)).bg(Color::Rgb(18, 18, 22)).underline_color(Color::Reset)
14:12-13 Style::new().fg(Color::Rgb(106, 153, 255)).bg(Color::Rgb(18, 18, 22)).underline_color(Color::Reset)
14:13-67 Style::new().fg(Color::Rgb(72, 76, 92)).bg(Color::Rgb(18, 18, 22)).underline_color(Color::Reset)
14:67-68 Style::new().fg(Color::Rgb(106, 153, 255)).bg(Color::Rgb(18, 18, 22)).underline_color(Color::Reset)
14:68-79 Style::new().fg(Color::Rgb(130, 133, 145)).bg(Color::Rgb(18, 18, 22)).underline_color(Color::Reset)
14:79-80 Style::new().fg(Color::Rgb(72, 76, 92)).bg(Color::Rgb(18, 18, 22)).underline_color(Color::Reset)
15:0-1 Style::new().fg(Color::Rgb(106, 153, 255)).bg(Color::Rgb(18, 18, 22)).underline_color(Color::Reset)
15:1-12 Style::new().fg(Color::Rgb(230, 230, 235)).bg(Color::Rgb(18, 18, 22)).underline_color(Color::Reset)
15:12-13 Style::new().fg(Color::Rgb(106, 153, 255)).bg(Color::Rgb(18, 18, 22)).underline_color(Color::Reset)
15:13-67 Style::new().fg(Color::Rgb(72, 76, 92)).bg(Color::Rgb(18, 18, 22)).underline_color(Color::Reset)
15:67-68 Style::new().fg(Color::Rgb(106, 153, 255)).bg(Color::Rgb(18, 18, 22)).underline_color(Color::Reset)
15:68-79 Style::new().fg(Color::Rgb(130, 133, 145)).bg(Color::Rgb(18, 18, 22)).underline_color(Color::Reset)
15:79-80 Style::new().fg(Color::Rgb(72, 76, 92)).bg(Color::Rgb(18, 18, 22)).underline_color(Color::Reset)
16:0-1 Style::new().fg(Color::Rgb(106, 153, 255)).bg(Color::Rgb(18, 18, 22)).underline_color(Color::Reset)
16:1-12 Style::new().fg(Color::Rgb(230, 230, 235)).bg(Color::Rgb(18, 18, 22)).underline_color(Color::Reset)
16:12-13 Style::new().fg(Color::Rgb(106, 153, 255)).bg(Color::Rgb(18, 18, 22)).underline_color(Color::Reset)
16:13-14 Style::new().fg(Color::Rgb(72, 76, 92)).bg(Color::Rgb(18, 18, 22)).underline_color(Color::Reset)
16:14-22 Style::new().fg(Color::Rgb(130, 133, 145)).bg(Color::Rgb(18, 18, 22)).underline_color(Color::Reset)
16:22-24 Style::new().fg(Color::Rgb(230, 230, 235)).bg(Color::Rgb(18, 18, 22)).underline_color(Color::Reset)
16:24-34 Style::new().fg(Color::Rgb(130, 133, 145)).bg(Color::Rgb(18, 18, 22)).underline_color(Color::Reset)
16:34-66 Style::new().fg(Color::Rgb(230, 230, 235)).bg(Color::Rgb(18, 18, 22)).underline_color(Color::Reset)
16:66-67 Style::new().fg(Color::Rgb(72, 76, 92)).bg(Color::Rgb(18, 18, 22)).underline_color(Color::Reset)
16:67-68 Style::new().fg(Color::Rgb(106, 153, 255)).bg(Color::Rgb(18, 18, 22)).underline_color(Color::Reset)
16:68-79 Style::new().fg(Color::Rgb(130, 133, 145)).bg(Color::Rgb(18, 18, 22)).underline_color(Color::Reset)
16:79-80 Style::new().fg(Color::Rgb(72, 76, 92)).bg(Color::Rgb(18, 18, 22)).underline_color(Color::Reset)
17:0-1 Style::new().fg(Color::Rgb(106, 153, 255)).bg(Color::Rgb(18, 18, 22)).underline_color(Color::Reset)
17:1-12 Style::new().fg(Color::Rgb(230, 230, 235)).bg(Color::Rgb(18, 18, 22)).underline_color(Color::Reset)
17:12-13 Style::new().fg(Color::Rgb(106, 153, 255)).bg(Color::Rgb(18, 18, 22)).underline_color(Color::Reset)
17:13-14 Style::new().fg(Color::Rgb(72, 76, 92)).bg(Color::Rgb(18, 18, 22)).underline_color(Color::Reset)
17:14-24 Style::new().fg(Color::Rgb(130, 133, 145)).bg(Color::Rgb(18, 18, 22)).underline_color(Color::Reset)
17:24-25 Style::new().fg(Color::Rgb(230, 230, 235)).bg(Color::Rgb(18, 18, 22)).underline_color(Color::Reset)
17:25-66 Style::new().fg(Color::Rgb(130, 133, 145)).bg(Color::Rgb(18, 18, 22)).underline_color(Color::Reset)
17:66-67 Style::new().fg(Color::Rgb(72, 76, 92)).bg(Color::Rgb(18, 18, 22)).underline_color(Color::Reset)
17:67-68 Style::new().fg(Color::Rgb(106, 153, 255)).bg(Color::Rgb(18, 18, 22)).underline_color(Color::Reset)
17:68-79 Style::new().fg(Color::Rgb(130, 133, 145)).bg(Color::Rgb(18, 18, 22)).underline_color(Color::Reset)
17:79-80 Style::new().fg(Color::Rgb(72, 76, 92)).bg(Color::Rgb(18, 18, 22)).underline_color(Color::Reset)
18:0-1 Style::new().fg(Color::Rgb(106, 153, 255)).bg(Color::Rgb(18, 18, 22)).underline_color(Color::Reset)
18:1-12 Style::new().fg(Color::Rgb(230, 230, 235)).bg(Color::Rgb(18, 18, 22)).underline_color(Color::Reset)
18:12-13 Style::new().fg(Color::Rgb(106, 153, 255)).bg(Color::Rgb(18, 18, 22)).underline_color(Color::Reset)
18:13-67 Style::new().fg(Color::Rgb(72, 76, 92)).bg(Color::Rgb(18, 18, 22)).underline_color(Color::Reset)
18:67-68 Style::new().fg(Color::Rgb(106, 153, 255)).bg(Color::Rgb(18, 18, 22)).underline_color(Color::Reset)
18:68-79 Style::new().fg(Color::Rgb(130, 133, 145)).bg(Color::Rgb(18, 18, 22)).underline_color(Color::Reset)
18:79-80 Style::new().fg(Color::Rgb(72, 76, 92)).bg(Color::Rgb(18, 18, 22)).underline_color(Color::Reset)
19:0-1 Style::new().fg(Color::Rgb(106, 153, 255)).bg(Color::Rgb(18, 18, 22)).underline_color(Color::Reset)
19:1-12 Style::new().fg(Color::Rgb(230, 230, 235)).bg(Color::Rgb(18, 18, 22)).underline_color(Color::Reset)
19:12-68 Style::new().fg(Color::Rgb(106, 153, 255)).bg(Color::Rgb(18, 18, 22)).underline_color(Color::Reset)
19:68-79 Style::new().fg(Color::Rgb(130, 133, 145)).bg(Color::Rgb(18, 18, 22)).underline_color(Color::Reset)
19:79-80 Style::new().fg(Color::Rgb(72, 76, 92)).bg(Color::Rgb(18, 18, 22)).underline_color(Color::Reset)
20:0-1 Style::new().fg(Color::Rgb(106, 153, 255)).bg(Color::Rgb(18, 18, 22)).underline_color(Color::Reset)
20:1-19 Style::new().fg(Color::Rgb(230, 230, 235)).bg(Color::Rgb(18, 18, 22)).underline_color(Color::Reset)
20:19-20 Style::new().fg(Color::Rgb(106, 153, 255)).bg(Color::Rgb(18, 18, 22)).underline_color(Color::Reset)
20:20-21 Style::new().fg(Color::Rgb(72, 76, 92)).bg(Color::Rgb(18, 18, 22)).underline_color(Color::Reset)
20:21-39 Style::new().fg(Color::Rgb(130, 133, 145)).bg(Color::Rgb(18, 18, 22)).underline_color(Color::Reset)
20:39-41 Style::new().fg(Color::Rgb(72, 76, 92)).bg(Color::Rgb(18, 18, 22)).underline_color(Color::Reset)
20:41-59 Style::new().fg(Color::Rgb(230, 230, 235)).bg(Color::Rgb(18, 18, 22)).underline_color(Color::Reset)
20:59-61 Style::new().fg(Color::Rgb(72, 76, 92)).bg(Color::Rgb(18, 18, 22)).underline_color(Color::Reset)
20:61-79 Style::new().fg(Color::Rgb(130, 133, 145)).bg(Color::Rgb(18, 18, 22)).underline_color(Color::Reset)
20:79-80 Style::new().fg(Color::Rgb(72, 76, 92)).bg(Color::Rgb(18, 18, 22)).underline_color(Color::Reset)
21:0-1 Style::new().fg(Color::Rgb(106, 153, 255)).bg(Color::Rgb(18, 18, 22)).underline_color(Color::Reset)
21:1-19 Style::new().fg(Color::Rgb(230, 230, 235)).bg(Color::Rgb(18, 18, 22)).underline_color(Color::Reset)
21:19-20 Style::new().fg(Color::Rgb(106, 153, 255)).bg(Color::Rgb(18, 18, 22)).underline_color(Color::Reset)
21:20-21 Style::new().fg(Color::Rgb(72, 76, 92)).bg(Color::Rgb(18, 18, 22)).underline_color(Color::Reset)
21:21-39 Style::new().fg(Color::Rgb(130, 133, 145)).bg(Color::Rgb(18, 18, 22)).underline_color(Color::Reset)
21:39-41 Style::new().fg(Color::Rgb(72, 76, 92)).bg(Color::Rgb(18, 18, 22)).underline_color(Color::Reset)
21:41-59 Style::new().fg(Color::Rgb(230, 230, 235)).bg(Color::Rgb(18, 18, 22)).underline_color(Color::Reset)
21:59-61 Style::new().fg(Color::Rgb(72, 76, 92)).bg(Color::Rgb(18, 18, 22)).underline_color(Color::Reset)
21:61-79 Style::new().fg(Color::Rgb(130, 133, 145)).bg(Color::Rgb(18, 18, 22)).underline_color(Color::Reset)
21:79-80 Style::new().fg(Color::Rgb(72, 76, 92)).bg(Color::Rgb(18, 18, 22)).underline_color(Color::Reset)
22:0-20 Style::new().fg(Color::Rgb(106, 153, 255)).bg(Color::Rgb(18, 18, 22)).underline_color(Color::Reset)
22:20-80 Style::new().fg(Color::Rgb(72, 76, 92)).bg(Color::Rgb(18, 18, 22)).underline_color(Color::Reset)
23:0-15 Style::new().fg(Color::Rgb(245, 190, 80)).bg(Color::Rgb(72, 76, 92)).underline_color(Color::Reset)
23:15-80 Style::new().fg(Color::Rgb(230, 230, 235)).bg(Color::Rgb(72, 76, 92)).underline_color(Color::Reset)
