---
source: src/tui/tests.rs
assertion_line: 546
expression: render_snapshot(&mut app)
---
┌ To Do (1) ───────────┐┌ In Progress (0) ─────┐┌ Review (1) ──────────┐┌ Done (0) ────────────┐
│┌────────────────────┐││No tasks              ││┌────────────────────┐││No tasks              │
││TASK-001 Question ca│││                      │││TASK-002 Implement s│││                      │
││? Choose a route?   │││                      │││Dropdown work       │││                      │
││☑ interactiv┌ Edit task ───────────────────────────────────────────────────────┐             │
│└────────────│┌ Title ─────────────────────────────────────────────────────────┐│             │
│             ││Question card                                                   ││             │
│             │└────────────────────────────────────────────────────────────────┘│             │
│             │┌ Description (Ctrl+V image paste) ──────────────────────────────┐│             │
│             ││Needs an answer                                                 ││             │
│             ││                                                                ││             │
│             ││                                                                ││             │
│             ││                                                                ││             │
│             ││                                                                ││             │
│             │└────────────────────────────────────────────────────────────────┘│             │
│             │┌ Backend ───────────────────────────────────────────────────────┐│             │
│             ││› opencode                                                      ││             │
│             ││  claude                                                        ││             │
│             │└────────────────────────────────────────────────────────────────┘│             │
│             │┌────────────────────────────────────────────────────────────────┐│             │
│             ││[ Save ]  [ Cancel ]                                            ││             │
│             ││(Ctrl + S)                    use Tab or Shift + Tab to navigate││             │
│             │└────────────────────────────────────────────────────────────────┘│             │
│             └──────────────────────────────────────────────────────────────────┘             │
│                      ││                      ││                      ││                      │
│                      ││                      ││                      ││                      │
└──────────────────────┘└──────────────────────┘└──────────────────────┘└──────────────────────┘
 ? 1 questions  Dialog cancelled │ n new · e edit · r run · m move · / filter · ? help          

--- style runs ---
0:0-24 Style::new().fg(Color::Rgb(106, 153, 255)).bg(Color::Rgb(18, 18, 22)).underline_color(Color::Reset)
0:24-96 Style::new().fg(Color::Rgb(72, 76, 92)).bg(Color::Rgb(18, 18, 22)).underline_color(Color::Reset)
1:0-1 Style::new().fg(Color::Rgb(106, 153, 255)).bg(Color::Rgb(18, 18, 22)).underline_color(Color::Reset)
1:1-23 Style::new().fg(Color::Rgb(245, 190, 80)).bg(Color::Rgb(18, 18, 22)).underline_color(Color::Reset)
1:23-24 Style::new().fg(Color::Rgb(106, 153, 255)).bg(Color::Rgb(18, 18, 22)).underline_color(Color::Reset)
1:24-25 Style::new().fg(Color::Rgb(72, 76, 92)).bg(Color::Rgb(18, 18, 22)).underline_color(Color::Reset)
1:25-47 Style::new().fg(Color::Rgb(130, 133, 145)).bg(Color::Rgb(18, 18, 22)).underline_color(Color::Reset)
1:47-73 Style::new().fg(Color::Rgb(72, 76, 92)).bg(Color::Rgb(18, 18, 22)).underline_color(Color::Reset)
1:73-95 Style::new().fg(Color::Rgb(130, 133, 145)).bg(Color::Rgb(18, 18, 22)).underline_color(Color::Reset)
1:95-96 Style::new().fg(Color::Rgb(72, 76, 92)).bg(Color::Rgb(18, 18, 22)).underline_color(Color::Reset)
2:0-1 Style::new().fg(Color::Rgb(106, 153, 255)).bg(Color::Rgb(18, 18, 22)).underline_color(Color::Reset)
2:1-2 Style::new().fg(Color::Rgb(245, 190, 80)).bg(Color::Rgb(18, 18, 22)).underline_color(Color::Reset)
2:2-10 Style::new().fg(Color::Rgb(106, 153, 255)).bg(Color::Rgb(18, 18, 22)).underline_color(Color::Reset).bold()
2:10-22 Style::new().fg(Color::Rgb(230, 230, 235)).bg(Color::Rgb(18, 18, 22)).underline_color(Color::Reset)
2:22-23 Style::new().fg(Color::Rgb(245, 190, 80)).bg(Color::Rgb(18, 18, 22)).underline_color(Color::Reset)
2:23-24 Style::new().fg(Color::Rgb(106, 153, 255)).bg(Color::Rgb(18, 18, 22)).underline_color(Color::Reset)
2:24-25 Style::new().fg(Color::Rgb(72, 76, 92)).bg(Color::Rgb(18, 18, 22)).underline_color(Color::Reset)
2:25-47 Style::new().fg(Color::Rgb(130, 133, 145)).bg(Color::Rgb(18, 18, 22)).underline_color(Color::Reset)
2:47-50 Style::new().fg(Color::Rgb(72, 76, 92)).bg(Color::Rgb(18, 18, 22)).underline_color(Color::Reset)
2:50-58 Style::new().fg(Color::Rgb(130, 133, 145)).bg(Color::Rgb(18, 18, 22)).underline_color(Color::Reset)
2:58-70 Style::new().fg(Color::Rgb(230, 230, 235)).bg(Color::Rgb(18, 18, 22)).underline_color(Color::Reset)
2:70-73 Style::new().fg(Color::Rgb(72, 76, 92)).bg(Color::Rgb(18, 18, 22)).underline_color(Color::Reset)
2:73-95 Style::new().fg(Color::Rgb(130, 133, 145)).bg(Color::Rgb(18, 18, 22)).underline_color(Color::Reset)
2:95-96 Style::new().fg(Color::Rgb(72, 76, 92)).bg(Color::Rgb(18, 18, 22)).underline_color(Color::Reset)
3:0-1 Style::new().fg(Color::Rgb(106, 153, 255)).bg(Color::Rgb(18, 18, 22)).underline_color(Color::Reset)
3:1-2 Style::new().fg(Color::Rgb(245, 190, 80)).bg(Color::Rgb(18, 18, 22)).underline_color(Color::Reset)
3:2-19 Style::new().fg(Color::Rgb(245, 190, 80)).bg(Color::Rgb(18, 18, 22)).underline_color(Color::Reset).bold()
3:19-22 Style::new().fg(Color::Rgb(230, 230, 235)).bg(Color::Rgb(18, 18, 22)).underline_color(Color::Reset)
3:22-23 Style::new().fg(Color::Rgb(245, 190, 80)).bg(Color::Rgb(18, 18, 22)).underline_color(Color::Reset)
3:23-24 Style::new().fg(Color::Rgb(106, 153, 255)).bg(Color::Rgb(18, 18, 22)).underline_color(Color::Reset)
3:24-25 Style::new().fg(Color::Rgb(72, 76, 92)).bg(Color::Rgb(18, 18, 22)).underline_color(Color::Reset)
3:25-47 Style::new().fg(Color::Rgb(130, 133, 145)).bg(Color::Rgb(18, 18, 22)).underline_color(Color::Reset)
3:47-50 Style::new().fg(Color::Rgb(72, 76, 92)).bg(Color::Rgb(18, 18, 22)).underline_color(Color::Reset)
3:50-63 Style::new().fg(Color::Rgb(130, 133, 145)).bg(Color::Rgb(18, 18, 22)).underline_color(Color::Reset)
3:63-70 Style::new().fg(Color::Rgb(230, 230, 235)).bg(Color::Rgb(18, 18, 22)).underline_color(Color::Reset)
3:70-73 Style::new().fg(Color::Rgb(72, 76, 92)).bg(Color::Rgb(18, 18, 22)).underline_color(Color::Reset)
3:73-95 Style::new().fg(Color::Rgb(130, 133, 145)).bg(Color::Rgb(18, 18, 22)).underline_color(Color::Reset)
3:95-96 Style::new().fg(Color::Rgb(72, 76, 92)).bg(Color::Rgb(18, 18, 22)).underline_color(Color::Reset)
4:0-1 Style::new().fg(Color::Rgb(106, 153, 255)).bg(Color::Rgb(18, 18, 22)).underline_color(Color::Reset)
4:1-2 Style::new().fg(Color::Rgb(245, 190, 80)).bg(Color::Rgb(18, 18, 22)).underline_color(Color::Reset)
4:2-14 Style::new().fg(Color::Rgb(100, 210, 140)).bg(Color::Rgb(18, 18, 22)).underline_color(Color::Reset)
4:14-82 Style::new().fg(Color::Rgb(106, 153, 255)).bg(Color::Rgb(18, 18, 22)).underline_color(Color::Reset)
4:82-95 Style::new().fg(Color::Rgb(130, 133, 145)).bg(Color::Rgb(18, 18, 22)).underline_color(Color::Reset)
4:95-96 Style::new().fg(Color::Rgb(72, 76, 92)).bg(Color::Rgb(18, 18, 22)).underline_color(Color::Reset)
5:0-1 Style::new().fg(Color::Rgb(106, 153, 255)).bg(Color::Rgb(18, 18, 22)).underline_color(Color::Reset)
5:1-14 Style::new().fg(Color::Rgb(245, 190, 80)).bg(Color::Rgb(18, 18, 22)).underline_color(Color::Reset)
5:14-82 Style::new().fg(Color::Rgb(106, 153, 255)).bg(Color::Rgb(18, 18, 22)).underline_color(Color::Reset)
5:82-95 Style::new().fg(Color::Rgb(130, 133, 145)).bg(Color::Rgb(18, 18, 22)).underline_color(Color::Reset)
5:95-96 Style::new().fg(Color::Rgb(72, 76, 92)).bg(Color::Rgb(18, 18, 22)).underline_color(Color::Reset)
6:0-1 Style::new().fg(Color::Rgb(106, 153, 255)).bg(Color::Rgb(18, 18, 22)).underline_color(Color::Reset)
6:1-14 Style::new().fg(Color::Rgb(230, 230, 235)).bg(Color::Rgb(18, 18, 22)).underline_color(Color::Reset)
6:14-16 Style::new().fg(Color::Rgb(106, 153, 255)).bg(Color::Rgb(18, 18, 22)).underline_color(Color::Reset)
6:16-17 Style::new().fg(Color::Rgb(230, 230, 235)).bg(Color::Rgb(18, 18, 22)).underline_color(Color::Reset).reversed()
6:17-29 Style::new().fg(Color::Rgb(230, 230, 235)).bg(Color::Rgb(18, 18, 22)).underline_color(Color::Reset).underlined()
6:29-80 Style::new().fg(Color::Rgb(230, 230, 235)).bg(Color::Rgb(18, 18, 22)).underline_color(Color::Reset)
6:80-82 Style::new().fg(Color::Rgb(106, 153, 255)).bg(Color::Rgb(18, 18, 22)).underline_color(Color::Reset)
6:82-95 Style::new().fg(Color::Rgb(130, 133, 145)).bg(Color::Rgb(18, 18, 22)).underline_color(Color::Reset)
6:95-96 Style::new().fg(Color::Rgb(72, 76, 92)).bg(Color::Rgb(18, 18, 22)).underline_color(Color::Reset)
7:0-1 Style::new().fg(Color::Rgb(106, 153, 255)).bg(Color::Rgb(18, 18, 22)).underline_color(Color::Reset)
7:1-14 Style::new().fg(Color::Rgb(230, 230, 235)).bg(Color::Rgb(18, 18, 22)).underline_color(Color::Reset)
7:14-82 Style::new().fg(Color::Rgb(106, 153, 255)).bg(Color::Rgb(18, 18, 22)).underline_color(Color::Reset)
7:82-95 Style::new().fg(Color::Rgb(130, 133, 145)).bg(Color::Rgb(18, 18, 22)).underline_color(Color::Reset)
7:95-96 Style::new().fg(Color::Rgb(72, 76, 92)).bg(Color::Rgb(18, 18, 22)).underline_color(Color::Reset)
8:0-1 Style::new().fg(Color::Rgb(106, 153, 255)).bg(Color::Rgb(18, 18, 22)).underline_color(Color::Reset)
8:1-14 Style::new().fg(Color::Rgb(230, 230, 235)).bg(Color::Rgb(18, 18, 22)).underline_color(Color::Reset)
8:14-15 Style::new().fg(Color::Rgb(106, 153, 255)).bg(Color::Rgb(18, 18, 22)).underline_color(Color::Reset)
8:15-81 Style::new().fg(Color::Rgb(72, 76, 92)).bg(Color::Rgb(18, 18, 22)).underline_color(Color::Reset)
8:81-82 Style::new().fg(Color::Rgb(106, 153, 255)).bg(Color::Rgb(18, 18, 22)).underline_color(Color::Reset)
8:82-95 Style::new().fg(Color::Rgb(130, 133, 145)).bg(Color::Rgb(18, 18, 22)).underline_color(Color::Reset)
8:95-96 Style::new().fg(Color::Rgb(72, 76, 92)).bg(Color::Rgb(18, 18, 22)).underline_color(Color::Reset)
9:0-1 Style::new().fg(Color::Rgb(106, 153, 255)).bg(Color::Rgb(18, 18, 22)).underline_color(Color::Reset)
9:1-14 Style::new().fg(Color::Rgb(230, 230, 235)).bg(Color::Rgb(18, 18, 22)).underline_color(Color::Reset)
9:14-15 Style::new().fg(Color::Rgb(106, 153, 255)).bg(Color::Rgb(18, 18, 22)).underline_color(Color::Reset)
9:15-16 Style::new().fg(Color::Rgb(72, 76, 92)).bg(Color::Rgb(18, 18, 22)).underline_color(Color::Reset)
9:16-17 Style::new().fg(Color::Rgb(230, 230, 235)).bg(Color::Rgb(18, 18, 22)).underline_color(Color::Reset).reversed()
9:17-31 Style::new().fg(Color::Rgb(230, 230, 235)).bg(Color::Rgb(18, 18, 22)).underline_color(Color::Reset).underlined()
9:31-80 Style::new().fg(Color::Rgb(230, 230, 235)).bg(Color::Rgb(18, 18, 22)).underline_color(Color::Reset)
9:80-81 Style::new().fg(Color::Rgb(72, 76, 92)).bg(Color::Rgb(18, 18, 22)).underline_color(Color::Reset)
9:81-82 Style::new().fg(Color::Rgb(106, 153, 255)).bg(Color::Rgb(18, 18, 22)).underline_color(Color::Reset)
9:82-95 Style::new().fg(Color::Rgb(130, 133, 145)).bg(Color::Rgb(18, 18, 22)).underline_color(Color::Reset)
9:95-96 Style::new().fg(Color::Rgb(72, 76, 92)).bg(Color::Rgb(18, 18, 22)).underline_color(Color::Reset)
10:0-1 Style::new().fg(Color::Rgb(106, 153, 255)).bg(Color::Rgb(18, 18, 22)).underline_color(Color::Reset)
10:1-14 Style::new().fg(Color::Rgb(230, 230, 235)).bg(Color::Rgb(18, 18, 22)).underline_color(Color::Reset)
10:14-15 Style::new().fg(Color::Rgb(106, 153, 255)).bg(Color::Rgb(18, 18, 22)).underline_color(Color::Reset)
10:15-16 Style::new().fg(Color::Rgb(72, 76, 92)).bg(Color::Rgb(18, 18, 22)).underline_color(Color::Reset)
10:16-80 Style::new().fg(Color::Rgb(230, 230, 235)).bg(Color::Rgb(18, 18, 22)).underline_color(Color::Reset)
10:80-81 Style::new().fg(Color::Rgb(72, 76, 92)).bg(Color::Rgb(18, 18, 22)).underline_color(Color::Reset)
10:81-82 Style::new().fg(Color::Rgb(106, 153, 255)).bg(Color::Rgb(18, 18, 22)).underline_color(Color::Reset)
10:82-95 Style::new().fg(Color::Rgb(130, 133, 145)).bg(Color::Rgb(18, 18, 22)).underline_color(Color::Reset)
10:95-96 Style::new().fg(Color::Rgb(72, 76, 92)).bg(Color::Rgb(18, 18, 22)).underline_color(Color::Reset)
11:0-1 Style::new().fg(Color::Rgb(106, 153, 255)).bg(Color::Rgb(18, 18, 22)).underline_color(Color::Reset)
11:1-14 Style::new().fg(Color::Rgb(230, 230, 235)).bg(Color::Rgb(18, 18, 22)).underline_color(Color::Reset)
11:14-15 Style::new().fg(Color::Rgb(106, 153, 255)).bg(Color::Rgb(18, 18, 22)).underline_color(Color::Reset)
11:15-16 Style::new().fg(Color::Rgb(72, 76, 92)).bg(Color::Rgb(18, 18, 22)).underline_color(Color::Reset)
11:16-80 Style::new().fg(Color::Rgb(230, 230, 235)).bg(Color::Rgb(18, 18, 22)).underline_color(Color::Reset)
11:80-81 Style::new().fg(Color::Rgb(72, 76, 92)).bg(Color::Rgb(18, 18, 22)).underline_color(Color::Reset)
11:81-82 Style::new().fg(Color::Rgb(106, 153, 255)).bg(Color::Rgb(18, 18, 22)).underline_color(Color::Reset)
11:82-95 Style::new().fg(Color::Rgb(130, 133, 145)).bg(Color::Rgb(18, 18, 22)).underline_color(Color::Reset)
11:95-96 Style::new().fg(Color::Rgb(72, 76, 92)).bg(Color::Rgb(18, 18, 22)).underline_color(Color::Reset)
12:0-1 Style::new().fg(Color::Rgb(106, 153, 255)).bg(Color::Rgb(18, 18, 22)).underline_color(Color::Reset)
12:1-14 Style::new().fg(Color::Rgb(230, 230, 235)).bg(Color::Rgb(18, 18, 22)).underline_color(Color::Reset)
12:14-15 Style::new().fg(Color::Rgb(106, 153, 255)).bg(Color::Rgb(18, 18, 22)).underline_color(Color::Reset)
12:15-16 Style::new().fg(Color::Rgb(72, 76, 92)).bg(Color::Rgb(18, 18, 22)).underline_color(Color::Reset)
12:16-80 Style::new().fg(Color::Rgb(230, 230, 235)).bg(Color::Rgb(18, 18, 22)).underline_color(Color::Reset)
12:80-81 Style::new().fg(Color::Rgb(72, 76, 92)).bg(Color::Rgb(18, 18, 22)).underline_color(Color::Reset)
12:81-82 Style::new().fg(Color::Rgb(106, 153, 255)).bg(Color::Rgb(18, 18, 22)).underline_color(Color::Reset)
12:82-95 Style::new().fg(Color::Rgb(130, 133, 145)).bg(Color::Rgb(18, 18, 22)).underline_color(Color::Reset)
12:95-96 Style::new().fg(Color::Rgb(72, 76, 92)).bg(Color::Rgb(18, 18, 22)).underline_color(Color::Reset)
13:0-1 Style::new().fg(Color::Rgb(106, 153, 255)).bg(Color::Rgb(18, 18, 22)).underline_color(Color::Reset)
13:1-14 Style::new().fg(Color::Rgb(230, 230, 235)).bg(Color::Rgb(18, 18, 22)).underline_color(Color::Reset)
13:14-15 Style::new().fg(Color::Rgb(106, 153, 255)).bg(Color::Rgb(18, 18, 22)).underline_color(Color::Reset)
13:15-16 Style::new().fg(Color::Rgb(72, 76, 92)).bg(Color::Rgb(18, 18, 22)).underline_color(Color::Reset)
13:16-80 Style::new().fg(Color::Rgb(230, 230, 235)).bg(Color::Rgb(18, 18, 22)).underline_color(Color::Reset)
13:80-81 Style::new().fg(Color::Rgb(72, 76, 92)).bg(Color::Rgb(18, 18, 22)).underline_color(Color::Reset)
13:81-82 Style::new().fg(Color::Rgb(106, 153, 255)).bg(Color::Rgb(18, 18, 22)).underline_color(Color::Reset)
13:82-95 Style::new().fg(Color::Rgb(130, 133, 145)).bg(Color::Rgb(18, 18, 22)).underline_color(Color::Reset)
13:95-96 Style::new().fg(Color::Rgb(72, 76, 92)).bg(Color::Rgb(18, 18, 22)).underline_color(Color::Reset)
14:0-1 Style::new().fg(Color::Rgb(106, 153, 255)).bg(Color::Rgb(18, 18, 22)).underline_color(Color::Reset)
14:1-14 Style::new().fg(Color::Rgb(230, 230, 235)).bg(Color::Rgb(18, 18, 22)).underline_color(Color::Reset)
14:14-15 Style::new().fg(Color::Rgb(106, 153, 255)).bg(Color::Rgb(18, 18, 22)).underline_color(Color::Reset)
14:15-81 Style::new().fg(Color::Rgb(72, 76, 92)).bg(Color::Rgb(18, 18, 22)).underline_color(Color::Reset)
14:81-82 Style::new().fg(Color::Rgb(106, 153, 255)).bg(Color::Rgb(18, 18, 22)).underline_color(Color::Reset)
14:82-95 Style::new().fg(Color::Rgb(130, 133, 145)).bg(Color::Rgb(18, 18, 22)).underline_color(Color::Reset)
14:95-96 Style::new().fg(Color::Rgb(72, 76, 92)).bg(Color::Rgb(18, 18, 22)).underline_color(Color::Reset)
15:0-1 Style::new().fg(Color::Rgb(106, 153, 255)).bg(Color::Rgb(18, 18, 22)).underline_color(Color::Reset)
15:1-14 Style::new().fg(Color::Rgb(230, 230, 235)).bg(Color::Rgb(18, 18, 22)).underline_color(Color::Reset)
15:14-15 Style::new().fg(Color::Rgb(106, 153, 255)).bg(Color::Rgb(18, 18, 22)).underline_color(Color::Reset)
15:15-81 Style::new().fg(Color::Rgb(72, 76, 92)).bg(Color::Rgb(18, 18, 22)).underline_color(Color::Reset)
15:81-82 Style::new().fg(Color::Rgb(106, 153, 255)).bg(Color::Rgb(18, 18, 22)).underline_color(Color::Reset)
15:82-95 Style::new().fg(Color::Rgb(130, 133, 145)).bg(Color::Rgb(18, 18, 22)).underline_color(Color::Reset)
15:95-96 Style::new().fg(Color::Rgb(72, 76, 92)).bg(Color::Rgb(18, 18, 22)).underline_color(Color::Reset)
16:0-1 Style::new().fg(Color::Rgb(106, 153, 255)).bg(Color::Rgb(18, 18, 22)).underline_color(Color::Reset)
16:1-14 Style::new().fg(Color::Rgb(230, 230, 235)).bg(Color::Rgb(18, 18, 22)).underline_color(Color::Reset)
16:14-15 Style::new().fg(Color::Rgb(106, 153, 255)).bg(Color::Rgb(18, 18, 22)).underline_color(Color::Reset)
16:15-16 Style::new().fg(Color::Rgb(72, 76, 92)).bg(Color::Rgb(18, 18, 22)).underline_color(Color::Reset)
16:16-80 Style::new().fg(Color::Rgb(106, 153, 255)).bg(Color::Rgb(18, 18, 22)).underline_color(Color::Reset).bold()
16:80-81 Style::new().fg(Color::Rgb(72, 76, 92)).bg(Color::Rgb(18, 18, 22)).underline_color(Color::Reset)
16:81-82 Style::new().fg(Color::Rgb(106, 153, 255)).bg(Color::Rgb(18, 18, 22)).underline_color(Color::Reset)
16:82-95 Style::new().fg(Color::Rgb(130, 133, 145)).bg(Color::Rgb(18, 18, 22)).underline_color(Color::Reset)
16:95-96 Style::new().fg(Color::Rgb(72, 76, 92)).bg(Color::Rgb(18, 18, 22)).underline_color(Color::Reset)
17:0-1 Style::new().fg(Color::Rgb(106, 153, 255)).bg(Color::Rgb(18, 18, 22)).underline_color(Color::Reset)
17:1-14 Style::new().fg(Color::Rgb(230, 230, 235)).bg(Color::Rgb(18, 18, 22)).underline_color(Color::Reset)
17:14-15 Style::new().fg(Color::Rgb(106, 153, 255)).bg(Color::Rgb(18, 18, 22)).underline_color(Color::Reset)
17:15-16 Style::new().fg(Color::Rgb(72, 76, 92)).bg(Color::Rgb(18, 18, 22)).underline_color(Color::Reset)
17:16-80 Style::new().fg(Color::Rgb(230, 230, 235)).bg(Color::Rgb(18, 18, 22)).underline_color(Color::Reset)
17:80-81 Style::new().fg(Color::Rgb(72, 76, 92)).bg(Color::Rgb(18, 18, 22)).underline_color(Color::Reset)
17:81-82 Style::new().fg(Color::Rgb(106, 153, 255)).bg(Color::Rgb(18, 18, 22)).underline_color(Color::Reset)
17:82-95 Style::new().fg(Color::Rgb(130, 133, 145)).bg(Color::Rgb(18, 18, 22)).underline_color(Color::Reset)
17:95-96 Style::new().fg(Color::Rgb(72, 76, 92)).bg(Color::Rgb(18, 18, 22)).underline_color(Color::Reset)
18:0-1 Style::new().fg(Color::Rgb(106, 153, 255)).bg(Color::Rgb(18, 18, 22)).underline_color(Color::Reset)
18:1-14 Style::new().fg(Color::Rgb(230, 230, 235)).bg(Color::Rgb(18, 18, 22)).underline_color(Color::Reset)
18:14-15 Style::new().fg(Color::Rgb(106, 153, 255)).bg(Color::Rgb(18, 18, 22)).underline_color(Color::Reset)
18:15-81 Style::new().fg(Color::Rgb(72, 76, 92)).bg(Color::Rgb(18, 18, 22)).underline_color(Color::Reset)
18:81-82 Style::new().fg(Color::Rgb(106, 153, 255)).bg(Color::Rgb(18, 18, 22)).underline_color(Color::Reset)
18:82-95 Style::new().fg(Color::Rgb(130, 133, 145)).bg(Color::Rgb(18, 18, 22)).underline_color(Color::Reset)
18:95-96 Style::new().fg(Color::Rgb(72, 76, 92)).bg(Color::Rgb(18, 18, 22)).underline_color(Color::Reset)
19:0-1 Style::new().fg(Color::Rgb(106, 153, 255)).bg(Color::Rgb(18, 18, 22)).underline_color(Color::Reset)
19:1-14 Style::new().fg(Color::Rgb(230, 230, 235)).bg(Color::Rgb(18, 18, 22)).underline_color(Color::Reset)
19:14-15 Style::new().fg(Color::Rgb(106, 153, 255)).bg(Color::Rgb(18, 18, 22)).underline_color(Color::Reset)
19:15-81 Style::new().fg(Color::Rgb(72, 76, 92)).bg(Color::Rgb(18, 18, 22)).underline_color(Color::Reset)
19:81-82 Style::new().fg(Color::Rgb(106, 153, 255)).bg(Color::Rgb(18, 18, 22)).underline_color(Color::Reset)
19:82-95 Style::new().fg(Color::Rgb(130, 133, 145)).bg(Color::Rgb(18, 18, 22)).underline_color(Color::Reset)
19:95-96 Style::new().fg(Color::Rgb(72, 76, 92)).bg(Color::Rgb(18, 18, 22)).underline_color(Color::Reset)
20:0-1 Style::new().fg(Color::Rgb(106, 153, 255)).bg(Color::Rgb(18, 18, 22)).underline_color(Color::Reset)
20:1-14 Style::new().fg(Color::Rgb(230, 230, 235)).bg(Color::Rgb(18, 18, 22)).underline_color(Color::Reset)
20:14-15 Style::new().fg(Color::Rgb(106, 153, 255)).bg(Color::Rgb(18, 18, 22)).underline_color(Color::Reset)
20:15-16 Style::new().fg(Color::Rgb(72, 76, 92)).bg(Color::Rgb(18, 18, 22)).underline_color(Color::Reset)
20:16-24 Style::new().fg(Color::Rgb(130, 133, 145)).bg(Color::Rgb(18, 18, 22)).underline_color(Color::Reset)
20:24-26 Style::new().fg(Color::Rgb(230, 230, 235)).bg(Color::Rgb(18, 18, 22)).underline_color(Color::Reset)
20:26-36 Style::new().fg(Color::Rgb(130, 133, 145)).bg(Color::Rgb(18, 18, 22)).underline_color(Color::Reset)
20:36-80 Style::new().fg(Color::Rgb(230, 230, 235)).bg(Color::Rgb(18, 18, 22)).underline_color(Color::Reset)
20:80-81 Style::new().fg(Color::Rgb(72, 76, 92)).bg(Color::Rgb(18, 18, 22)).underline_color(Color::Reset)
20:81-82 Style::new().fg(Color::Rgb(106, 153, 255)).bg(Color::Rgb(18, 18, 22)).underline_color(Color::Reset)
20:82-95 Style::new().fg(Color::Rgb(130, 133, 145)).bg(Color::Rgb(18, 18, 22)).underline_color(Color::Reset)
20:95-96 Style::new().fg(Color::Rgb(72, 76, 92)).bg(Color::Rgb(18, 18, 22)).underline_color(Color::Reset)
21:0-1 Style::new().fg(Color::Rgb(106, 153, 255)).bg(Color::Rgb(18, 18, 22)).underline_color(Color::Reset)
21:1-14 Style::new().fg(Color::Rgb(230, 230, 235)).bg(Color::Rgb(18, 18, 22)).underline_color(Color::Reset)
21:14-15 Style::new().fg(Color::Rgb(106, 153, 255)).bg(Color::Rgb(18, 18, 22)).underline_color(Color::Reset)
21:15-16 Style::new().fg(Color::Rgb(72, 76, 92)).bg(Color::Rgb(18, 18, 22)).underline_color(Color::Reset)
21:16-26 Style::new().fg(Color::Rgb(130, 133, 145)).bg(Color::Rgb(18, 18, 22)).underline_color(Color::Reset)
21:26-46 Style::new().fg(Color::Rgb(230, 230, 235)).bg(Color::Rgb(18, 18, 22)).underline_color(Color::Reset)
21:46-80 Style::new().fg(Color::Rgb(130, 133, 145)).bg(Color::Rgb(18, 18, 22)).underline_color(Color::Reset)
21:80-81 Style::new().fg(Color::Rgb(72, 76, 92)).bg(Color::Rgb(18, 18, 22)).underline_color(Color::Reset)
21:81-82 Style::new().fg(Color::Rgb(106, 153, 255)).bg(Color::Rgb(18, 18, 22)).underline_color(Color::Reset)
21:82-95 Style::new().fg(Color::Rgb(130, 133, 145)).bg(Color::Rgb(18, 18, 22)).underline_color(Color::Reset)
21:95-96 Style::new().fg(Color::Rgb(72, 76, 92)).bg(Color::Rgb(18, 18, 22)).underline_color(Color::Reset)
22:0-1 Style::new().fg(Color::Rgb(106, 153, 255)).bg(Color::Rgb(18, 18, 22)).underline_color(Color::Reset)
22:1-14 Style::new().fg(Color::Rgb(230, 230, 235)).bg(Color::Rgb(18, 18, 22)).underline_color(Color::Reset)
22:14-15 Style::new().fg(Color::Rgb(106, 153, 255)).bg(Color::Rgb(18, 18, 22)).underline_color(Color::Reset)
22:15-81 Style::new().fg(Color::Rgb(72, 76, 92)).bg(Color::Rgb(18, 18, 22)).underline_color(Color::Reset)
22:81-82 Style::new().fg(Color::Rgb(106, 153, 255)).bg(Color::Rgb(18, 18, 22)).underline_color(Color::Reset)
22:82-95 Style::new().fg(Color::Rgb(130, 133, 145)).bg(Color::Rgb(18, 18, 22)).underline_color(Color::Reset)
22:95-96 Style::new().fg(Color::Rgb(72, 76, 92)).bg(Color::Rgb(18, 18, 22)).underline_color(Color::Reset)
23:0-1 Style::new().fg(Color::Rgb(106, 153, 255)).bg(Color::Rgb(18, 18, 22)).underline_color(Color::Reset)
23:1-14 Style::new().fg(Color::Rgb(230, 230, 235)).bg(Color::Rgb(18, 18, 22)).underline_color(Color::Reset)
23:14-82 Style::new().fg(Color::Rgb(106, 153, 255)).bg(Color::Rgb(18, 18, 22)).underline_color(Color::Reset)
23:82-95 Style::new().fg(Color::Rgb(130, 133, 145)).bg(Color::Rgb(18, 18, 22)).underline_color(Color::Reset)
23:95-96 Style::new().fg(Color::Rgb(72, 76, 92)).bg(Color::Rgb(18, 18, 22)).underline_color(Color::Reset)
24:0-1 Style::new().fg(Color::Rgb(106, 153, 255)).bg(Color::Rgb(18, 18, 22)).underline_color(Color::Reset)
24:1-23 Style::new().fg(Color::Rgb(230, 230, 235)).bg(Color::Rgb(18, 18, 22)).underline_color(Color::Reset)
24:23-24 Style::new().fg(Color::Rgb(106, 153, 255)).bg(Color::Rgb(18, 18, 22)).underline_color(Color::Reset)
24:24-25 Style::new().fg(Color::Rgb(72, 76, 92)).bg(Color::Rgb(18, 18, 22)).underline_color(Color::Reset)
24:25-47 Style::new().fg(Color::Rgb(130, 133, 145)).bg(Color::Rgb(18, 18, 22)).underline_color(Color::Reset)
24:47-49 Style::new().fg(Color::Rgb(72, 76, 92)).bg(Color::Rgb(18, 18, 22)).underline_color(Color::Reset)
24:49-71 Style::new().fg(Color::Rgb(230, 230, 235)).bg(Color::Rgb(18, 18, 22)).underline_color(Color::Reset)
24:71-73 Style::new().fg(Color::Rgb(72, 76, 92)).bg(Color::Rgb(18, 18, 22)).underline_color(Color::Reset)
24:73-95 Style::new().fg(Color::Rgb(130, 133, 145)).bg(Color::Rgb(18, 18, 22)).underline_color(Color::Reset)
24:95-96 Style::new().fg(Color::Rgb(72, 76, 92)).bg(Color::Rgb(18, 18, 22)).underline_color(Color::Reset)
25:0-1 Style::new().fg(Color::Rgb(106, 153, 255)).bg(Color::Rgb(18, 18, 22)).underline_color(Color::Reset)
25:1-23 Style::new().fg(Color::Rgb(230, 230, 235)).bg(Color::Rgb(18, 18, 22)).underline_color(Color::Reset)
25:23-24 Style::new().fg(Color::Rgb(106, 153, 255)).bg(Color::Rgb(18, 18, 22)).underline_color(Color::Reset)
25:24-25 Style::new().fg(Color::Rgb(72, 76, 92)).bg(Color::Rgb(18, 18, 22)).underline_color(Color::Reset)
25:25-47 Style::new().fg(Color::Rgb(130, 133, 145)).bg(Color::Rgb(18, 18, 22)).underline_color(Color::Reset)
25:47-49 Style::new().fg(Color::Rgb(72, 76, 92)).bg(Color::Rgb(18, 18, 22)).underline_color(Color::Reset)
25:49-71 Style::new().fg(Color::Rgb(230, 230, 235)).bg(Color::Rgb(18, 18, 22)).underline_color(Color::Reset)
25:71-73 Style::new().fg(Color::Rgb(72, 76, 92)).bg(Color::Rgb(18, 18, 22)).underline_color(Color::Reset)
25:73-95 Style::new().fg(Color::Rgb(130, 133, 145)).bg(Color::Rgb(18, 18, 22)).underline_color(Color::Reset)
25:95-96 Style::new().fg(Color::Rgb(72, 76, 92)).bg(Color::Rgb(18, 18, 22)).underline_color(Color::Reset)
26:0-24 Style::new().fg(Color::Rgb(106, 153, 255)).bg(Color::Rgb(18, 18, 22)).underline_color(Color::Reset)
26:24-96 Style::new().fg(Color::Rgb(72, 76, 92)).bg(Color::Rgb(18, 18, 22)).underline_color(Color::Reset)
27:0-15 Style::new().fg(Color::Rgb(245, 190, 80)).bg(Color::Rgb(72, 76, 92)).underline_color(Color::Reset)
27:15-96 Style::new().fg(Color::Rgb(230, 230, 235)).bg(Color::Rgb(72, 76, 92)).underline_color(Color::Reset)
