---
source: src/tui/tests.rs
assertion_line: 7491
expression: rendered
---
┌ Projects · Enter open · n new · r rename · p path · s settings · S stats · d delete · / filte┐
│    Project                               To Do  Doing  Review  Done  Agents       Last opened│
├──────────────────────────────────────────────────────────────────────────────────────────────┤
│    Demo Board                                1      1       0     0       ·             never│
│    /tmp/k4ai┌ Remove project ──────────────────────────────────────────────────┐             │
│             │Unregister project Demo Board? Board data stays in the store.     │             │
│             │Space toggles whether board data is deleted.                      │             │
│             │                                                                  │             │
│             │                                                                  │             │
│             │                                                                  │             │
│             │                                                                  │             │
│             │                                                                  │             │
│             │                                                                  │             │
│             │                                                                  │             │
│             │                                                                  │             │
│             │                                                                  │             │
│             │                                                                  │             │
│             │☐ also delete board data (2 tasks)                                │             │
│             │                                                                  │             │
│             │                                                                  │             │
│             │┌────────────────────────────────────────────────────────────────┐│             │
│             ││[ Unregister ]  [ Cancel ]                                      ││             │
│             │└────────────────────────────────────────────────────────────────┘│             │
│             └──────────────────────────────────────────────────────────────────┘             │
│                                                                                              │
│                                                                                              │
└──────────────────────────────────────────────────────────────────────────────────────────────┘
 Projects │ Enter open · n new · r rename · p path · o folder · d delete · / filter · ? help    

--- style runs ---
0:0-96 Style::new().fg(Color::Rgb(106, 153, 255)).bg(Color::Reset).underline_color(Color::Reset)
1:0-1 Style::new().fg(Color::Rgb(106, 153, 255)).bg(Color::Reset).underline_color(Color::Reset)
1:1-5 Style::new().fg(Color::Reset).bg(Color::Reset).underline_color(Color::Reset)
1:5-12 Style::new().fg(Color::Rgb(130, 133, 145)).bg(Color::Reset).underline_color(Color::Reset).bold()
1:12-43 Style::new().fg(Color::Reset).bg(Color::Reset).underline_color(Color::Reset)
1:43-48 Style::new().fg(Color::Rgb(130, 133, 145)).bg(Color::Reset).underline_color(Color::Reset).bold()
1:48-50 Style::new().fg(Color::Reset).bg(Color::Reset).underline_color(Color::Reset)
1:50-55 Style::new().fg(Color::Rgb(130, 133, 145)).bg(Color::Reset).underline_color(Color::Reset).bold()
1:55-57 Style::new().fg(Color::Reset).bg(Color::Reset).underline_color(Color::Reset)
1:57-63 Style::new().fg(Color::Rgb(130, 133, 145)).bg(Color::Reset).underline_color(Color::Reset).bold()
1:63-65 Style::new().fg(Color::Reset).bg(Color::Reset).underline_color(Color::Reset)
1:65-69 Style::new().fg(Color::Rgb(130, 133, 145)).bg(Color::Reset).underline_color(Color::Reset).bold()
1:69-71 Style::new().fg(Color::Reset).bg(Color::Reset).underline_color(Color::Reset)
1:71-77 Style::new().fg(Color::Rgb(130, 133, 145)).bg(Color::Reset).underline_color(Color::Reset).bold()
1:77-84 Style::new().fg(Color::Reset).bg(Color::Reset).underline_color(Color::Reset)
1:84-95 Style::new().fg(Color::Rgb(130, 133, 145)).bg(Color::Reset).underline_color(Color::Reset).bold()
1:95-96 Style::new().fg(Color::Rgb(106, 153, 255)).bg(Color::Reset).underline_color(Color::Reset)
2:0-96 Style::new().fg(Color::Rgb(72, 76, 92)).bg(Color::Reset).underline_color(Color::Reset)
3:0-1 Style::new().fg(Color::Rgb(106, 153, 255)).bg(Color::Reset).underline_color(Color::Reset)
3:1-5 Style::new().fg(Color::Reset).bg(Color::Rgb(72, 76, 92)).underline_color(Color::Reset)
3:5-15 Style::new().fg(Color::Rgb(106, 153, 255)).bg(Color::Rgb(72, 76, 92)).underline_color(Color::Reset).bold()
3:15-54 Style::new().fg(Color::Reset).bg(Color::Rgb(72, 76, 92)).underline_color(Color::Reset)
3:54-55 Style::new().fg(Color::Rgb(106, 153, 255)).bg(Color::Rgb(72, 76, 92)).underline_color(Color::Reset)
3:55-62 Style::new().fg(Color::Reset).bg(Color::Rgb(72, 76, 92)).underline_color(Color::Reset)
3:62-63 Style::new().fg(Color::Rgb(130, 133, 145)).bg(Color::Rgb(72, 76, 92)).underline_color(Color::Reset)
3:63-68 Style::new().fg(Color::Reset).bg(Color::Rgb(72, 76, 92)).underline_color(Color::Reset)
3:68-69 Style::new().fg(Color::Rgb(130, 133, 145)).bg(Color::Rgb(72, 76, 92)).underline_color(Color::Reset)
3:69-76 Style::new().fg(Color::Reset).bg(Color::Rgb(72, 76, 92)).underline_color(Color::Reset)
3:76-77 Style::new().fg(Color::Rgb(130, 133, 145)).bg(Color::Rgb(72, 76, 92)).underline_color(Color::Reset)
3:77-90 Style::new().fg(Color::Reset).bg(Color::Rgb(72, 76, 92)).underline_color(Color::Reset)
3:90-95 Style::new().fg(Color::Rgb(130, 133, 145)).bg(Color::Rgb(72, 76, 92)).underline_color(Color::Reset)
3:95-96 Style::new().fg(Color::Rgb(106, 153, 255)).bg(Color::Reset).underline_color(Color::Reset)
4:0-1 Style::new().fg(Color::Rgb(106, 153, 255)).bg(Color::Reset).underline_color(Color::Reset)
4:1-5 Style::new().fg(Color::Reset).bg(Color::Rgb(72, 76, 92)).underline_color(Color::Reset)
4:5-14 Style::new().fg(Color::Rgb(130, 133, 145)).bg(Color::Rgb(72, 76, 92)).underline_color(Color::Reset)
4:14-82 Style::new().fg(Color::Rgb(106, 153, 255)).bg(Color::Rgb(18, 18, 22)).underline_color(Color::Reset)
4:82-95 Style::new().fg(Color::Reset).bg(Color::Rgb(72, 76, 92)).underline_color(Color::Reset)
4:95-96 Style::new().fg(Color::Rgb(106, 153, 255)).bg(Color::Reset).underline_color(Color::Reset)
5:0-1 Style::new().fg(Color::Rgb(106, 153, 255)).bg(Color::Reset).underline_color(Color::Reset)
5:1-14 Style::new().fg(Color::Reset).bg(Color::Reset).underline_color(Color::Reset)
5:14-15 Style::new().fg(Color::Rgb(106, 153, 255)).bg(Color::Rgb(18, 18, 22)).underline_color(Color::Reset)
5:15-81 Style::new().fg(Color::Rgb(230, 230, 235)).bg(Color::Rgb(18, 18, 22)).underline_color(Color::Reset)
5:81-82 Style::new().fg(Color::Rgb(106, 153, 255)).bg(Color::Rgb(18, 18, 22)).underline_color(Color::Reset)
5:82-95 Style::new().fg(Color::Reset).bg(Color::Reset).underline_color(Color::Reset)
5:95-96 Style::new().fg(Color::Rgb(106, 153, 255)).bg(Color::Reset).underline_color(Color::Reset)
6:0-1 Style::new().fg(Color::Rgb(106, 153, 255)).bg(Color::Reset).underline_color(Color::Reset)
6:1-14 Style::new().fg(Color::Reset).bg(Color::Reset).underline_color(Color::Reset)
6:14-15 Style::new().fg(Color::Rgb(106, 153, 255)).bg(Color::Rgb(18, 18, 22)).underline_color(Color::Reset)
6:15-81 Style::new().fg(Color::Rgb(230, 230, 235)).bg(Color::Rgb(18, 18, 22)).underline_color(Color::Reset)
6:81-82 Style::new().fg(Color::Rgb(106, 153, 255)).bg(Color::Rgb(18, 18, 22)).underline_color(Color::Reset)
6:82-95 Style::new().fg(Color::Reset).bg(Color::Reset).underline_color(Color::Reset)
6:95-96 Style::new().fg(Color::Rgb(106, 153, 255)).bg(Color::Reset).underline_color(Color::Reset)
7:0-1 Style::new().fg(Color::Rgb(106, 153, 255)).bg(Color::Reset).underline_color(Color::Reset)
7:1-14 Style::new().fg(Color::Reset).bg(Color::Reset).underline_color(Color::Reset)
7:14-15 Style::new().fg(Color::Rgb(106, 153, 255)).bg(Color::Rgb(18, 18, 22)).underline_color(Color::Reset)
7:15-81 Style::new().fg(Color::Rgb(230, 230, 235)).bg(Color::Rgb(18, 18, 22)).underline_color(Color::Reset)
7:81-82 Style::new().fg(Color::Rgb(106, 153, 255)).bg(Color::Rgb(18, 18, 22)).underline_color(Color::Reset)
7:82-95 Style::new().fg(Color::Reset).bg(Color::Reset).underline_color(Color::Reset)
7:95-96 Style::new().fg(Color::Rgb(106, 153, 255)).bg(Color::Reset).underline_color(Color::Reset)
8:0-1 Style::new().fg(Color::Rgb(106, 153, 255)).bg(Color::Reset).underline_color(Color::Reset)
8:1-14 Style::new().fg(Color::Reset).bg(Color::Reset).underline_color(Color::Reset)
8:14-15 Style::new().fg(Color::Rgb(106, 153, 255)).bg(Color::Rgb(18, 18, 22)).underline_color(Color::Reset)
8:15-81 Style::new().fg(Color::Rgb(230, 230, 235)).bg(Color::Rgb(18, 18, 22)).underline_color(Color::Reset)
8:81-82 Style::new().fg(Color::Rgb(106, 153, 255)).bg(Color::Rgb(18, 18, 22)).underline_color(Color::Reset)
8:82-95 Style::new().fg(Color::Reset).bg(Color::Reset).underline_color(Color::Reset)
8:95-96 Style::new().fg(Color::Rgb(106, 153, 255)).bg(Color::Reset).underline_color(Color::Reset)
9:0-1 Style::new().fg(Color::Rgb(106, 153, 255)).bg(Color::Reset).underline_color(Color::Reset)
9:1-14 Style::new().fg(Color::Reset).bg(Color::Reset).underline_color(Color::Reset)
9:14-15 Style::new().fg(Color::Rgb(106, 153, 255)).bg(Color::Rgb(18, 18, 22)).underline_color(Color::Reset)
9:15-81 Style::new().fg(Color::Rgb(230, 230, 235)).bg(Color::Rgb(18, 18, 22)).underline_color(Color::Reset)
9:81-82 Style::new().fg(Color::Rgb(106, 153, 255)).bg(Color::Rgb(18, 18, 22)).underline_color(Color::Reset)
9:82-95 Style::new().fg(Color::Reset).bg(Color::Reset).underline_color(Color::Reset)
9:95-96 Style::new().fg(Color::Rgb(106, 153, 255)).bg(Color::Reset).underline_color(Color::Reset)
10:0-1 Style::new().fg(Color::Rgb(106, 153, 255)).bg(Color::Reset).underline_color(Color::Reset)
10:1-14 Style::new().fg(Color::Reset).bg(Color::Reset).underline_color(Color::Reset)
10:14-15 Style::new().fg(Color::Rgb(106, 153, 255)).bg(Color::Rgb(18, 18, 22)).underline_color(Color::Reset)
10:15-81 Style::new().fg(Color::Rgb(230, 230, 235)).bg(Color::Rgb(18, 18, 22)).underline_color(Color::Reset)
10:81-82 Style::new().fg(Color::Rgb(106, 153, 255)).bg(Color::Rgb(18, 18, 22)).underline_color(Color::Reset)
10:82-95 Style::new().fg(Color::Reset).bg(Color::Reset).underline_color(Color::Reset)
10:95-96 Style::new().fg(Color::Rgb(106, 153, 255)).bg(Color::Reset).underline_color(Color::Reset)
11:0-1 Style::new().fg(Color::Rgb(106, 153, 255)).bg(Color::Reset).underline_color(Color::Reset)
11:1-14 Style::new().fg(Color::Reset).bg(Color::Reset).underline_color(Color::Reset)
11:14-15 Style::new().fg(Color::Rgb(106, 153, 255)).bg(Color::Rgb(18, 18, 22)).underline_color(Color::Reset)
11:15-81 Style::new().fg(Color::Rgb(230, 230, 235)).bg(Color::Rgb(18, 18, 22)).underline_color(Color::Reset)
11:81-82 Style::new().fg(Color::Rgb(106, 153, 255)).bg(Color::Rgb(18, 18, 22)).underline_color(Color::Reset)
11:82-95 Style::new().fg(Color::Reset).bg(Color::Reset).underline_color(Color::Reset)
11:95-96 Style::new().fg(Color::Rgb(106, 153, 255)).bg(Color::Reset).underline_color(Color::Reset)
12:0-1 Style::new().fg(Color::Rgb(106, 153, 255)).bg(Color::Reset).underline_color(Color::Reset)
12:1-14 Style::new().fg(Color::Reset).bg(Color::Reset).underline_color(Color::Reset)
12:14-15 Style::new().fg(Color::Rgb(106, 153, 255)).bg(Color::Rgb(18, 18, 22)).underline_color(Color::Reset)
12:15-81 Style::new().fg(Color::Rgb(230, 230, 235)).bg(Color::Rgb(18, 18, 22)).underline_color(Color::Reset)
12:81-82 Style::new().fg(Color::Rgb(106, 153, 255)).bg(Color::Rgb(18, 18, 22)).underline_color(Color::Reset)
12:82-95 Style::new().fg(Color::Reset).bg(Color::Reset).underline_color(Color::Reset)
12:95-96 Style::new().fg(Color::Rgb(106, 153, 255)).bg(Color::Reset).underline_color(Color::Reset)
13:0-1 Style::new().fg(Color::Rgb(106, 153, 255)).bg(Color::Reset).underline_color(Color::Reset)
13:1-14 Style::new().fg(Color::Reset).bg(Color::Reset).underline_color(Color::Reset)
13:14-15 Style::new().fg(Color::Rgb(106, 153, 255)).bg(Color::Rgb(18, 18, 22)).underline_color(Color::Reset)
13:15-81 Style::new().fg(Color::Rgb(230, 230, 235)).bg(Color::Rgb(18, 18, 22)).underline_color(Color::Reset)
13:81-82 Style::new().fg(Color::Rgb(106, 153, 255)).bg(Color::Rgb(18, 18, 22)).underline_color(Color::Reset)
13:82-95 Style::new().fg(Color::Reset).bg(Color::Reset).underline_color(Color::Reset)
13:95-96 Style::new().fg(Color::Rgb(106, 153, 255)).bg(Color::Reset).underline_color(Color::Reset)
14:0-1 Style::new().fg(Color::Rgb(106, 153, 255)).bg(Color::Reset).underline_color(Color::Reset)
14:1-14 Style::new().fg(Color::Reset).bg(Color::Reset).underline_color(Color::Reset)
14:14-15 Style::new().fg(Color::Rgb(106, 153, 255)).bg(Color::Rgb(18, 18, 22)).underline_color(Color::Reset)
14:15-81 Style::new().fg(Color::Rgb(230, 230, 235)).bg(Color::Rgb(18, 18, 22)).underline_color(Color::Reset)
14:81-82 Style::new().fg(Color::Rgb(106, 153, 255)).bg(Color::Rgb(18, 18, 22)).underline_color(Color::Reset)
14:82-95 Style::new().fg(Color::Reset).bg(Color::Reset).underline_color(Color::Reset)
14:95-96 Style::new().fg(Color::Rgb(106, 153, 255)).bg(Color::Reset).underline_color(Color::Reset)
15:0-1 Style::new().fg(Color::Rgb(106, 153, 255)).bg(Color::Reset).underline_color(Color::Reset)
15:1-14 Style::new().fg(Color::Reset).bg(Color::Reset).underline_color(Color::Reset)
15:14-15 Style::new().fg(Color::Rgb(106, 153, 255)).bg(Color::Rgb(18, 18, 22)).underline_color(Color::Reset)
15:15-81 Style::new().fg(Color::Rgb(230, 230, 235)).bg(Color::Rgb(18, 18, 22)).underline_color(Color::Reset)
15:81-82 Style::new().fg(Color::Rgb(106, 153, 255)).bg(Color::Rgb(18, 18, 22)).underline_color(Color::Reset)
15:82-95 Style::new().fg(Color::Reset).bg(Color::Reset).underline_color(Color::Reset)
15:95-96 Style::new().fg(Color::Rgb(106, 153, 255)).bg(Color::Reset).underline_color(Color::Reset)
16:0-1 Style::new().fg(Color::Rgb(106, 153, 255)).bg(Color::Reset).underline_color(Color::Reset)
16:1-14 Style::new().fg(Color::Reset).bg(Color::Reset).underline_color(Color::Reset)
16:14-15 Style::new().fg(Color::Rgb(106, 153, 255)).bg(Color::Rgb(18, 18, 22)).underline_color(Color::Reset)
16:15-81 Style::new().fg(Color::Rgb(230, 230, 235)).bg(Color::Rgb(18, 18, 22)).underline_color(Color::Reset)
16:81-82 Style::new().fg(Color::Rgb(106, 153, 255)).bg(Color::Rgb(18, 18, 22)).underline_color(Color::Reset)
16:82-95 Style::new().fg(Color::Reset).bg(Color::Reset).underline_color(Color::Reset)
16:95-96 Style::new().fg(Color::Rgb(106, 153, 255)).bg(Color::Reset).underline_color(Color::Reset)
17:0-1 Style::new().fg(Color::Rgb(106, 153, 255)).bg(Color::Reset).underline_color(Color::Reset)
17:1-14 Style::new().fg(Color::Reset).bg(Color::Reset).underline_color(Color::Reset)
17:14-82 Style::new().fg(Color::Rgb(106, 153, 255)).bg(Color::Rgb(18, 18, 22)).underline_color(Color::Reset)
17:82-95 Style::new().fg(Color::Reset).bg(Color::Reset).underline_color(Color::Reset)
17:95-96 Style::new().fg(Color::Rgb(106, 153, 255)).bg(Color::Reset).underline_color(Color::Reset)
18:0-1 Style::new().fg(Color::Rgb(106, 153, 255)).bg(Color::Reset).underline_color(Color::Reset)
18:1-14 Style::new().fg(Color::Reset).bg(Color::Reset).underline_color(Color::Reset)
18:14-82 Style::new().fg(Color::Rgb(106, 153, 255)).bg(Color::Rgb(18, 18, 22)).underline_color(Color::Reset)
18:82-95 Style::new().fg(Color::Reset).bg(Color::Reset).underline_color(Color::Reset)
18:95-96 Style::new().fg(Color::Rgb(106, 153, 255)).bg(Color::Reset).underline_color(Color::Reset)
19:0-1 Style::new().fg(Color::Rgb(106, 153, 255)).bg(Color::Reset).underline_color(Color::Reset)
19:1-14 Style::new().fg(Color::Reset).bg(Color::Reset).underline_color(Color::Reset)
19:14-82 Style::new().fg(Color::Rgb(106, 153, 255)).bg(Color::Rgb(18, 18, 22)).underline_color(Color::Reset)
19:82-95 Style::new().fg(Color::Reset).bg(Color::Reset).underline_color(Color::Reset)
19:95-96 Style::new().fg(Color::Rgb(106, 153, 255)).bg(Color::Reset).underline_color(Color::Reset)
20:0-1 Style::new().fg(Color::Rgb(106, 153, 255)).bg(Color::Reset).underline_color(Color::Reset)
20:1-14 Style::new().fg(Color::Reset).bg(Color::Reset).underline_color(Color::Reset)
20:14-15 Style::new().fg(Color::Rgb(106, 153, 255)).bg(Color::Rgb(18, 18, 22)).underline_color(Color::Reset)
20:15-81 Style::new().fg(Color::Rgb(72, 76, 92)).bg(Color::Rgb(18, 18, 22)).underline_color(Color::Reset)
20:81-82 Style::new().fg(Color::Rgb(106, 153, 255)).bg(Color::Rgb(18, 18, 22)).underline_color(Color::Reset)
20:82-95 Style::new().fg(Color::Reset).bg(Color::Reset).underline_color(Color::Reset)
20:95-96 Style::new().fg(Color::Rgb(106, 153, 255)).bg(Color::Reset).underline_color(Color::Reset)
21:0-1 Style::new().fg(Color::Rgb(106, 153, 255)).bg(Color::Reset).underline_color(Color::Reset)
21:1-14 Style::new().fg(Color::Reset).bg(Color::Reset).underline_color(Color::Reset)
21:14-15 Style::new().fg(Color::Rgb(106, 153, 255)).bg(Color::Rgb(18, 18, 22)).underline_color(Color::Reset)
21:15-16 Style::new().fg(Color::Rgb(72, 76, 92)).bg(Color::Rgb(18, 18, 22)).underline_color(Color::Reset)
21:16-30 Style::new().fg(Color::Rgb(130, 133, 145)).bg(Color::Rgb(18, 18, 22)).underline_color(Color::Reset)
21:30-32 Style::new().fg(Color::Rgb(230, 230, 235)).bg(Color::Rgb(18, 18, 22)).underline_color(Color::Reset)
21:32-42 Style::new().fg(Color::Rgb(106, 153, 255)).bg(Color::Rgb(18, 18, 22)).underline_color(Color::Reset).bold()
21:42-80 Style::new().fg(Color::Rgb(230, 230, 235)).bg(Color::Rgb(18, 18, 22)).underline_color(Color::Reset)
21:80-81 Style::new().fg(Color::Rgb(72, 76, 92)).bg(Color::Rgb(18, 18, 22)).underline_color(Color::Reset)
21:81-82 Style::new().fg(Color::Rgb(106, 153, 255)).bg(Color::Rgb(18, 18, 22)).underline_color(Color::Reset)
21:82-95 Style::new().fg(Color::Reset).bg(Color::Reset).underline_color(Color::Reset)
21:95-96 Style::new().fg(Color::Rgb(106, 153, 255)).bg(Color::Reset).underline_color(Color::Reset)
22:0-1 Style::new().fg(Color::Rgb(106, 153, 255)).bg(Color::Reset).underline_color(Color::Reset)
22:1-14 Style::new().fg(Color::Reset).bg(Color::Reset).underline_color(Color::Reset)
22:14-15 Style::new().fg(Color::Rgb(106, 153, 255)).bg(Color::Rgb(18, 18, 22)).underline_color(Color::Reset)
22:15-81 Style::new().fg(Color::Rgb(72, 76, 92)).bg(Color::Rgb(18, 18, 22)).underline_color(Color::Reset)
22:81-82 Style::new().fg(Color::Rgb(106, 153, 255)).bg(Color::Rgb(18, 18, 22)).underline_color(Color::Reset)
22:82-95 Style::new().fg(Color::Reset).bg(Color::Reset).underline_color(Color::Reset)
22:95-96 Style::new().fg(Color::Rgb(106, 153, 255)).bg(Color::Reset).underline_color(Color::Reset)
23:0-1 Style::new().fg(Color::Rgb(106, 153, 255)).bg(Color::Reset).underline_color(Color::Reset)
23:1-14 Style::new().fg(Color::Reset).bg(Color::Reset).underline_color(Color::Reset)
23:14-82 Style::new().fg(Color::Rgb(106, 153, 255)).bg(Color::Rgb(18, 18, 22)).underline_color(Color::Reset)
23:82-95 Style::new().fg(Color::Reset).bg(Color::Reset).underline_color(Color::Reset)
23:95-96 Style::new().fg(Color::Rgb(106, 153, 255)).bg(Color::Reset).underline_color(Color::Reset)
24:0-1 Style::new().fg(Color::Rgb(106, 153, 255)).bg(Color::Reset).underline_color(Color::Reset)
24:1-95 Style::new().fg(Color::Reset).bg(Color::Reset).underline_color(Color::Reset)
24:95-96 Style::new().fg(Color::Rgb(106, 153, 255)).bg(Color::Reset).underline_color(Color::Reset)
25:0-1 Style::new().fg(Color::Rgb(106, 153, 255)).bg(Color::Reset).underline_color(Color::Reset)
25:1-95 Style::new().fg(Color::Reset).bg(Color::Reset).underline_color(Color::Reset)
25:95-96 Style::new().fg(Color::Rgb(106, 153, 255)).bg(Color::Reset).underline_color(Color::Reset)
26:0-96 Style::new().fg(Color::Rgb(106, 153, 255)).bg(Color::Reset).underline_color(Color::Reset)
27:0-96 Style::new().fg(Color::Rgb(230, 230, 235)).bg(Color::Rgb(72, 76, 92)).underline_color(Color::Reset)
